Copyright 1986-2022 Xilinx, Inc. All Rights Reserved. Copyright 2022-2024 Advanced Micro Devices, Inc. All Rights Reserved.
------------------------------------------------------------------------------------------------------------------------------------------------------------------------------------------------------------------------------------------
| Tool Version : Vivado v.2024.1 (win64) Build 5076996 Wed May 22 18:37:14 MDT 2024
| Date         : Mon Dec  1 14:46:16 2025
| Host         : LAPTOP-CEB4FDNH running 64-bit major release  (build 9200)
| Command      : report_bus_skew -warn_on_violation -file Digital_Spectrometer_from_Chirp_DDC_bus_skew_routed.rpt -pb Digital_Spectrometer_from_Chirp_DDC_bus_skew_routed.pb -rpx Digital_Spectrometer_from_Chirp_DDC_bus_skew_routed.rpx
| Design       : Digital_Spectrometer_from_Chirp_DDC
| Device       : 7z020-clg484
| Speed File   : -1  PRODUCTION 1.12 2019-11-22
| Design State : Routed
------------------------------------------------------------------------------------------------------------------------------------------------------------------------------------------------------------------------------------------

Bus Skew Report

No bus skew constraints

