Copyright 1986-2022 Xilinx, Inc. All Rights Reserved. Copyright 2022-2024 Advanced Micro Devices, Inc. All Rights Reserved.
---------------------------------------------------------------------------------------------------------------------------------------------------------------------------------------------------
| Tool Version : Vivado v.2024.1 (win64) Build 5076996 Wed May 22 18:37:14 MDT 2024
| Date         : Mon Dec  1 14:45:54 2025
| Host         : LAPTOP-CEB4FDNH running 64-bit major release  (build 9200)
| Command      : report_drc -file Digital_Spectrometer_from_Chirp_DDC_drc_routed.rpt -pb Digital_Spectrometer_from_Chirp_DDC_drc_routed.pb -rpx Digital_Spectrometer_from_Chirp_DDC_drc_routed.rpx
| Design       : Digital_Spectrometer_from_Chirp_DDC
| Device       : xc7z020clg484-1
| Speed File   : -1
| Design State : Fully Routed
---------------------------------------------------------------------------------------------------------------------------------------------------------------------------------------------------

Report DRC

Table of Contents
-----------------
1. REPORT SUMMARY
2. REPORT DETAILS

1. REPORT SUMMARY
-----------------
            Netlist: netlist
          Floorplan: design_1
      Design limits: <entire design considered>
           Ruledeck: default
             Max violations: <unlimited>
             Violations found: 99
+-----------+----------+----------------------------+------------+
| Rule      | Severity | Description                | Violations |
+-----------+----------+----------------------------+------------+
| CHECK-3   | Warning  | Report rule limit reached  | 2          |
| DPIP-1    | Warning  | Input pipelining           | 16         |
| DPOP-1    | Warning  | PREG Output pipelining     | 15         |
| DPOP-2    | Warning  | MREG Output pipelining     | 15         |
| RBOR-1    | Warning  | RAMB output registers      | 9          |
| REQP-1839 | Warning  | RAMB36 async control check | 20         |
| REQP-1840 | Warning  | RAMB18 async control check | 20         |
| RTSTAT-10 | Warning  | No routable loads          | 1          |
| ZPS7-1    | Warning  | PS7 block required         | 1          |
+-----------+----------+----------------------------+------------+

2. REPORT DETAILS
-----------------
CHECK-3#1 Warning
Report rule limit reached  
REQP-1839 rule limit reached: 20 violations have been found.
Related violations: <none>

CHECK-3#2 Warning
Report rule limit reached  
REQP-1840 rule limit reached: 20 violations have been found.
Related violations: <none>

DPIP-1#1 Warning
Input pipelining  
DSP u_DDC/Mixer_mul_temp input u_DDC/Mixer_mul_temp/A[29:0] is not pipelined. Pipelining DSP48 input will improve performance.
Related violations: <none>

DPIP-1#2 Warning
Input pipelining  
DSP u_DDC/Mixer_mul_temp input u_DDC/Mixer_mul_temp/B[17:0] is not pipelined. Pipelining DSP48 input will improve performance.
Related violations: <none>

DPIP-1#3 Warning
Input pipelining  
DSP u_DDC/u_LPF/Product10_mul_temp input u_DDC/u_LPF/Product10_mul_temp/A[29:0] is not pipelined. Pipelining DSP48 input will improve performance.
Related violations: <none>

DPIP-1#4 Warning
Input pipelining  
DSP u_DDC/u_LPF/Product11_mul_temp input u_DDC/u_LPF/Product11_mul_temp/A[29:0] is not pipelined. Pipelining DSP48 input will improve performance.
Related violations: <none>

DPIP-1#5 Warning
Input pipelining  
DSP u_DDC/u_LPF/Product12_mul_temp input u_DDC/u_LPF/Product12_mul_temp/A[29:0] is not pipelined. Pipelining DSP48 input will improve performance.
Related violations: <none>

DPIP-1#6 Warning
Input pipelining  
DSP u_DDC/u_LPF/Product13_mul_temp input u_DDC/u_LPF/Product13_mul_temp/A[29:0] is not pipelined. Pipelining DSP48 input will improve performance.
Related violations: <none>

DPIP-1#7 Warning
Input pipelining  
DSP u_DDC/u_LPF/Product14_mul_temp input u_DDC/u_LPF/Product14_mul_temp/A[29:0] is not pipelined. Pipelining DSP48 input will improve performance.
Related violations: <none>

DPIP-1#8 Warning
Input pipelining  
DSP u_DDC/u_LPF/Product1_mul_temp input u_DDC/u_LPF/Product1_mul_temp/A[29:0] is not pipelined. Pipelining DSP48 input will improve performance.
Related violations: <none>

DPIP-1#9 Warning
Input pipelining  
DSP u_DDC/u_LPF/Product2_mul_temp input u_DDC/u_LPF/Product2_mul_temp/A[29:0] is not pipelined. Pipelining DSP48 input will improve performance.
Related violations: <none>

DPIP-1#10 Warning
Input pipelining  
DSP u_DDC/u_LPF/Product3_mul_temp input u_DDC/u_LPF/Product3_mul_temp/A[29:0] is not pipelined. Pipelining DSP48 input will improve performance.
Related violations: <none>

DPIP-1#11 Warning
Input pipelining  
DSP u_DDC/u_LPF/Product4_mul_temp input u_DDC/u_LPF/Product4_mul_temp/A[29:0] is not pipelined. Pipelining DSP48 input will improve performance.
Related violations: <none>

DPIP-1#12 Warning
Input pipelining  
DSP u_DDC/u_LPF/Product5_mul_temp input u_DDC/u_LPF/Product5_mul_temp/A[29:0] is not pipelined. Pipelining DSP48 input will improve performance.
Related violations: <none>

DPIP-1#13 Warning
Input pipelining  
DSP u_DDC/u_LPF/Product6_mul_temp input u_DDC/u_LPF/Product6_mul_temp/A[29:0] is not pipelined. Pipelining DSP48 input will improve performance.
Related violations: <none>

DPIP-1#14 Warning
Input pipelining  
DSP u_DDC/u_LPF/Product7_mul_temp input u_DDC/u_LPF/Product7_mul_temp/A[29:0] is not pipelined. Pipelining DSP48 input will improve performance.
Related violations: <none>

DPIP-1#15 Warning
Input pipelining  
DSP u_DDC/u_LPF/Product8_mul_temp input u_DDC/u_LPF/Product8_mul_temp/A[29:0] is not pipelined. Pipelining DSP48 input will improve performance.
Related violations: <none>

DPIP-1#16 Warning
Input pipelining  
DSP u_DDC/u_LPF/Product9_mul_temp input u_DDC/u_LPF/Product9_mul_temp/A[29:0] is not pipelined. Pipelining DSP48 input will improve performance.
Related violations: <none>

DPOP-1#1 Warning
PREG Output pipelining  
DSP u_DDC/Mixer_mul_temp output u_DDC/Mixer_mul_temp/P[47:0] is not pipelined (PREG=0). Pipelining the DSP48 output will improve performance and often saves power so it is suggested whenever possible to fully pipeline this function.  If this DSP48 function was inferred, it is suggested to describe an additional register stage after this function.  If the DSP48 was instantiated in the design, it is suggested to set the PREG attribute to 1.
Related violations: <none>

DPOP-1#2 Warning
PREG Output pipelining  
DSP u_DDC/u_LPF/Product10_mul_temp output u_DDC/u_LPF/Product10_mul_temp/P[47:0] is not pipelined (PREG=0). Pipelining the DSP48 output will improve performance and often saves power so it is suggested whenever possible to fully pipeline this function.  If this DSP48 function was inferred, it is suggested to describe an additional register stage after this function.  If the DSP48 was instantiated in the design, it is suggested to set the PREG attribute to 1.
Related violations: <none>

DPOP-1#3 Warning
PREG Output pipelining  
DSP u_DDC/u_LPF/Product11_mul_temp output u_DDC/u_LPF/Product11_mul_temp/P[47:0] is not pipelined (PREG=0). Pipelining the DSP48 output will improve performance and often saves power so it is suggested whenever possible to fully pipeline this function.  If this DSP48 function was inferred, it is suggested to describe an additional register stage after this function.  If the DSP48 was instantiated in the design, it is suggested to set the PREG attribute to 1.
Related violations: <none>

DPOP-1#4 Warning
PREG Output pipelining  
DSP u_DDC/u_LPF/Product12_mul_temp output u_DDC/u_LPF/Product12_mul_temp/P[47:0] is not pipelined (PREG=0). Pipelining the DSP48 output will improve performance and often saves power so it is suggested whenever possible to fully pipeline this function.  If this DSP48 function was inferred, it is suggested to describe an additional register stage after this function.  If the DSP48 was instantiated in the design, it is suggested to set the PREG attribute to 1.
Related violations: <none>

DPOP-1#5 Warning
PREG Output pipelining  
DSP u_DDC/u_LPF/Product13_mul_temp output u_DDC/u_LPF/Product13_mul_temp/P[47:0] is not pipelined (PREG=0). Pipelining the DSP48 output will improve performance and often saves power so it is suggested whenever possible to fully pipeline this function.  If this DSP48 function was inferred, it is suggested to describe an additional register stage after this function.  If the DSP48 was instantiated in the design, it is suggested to set the PREG attribute to 1.
Related violations: <none>

DPOP-1#6 Warning
PREG Output pipelining  
DSP u_DDC/u_LPF/Product14_mul_temp output u_DDC/u_LPF/Product14_mul_temp/P[47:0] is not pipelined (PREG=0). Pipelining the DSP48 output will improve performance and often saves power so it is suggested whenever possible to fully pipeline this function.  If this DSP48 function was inferred, it is suggested to describe an additional register stage after this function.  If the DSP48 was instantiated in the design, it is suggested to set the PREG attribute to 1.
Related violations: <none>

DPOP-1#7 Warning
PREG Output pipelining  
DSP u_DDC/u_LPF/Product1_mul_temp output u_DDC/u_LPF/Product1_mul_temp/P[47:0] is not pipelined (PREG=0). Pipelining the DSP48 output will improve performance and often saves power so it is suggested whenever possible to fully pipeline this function.  If this DSP48 function was inferred, it is suggested to describe an additional register stage after this function.  If the DSP48 was instantiated in the design, it is suggested to set the PREG attribute to 1.
Related violations: <none>

DPOP-1#8 Warning
PREG Output pipelining  
DSP u_DDC/u_LPF/Product2_mul_temp output u_DDC/u_LPF/Product2_mul_temp/P[47:0] is not pipelined (PREG=0). Pipelining the DSP48 output will improve performance and often saves power so it is suggested whenever possible to fully pipeline this function.  If this DSP48 function was inferred, it is suggested to describe an additional register stage after this function.  If the DSP48 was instantiated in the design, it is suggested to set the PREG attribute to 1.
Related violations: <none>

DPOP-1#9 Warning
PREG Output pipelining  
DSP u_DDC/u_LPF/Product3_mul_temp output u_DDC/u_LPF/Product3_mul_temp/P[47:0] is not pipelined (PREG=0). Pipelining the DSP48 output will improve performance and often saves power so it is suggested whenever possible to fully pipeline this function.  If this DSP48 function was inferred, it is suggested to describe an additional register stage after this function.  If the DSP48 was instantiated in the design, it is suggested to set the PREG attribute to 1.
Related violations: <none>

DPOP-1#10 Warning
PREG Output pipelining  
DSP u_DDC/u_LPF/Product4_mul_temp output u_DDC/u_LPF/Product4_mul_temp/P[47:0] is not pipelined (PREG=0). Pipelining the DSP48 output will improve performance and often saves power so it is suggested whenever possible to fully pipeline this function.  If this DSP48 function was inferred, it is suggested to describe an additional register stage after this function.  If the DSP48 was instantiated in the design, it is suggested to set the PREG attribute to 1.
Related violations: <none>

DPOP-1#11 Warning
PREG Output pipelining  
DSP u_DDC/u_LPF/Product5_mul_temp output u_DDC/u_LPF/Product5_mul_temp/P[47:0] is not pipelined (PREG=0). Pipelining the DSP48 output will improve performance and often saves power so it is suggested whenever possible to fully pipeline this function.  If this DSP48 function was inferred, it is suggested to describe an additional register stage after this function.  If the DSP48 was instantiated in the design, it is suggested to set the PREG attribute to 1.
Related violations: <none>

DPOP-1#12 Warning
PREG Output pipelining  
DSP u_DDC/u_LPF/Product6_mul_temp output u_DDC/u_LPF/Product6_mul_temp/P[47:0] is not pipelined (PREG=0). Pipelining the DSP48 output will improve performance and often saves power so it is suggested whenever possible to fully pipeline this function.  If this DSP48 function was inferred, it is suggested to describe an additional register stage after this function.  If the DSP48 was instantiated in the design, it is suggested to set the PREG attribute to 1.
Related violations: <none>

DPOP-1#13 Warning
PREG Output pipelining  
DSP u_DDC/u_LPF/Product7_mul_temp output u_DDC/u_LPF/Product7_mul_temp/P[47:0] is not pipelined (PREG=0). Pipelining the DSP48 output will improve performance and often saves power so it is suggested whenever possible to fully pipeline this function.  If this DSP48 function was inferred, it is suggested to describe an additional register stage after this function.  If the DSP48 was instantiated in the design, it is suggested to set the PREG attribute to 1.
Related violations: <none>

DPOP-1#14 Warning
PREG Output pipelining  
DSP u_DDC/u_LPF/Product8_mul_temp output u_DDC/u_LPF/Product8_mul_temp/P[47:0] is not pipelined (PREG=0). Pipelining the DSP48 output will improve performance and often saves power so it is suggested whenever possible to fully pipeline this function.  If this DSP48 function was inferred, it is suggested to describe an additional register stage after this function.  If the DSP48 was instantiated in the design, it is suggested to set the PREG attribute to 1.
Related violations: <none>

DPOP-1#15 Warning
PREG Output pipelining  
DSP u_DDC/u_LPF/Product9_mul_temp output u_DDC/u_LPF/Product9_mul_temp/P[47:0] is not pipelined (PREG=0). Pipelining the DSP48 output will improve performance and often saves power so it is suggested whenever possible to fully pipeline this function.  If this DSP48 function was inferred, it is suggested to describe an additional register stage after this function.  If the DSP48 was instantiated in the design, it is suggested to set the PREG attribute to 1.
Related violations: <none>

DPOP-2#1 Warning
MREG Output pipelining  
DSP u_DDC/Mixer_mul_temp multiplier stage u_DDC/Mixer_mul_temp/P[47:0] is not pipelined (MREG=0). Pipelining the multiplier function will improve performance and will save significant power so it is suggested whenever possible to fully pipeline this function.  If this multiplier was inferred, it is suggested to describe an additional register stage after this function.  If there is no registered adder/accumulator following the multiply function, two pipeline stages are suggested to allow both the MREG and PREG registers to be used.  If the DSP48 was instantiated in the design, it is suggested to set both the MREG and PREG attributes to 1 when performing multiply functions.
Related violations: <none>

DPOP-2#2 Warning
MREG Output pipelining  
DSP u_DDC/u_LPF/Product10_mul_temp multiplier stage u_DDC/u_LPF/Product10_mul_temp/P[47:0] is not pipelined (MREG=0). Pipelining the multiplier function will improve performance and will save significant power so it is suggested whenever possible to fully pipeline this function.  If this multiplier was inferred, it is suggested to describe an additional register stage after this function.  If there is no registered adder/accumulator following the multiply function, two pipeline stages are suggested to allow both the MREG and PREG registers to be used.  If the DSP48 was instantiated in the design, it is suggested to set both the MREG and PREG attributes to 1 when performing multiply functions.
Related violations: <none>

DPOP-2#3 Warning
MREG Output pipelining  
DSP u_DDC/u_LPF/Product11_mul_temp multiplier stage u_DDC/u_LPF/Product11_mul_temp/P[47:0] is not pipelined (MREG=0). Pipelining the multiplier function will improve performance and will save significant power so it is suggested whenever possible to fully pipeline this function.  If this multiplier was inferred, it is suggested to describe an additional register stage after this function.  If there is no registered adder/accumulator following the multiply function, two pipeline stages are suggested to allow both the MREG and PREG registers to be used.  If the DSP48 was instantiated in the design, it is suggested to set both the MREG and PREG attributes to 1 when performing multiply functions.
Related violations: <none>

DPOP-2#4 Warning
MREG Output pipelining  
DSP u_DDC/u_LPF/Product12_mul_temp multiplier stage u_DDC/u_LPF/Product12_mul_temp/P[47:0] is not pipelined (MREG=0). Pipelining the multiplier function will improve performance and will save significant power so it is suggested whenever possible to fully pipeline this function.  If this multiplier was inferred, it is suggested to describe an additional register stage after this function.  If there is no registered adder/accumulator following the multiply function, two pipeline stages are suggested to allow both the MREG and PREG registers to be used.  If the DSP48 was instantiated in the design, it is suggested to set both the MREG and PREG attributes to 1 when performing multiply functions.
Related violations: <none>

DPOP-2#5 Warning
MREG Output pipelining  
DSP u_DDC/u_LPF/Product13_mul_temp multiplier stage u_DDC/u_LPF/Product13_mul_temp/P[47:0] is not pipelined (MREG=0). Pipelining the multiplier function will improve performance and will save significant power so it is suggested whenever possible to fully pipeline this function.  If this multiplier was inferred, it is suggested to describe an additional register stage after this function.  If there is no registered adder/accumulator following the multiply function, two pipeline stages are suggested to allow both the MREG and PREG registers to be used.  If the DSP48 was instantiated in the design, it is suggested to set both the MREG and PREG attributes to 1 when performing multiply functions.
Related violations: <none>

DPOP-2#6 Warning
MREG Output pipelining  
DSP u_DDC/u_LPF/Product14_mul_temp multiplier stage u_DDC/u_LPF/Product14_mul_temp/P[47:0] is not pipelined (MREG=0). Pipelining the multiplier function will improve performance and will save significant power so it is suggested whenever possible to fully pipeline this function.  If this multiplier was inferred, it is suggested to describe an additional register stage after this function.  If there is no registered adder/accumulator following the multiply function, two pipeline stages are suggested to allow both the MREG and PREG registers to be used.  If the DSP48 was instantiated in the design, it is suggested to set both the MREG and PREG attributes to 1 when performing multiply functions.
Related violations: <none>

DPOP-2#7 Warning
MREG Output pipelining  
DSP u_DDC/u_LPF/Product1_mul_temp multiplier stage u_DDC/u_LPF/Product1_mul_temp/P[47:0] is not pipelined (MREG=0). Pipelining the multiplier function will improve performance and will save significant power so it is suggested whenever possible to fully pipeline this function.  If this multiplier was inferred, it is suggested to describe an additional register stage after this function.  If there is no registered adder/accumulator following the multiply function, two pipeline stages are suggested to allow both the MREG and PREG registers to be used.  If the DSP48 was instantiated in the design, it is suggested to set both the MREG and PREG attributes to 1 when performing multiply functions.
Related violations: <none>

DPOP-2#8 Warning
MREG Output pipelining  
DSP u_DDC/u_LPF/Product2_mul_temp multiplier stage u_DDC/u_LPF/Product2_mul_temp/P[47:0] is not pipelined (MREG=0). Pipelining the multiplier function will improve performance and will save significant power so it is suggested whenever possible to fully pipeline this function.  If this multiplier was inferred, it is suggested to describe an additional register stage after this function.  If there is no registered adder/accumulator following the multiply function, two pipeline stages are suggested to allow both the MREG and PREG registers to be used.  If the DSP48 was instantiated in the design, it is suggested to set both the MREG and PREG attributes to 1 when performing multiply functions.
Related violations: <none>

DPOP-2#9 Warning
MREG Output pipelining  
DSP u_DDC/u_LPF/Product3_mul_temp multiplier stage u_DDC/u_LPF/Product3_mul_temp/P[47:0] is not pipelined (MREG=0). Pipelining the multiplier function will improve performance and will save significant power so it is suggested whenever possible to fully pipeline this function.  If this multiplier was inferred, it is suggested to describe an additional register stage after this function.  If there is no registered adder/accumulator following the multiply function, two pipeline stages are suggested to allow both the MREG and PREG registers to be used.  If the DSP48 was instantiated in the design, it is suggested to set both the MREG and PREG attributes to 1 when performing multiply functions.
Related violations: <none>

DPOP-2#10 Warning
MREG Output pipelining  
DSP u_DDC/u_LPF/Product4_mul_temp multiplier stage u_DDC/u_LPF/Product4_mul_temp/P[47:0] is not pipelined (MREG=0). Pipelining the multiplier function will improve performance and will save significant power so it is suggested whenever possible to fully pipeline this function.  If this multiplier was inferred, it is suggested to describe an additional register stage after this function.  If there is no registered adder/accumulator following the multiply function, two pipeline stages are suggested to allow both the MREG and PREG registers to be used.  If the DSP48 was instantiated in the design, it is suggested to set both the MREG and PREG attributes to 1 when performing multiply functions.
Related violations: <none>

DPOP-2#11 Warning
MREG Output pipelining  
DSP u_DDC/u_LPF/Product5_mul_temp multiplier stage u_DDC/u_LPF/Product5_mul_temp/P[47:0] is not pipelined (MREG=0). Pipelining the multiplier function will improve performance and will save significant power so it is suggested whenever possible to fully pipeline this function.  If this multiplier was inferred, it is suggested to describe an additional register stage after this function.  If there is no registered adder/accumulator following the multiply function, two pipeline stages are suggested to allow both the MREG and PREG registers to be used.  If the DSP48 was instantiated in the design, it is suggested to set both the MREG and PREG attributes to 1 when performing multiply functions.
Related violations: <none>

DPOP-2#12 Warning
MREG Output pipelining  
DSP u_DDC/u_LPF/Product6_mul_temp multiplier stage u_DDC/u_LPF/Product6_mul_temp/P[47:0] is not pipelined (MREG=0). Pipelining the multiplier function will improve performance and will save significant power so it is suggested whenever possible to fully pipeline this function.  If this multiplier was inferred, it is suggested to describe an additional register stage after this function.  If there is no registered adder/accumulator following the multiply function, two pipeline stages are suggested to allow both the MREG and PREG registers to be used.  If the DSP48 was instantiated in the design, it is suggested to set both the MREG and PREG attributes to 1 when performing multiply functions.
Related violations: <none>

DPOP-2#13 Warning
MREG Output pipelining  
DSP u_DDC/u_LPF/Product7_mul_temp multiplier stage u_DDC/u_LPF/Product7_mul_temp/P[47:0] is not pipelined (MREG=0). Pipelining the multiplier function will improve performance and will save significant power so it is suggested whenever possible to fully pipeline this function.  If this multiplier was inferred, it is suggested to describe an additional register stage after this function.  If there is no registered adder/accumulator following the multiply function, two pipeline stages are suggested to allow both the MREG and PREG registers to be used.  If the DSP48 was instantiated in the design, it is suggested to set both the MREG and PREG attributes to 1 when performing multiply functions.
Related violations: <none>

DPOP-2#14 Warning
MREG Output pipelining  
DSP u_DDC/u_LPF/Product8_mul_temp multiplier stage u_DDC/u_LPF/Product8_mul_temp/P[47:0] is not pipelined (MREG=0). Pipelining the multiplier function will improve performance and will save significant power so it is suggested whenever possible to fully pipeline this function.  If this multiplier was inferred, it is suggested to describe an additional register stage after this function.  If there is no registered adder/accumulator following the multiply function, two pipeline stages are suggested to allow both the MREG and PREG registers to be used.  If the DSP48 was instantiated in the design, it is suggested to set both the MREG and PREG attributes to 1 when performing multiply functions.
Related violations: <none>

DPOP-2#15 Warning
MREG Output pipelining  
DSP u_DDC/u_LPF/Product9_mul_temp multiplier stage u_DDC/u_LPF/Product9_mul_temp/P[47:0] is not pipelined (MREG=0). Pipelining the multiplier function will improve performance and will save significant power so it is suggested whenever possible to fully pipeline this function.  If this multiplier was inferred, it is suggested to describe an additional register stage after this function.  If there is no registered adder/accumulator following the multiply function, two pipeline stages are suggested to allow both the MREG and PREG registers to be used.  If the DSP48 was instantiated in the design, it is suggested to set both the MREG and PREG attributes to 1 when performing multiply functions.
Related violations: <none>

RBOR-1#1 Warning
RAMB output registers  
RAMB u_Digital_Spectrometer/u_512_pt_FFT/u_NaturalOrder_Stage/u_dataMEM_im_1/ram_reg output DOA (16) DOB (9) is connected to asynchronous registers, if you use synchronous controls you will get better results both in area and delay (RAMB has synchronous registers built in).
Related violations: <none>

RBOR-1#2 Warning
RAMB output registers  
RAMB u_Digital_Spectrometer/u_512_pt_FFT/u_NaturalOrder_Stage/u_dataMEM_re_1/ram_reg output DOA (16) DOB (9) is connected to asynchronous registers, if you use synchronous controls you will get better results both in area and delay (RAMB has synchronous registers built in).
Related violations: <none>

RBOR-1#3 Warning
RAMB output registers  
RAMB u_Digital_Spectrometer/u_512_pt_FFT/u_SDF1_1_1/u_dataMEM_re_0_1_generic/ram_reg output DOB (17) is connected to asynchronous registers, if you use synchronous controls you will get better results both in area and delay (RAMB has synchronous registers built in).
Related violations: <none>

RBOR-1#4 Warning
RAMB output registers  
RAMB u_Digital_Spectrometer/u_512_pt_FFT/u_SDF1_3_1/u_dataMEM_im_0_3/ram_reg output DOA (16) DOB (3) is connected to asynchronous registers, if you use synchronous controls you will get better results both in area and delay (RAMB has synchronous registers built in).
Related violations: <none>

RBOR-1#5 Warning
RAMB output registers  
RAMB u_Digital_Spectrometer/u_512_pt_FFT/u_SDF1_3_1/u_dataMEM_re_0_3/ram_reg output DOA (16) DOB (3) is connected to asynchronous registers, if you use synchronous controls you will get better results both in area and delay (RAMB has synchronous registers built in).
Related violations: <none>

RBOR-1#6 Warning
RAMB output registers  
RAMB u_Digital_Spectrometer/u_512_pt_FFT/u_SDF2_2_1/u_dataMEM_im_0_2/ram_reg output DOB (18) is connected to asynchronous registers, if you use synchronous controls you will get better results both in area and delay (RAMB has synchronous registers built in).
Related violations: <none>

RBOR-1#7 Warning
RAMB output registers  
RAMB u_Digital_Spectrometer/u_512_pt_FFT/u_SDF2_2_1/u_dataMEM_re_0_2/ram_reg output DOB (18) is connected to asynchronous registers, if you use synchronous controls you will get better results both in area and delay (RAMB has synchronous registers built in).
Related violations: <none>

RBOR-1#8 Warning
RAMB output registers  
RAMB u_Digital_Spectrometer/u_512_pt_FFT/u_SDF2_4_1/u_dataMEM_im_0_4/ram_reg output DOA (16) DOB (4) is connected to asynchronous registers, if you use synchronous controls you will get better results both in area and delay (RAMB has synchronous registers built in).
Related violations: <none>

RBOR-1#9 Warning
RAMB output registers  
RAMB u_Digital_Spectrometer/u_512_pt_FFT/u_SDF2_4_1/u_dataMEM_re_0_4/ram_reg output DOA (16) DOB (4) is connected to asynchronous registers, if you use synchronous controls you will get better results both in area and delay (RAMB has synchronous registers built in).
Related violations: <none>

REQP-1839#1 Warning
RAMB36 async control check  
The RAMB36E1 u_Digital_Spectrometer/u_Spectral_Averager/u_Simple_Dual_Port_RAM/ram_reg_0 has an input control pin u_Digital_Spectrometer/u_Spectral_Averager/u_Simple_Dual_Port_RAM/ram_reg_0/ADDRARDADDR[10] (net: u_Digital_Spectrometer/u_Spectral_Averager/u_Simple_Dual_Port_RAM/out[9]) which is driven by a register (u_Digital_Spectrometer/u_Spectral_Averager/Fast_Counter_out1_reg[9]) that has an active asychronous set or reset. This may cause corruption of the memory contents and/or read values when the set/reset is asserted and is not analyzed by the default static timing analysis. It is suggested to eliminate the use of a set/reset to registers driving this RAMB pin or else use a synchronous reset in which the assertion of the reset is timed by default.
Related violations: <none>

REQP-1839#2 Warning
RAMB36 async control check  
The RAMB36E1 u_Digital_Spectrometer/u_Spectral_Averager/u_Simple_Dual_Port_RAM/ram_reg_0 has an input control pin u_Digital_Spectrometer/u_Spectral_Averager/u_Simple_Dual_Port_RAM/ram_reg_0/ADDRARDADDR[11] (net: u_Digital_Spectrometer/u_Spectral_Averager/u_Simple_Dual_Port_RAM/out[10]) which is driven by a register (u_Digital_Spectrometer/u_Spectral_Averager/Fast_Counter_out1_reg[10]) that has an active asychronous set or reset. This may cause corruption of the memory contents and/or read values when the set/reset is asserted and is not analyzed by the default static timing analysis. It is suggested to eliminate the use of a set/reset to registers driving this RAMB pin or else use a synchronous reset in which the assertion of the reset is timed by default.
Related violations: <none>

REQP-1839#3 Warning
RAMB36 async control check  
The RAMB36E1 u_Digital_Spectrometer/u_Spectral_Averager/u_Simple_Dual_Port_RAM/ram_reg_0 has an input control pin u_Digital_Spectrometer/u_Spectral_Averager/u_Simple_Dual_Port_RAM/ram_reg_0/ADDRARDADDR[12] (net: u_Digital_Spectrometer/u_Spectral_Averager/u_Simple_Dual_Port_RAM/out[11]) which is driven by a register (u_Digital_Spectrometer/u_Spectral_Averager/Fast_Counter_out1_reg[11]) that has an active asychronous set or reset. This may cause corruption of the memory contents and/or read values when the set/reset is asserted and is not analyzed by the default static timing analysis. It is suggested to eliminate the use of a set/reset to registers driving this RAMB pin or else use a synchronous reset in which the assertion of the reset is timed by default.
Related violations: <none>

REQP-1839#4 Warning
RAMB36 async control check  
The RAMB36E1 u_Digital_Spectrometer/u_Spectral_Averager/u_Simple_Dual_Port_RAM/ram_reg_0 has an input control pin u_Digital_Spectrometer/u_Spectral_Averager/u_Simple_Dual_Port_RAM/ram_reg_0/ADDRARDADDR[13] (net: u_Digital_Spectrometer/u_Spectral_Averager/u_Simple_Dual_Port_RAM/out[12]) which is driven by a register (u_Digital_Spectrometer/u_Spectral_Averager/Fast_Counter_out1_reg[12]) that has an active asychronous set or reset. This may cause corruption of the memory contents and/or read values when the set/reset is asserted and is not analyzed by the default static timing analysis. It is suggested to eliminate the use of a set/reset to registers driving this RAMB pin or else use a synchronous reset in which the assertion of the reset is timed by default.
Related violations: <none>

REQP-1839#5 Warning
RAMB36 async control check  
The RAMB36E1 u_Digital_Spectrometer/u_Spectral_Averager/u_Simple_Dual_Port_RAM/ram_reg_0 has an input control pin u_Digital_Spectrometer/u_Spectral_Averager/u_Simple_Dual_Port_RAM/ram_reg_0/ADDRARDADDR[14] (net: u_Digital_Spectrometer/u_Spectral_Averager/u_Simple_Dual_Port_RAM/out[13]) which is driven by a register (u_Digital_Spectrometer/u_Spectral_Averager/Fast_Counter_out1_reg[13]) that has an active asychronous set or reset. This may cause corruption of the memory contents and/or read values when the set/reset is asserted and is not analyzed by the default static timing analysis. It is suggested to eliminate the use of a set/reset to registers driving this RAMB pin or else use a synchronous reset in which the assertion of the reset is timed by default.
Related violations: <none>

REQP-1839#6 Warning
RAMB36 async control check  
The RAMB36E1 u_Digital_Spectrometer/u_Spectral_Averager/u_Simple_Dual_Port_RAM/ram_reg_0 has an input control pin u_Digital_Spectrometer/u_Spectral_Averager/u_Simple_Dual_Port_RAM/ram_reg_0/ADDRARDADDR[1] (net: u_Digital_Spectrometer/u_Spectral_Averager/u_Simple_Dual_Port_RAM/out[0]) which is driven by a register (u_Digital_Spectrometer/u_Spectral_Averager/Fast_Counter_out1_reg[0]) that has an active asychronous set or reset. This may cause corruption of the memory contents and/or read values when the set/reset is asserted and is not analyzed by the default static timing analysis. It is suggested to eliminate the use of a set/reset to registers driving this RAMB pin or else use a synchronous reset in which the assertion of the reset is timed by default.
Related violations: <none>

REQP-1839#7 Warning
RAMB36 async control check  
The RAMB36E1 u_Digital_Spectrometer/u_Spectral_Averager/u_Simple_Dual_Port_RAM/ram_reg_0 has an input control pin u_Digital_Spectrometer/u_Spectral_Averager/u_Simple_Dual_Port_RAM/ram_reg_0/ADDRARDADDR[2] (net: u_Digital_Spectrometer/u_Spectral_Averager/u_Simple_Dual_Port_RAM/out[1]) which is driven by a register (u_Digital_Spectrometer/u_Spectral_Averager/Fast_Counter_out1_reg[1]) that has an active asychronous set or reset. This may cause corruption of the memory contents and/or read values when the set/reset is asserted and is not analyzed by the default static timing analysis. It is suggested to eliminate the use of a set/reset to registers driving this RAMB pin or else use a synchronous reset in which the assertion of the reset is timed by default.
Related violations: <none>

REQP-1839#8 Warning
RAMB36 async control check  
The RAMB36E1 u_Digital_Spectrometer/u_Spectral_Averager/u_Simple_Dual_Port_RAM/ram_reg_0 has an input control pin u_Digital_Spectrometer/u_Spectral_Averager/u_Simple_Dual_Port_RAM/ram_reg_0/ADDRARDADDR[3] (net: u_Digital_Spectrometer/u_Spectral_Averager/u_Simple_Dual_Port_RAM/out[2]) which is driven by a register (u_Digital_Spectrometer/u_Spectral_Averager/Fast_Counter_out1_reg[2]) that has an active asychronous set or reset. This may cause corruption of the memory contents and/or read values when the set/reset is asserted and is not analyzed by the default static timing analysis. It is suggested to eliminate the use of a set/reset to registers driving this RAMB pin or else use a synchronous reset in which the assertion of the reset is timed by default.
Related violations: <none>

REQP-1839#9 Warning
RAMB36 async control check  
The RAMB36E1 u_Digital_Spectrometer/u_Spectral_Averager/u_Simple_Dual_Port_RAM/ram_reg_0 has an input control pin u_Digital_Spectrometer/u_Spectral_Averager/u_Simple_Dual_Port_RAM/ram_reg_0/ADDRARDADDR[4] (net: u_Digital_Spectrometer/u_Spectral_Averager/u_Simple_Dual_Port_RAM/out[3]) which is driven by a register (u_Digital_Spectrometer/u_Spectral_Averager/Fast_Counter_out1_reg[3]) that has an active asychronous set or reset. This may cause corruption of the memory contents and/or read values when the set/reset is asserted and is not analyzed by the default static timing analysis. It is suggested to eliminate the use of a set/reset to registers driving this RAMB pin or else use a synchronous reset in which the assertion of the reset is timed by default.
Related violations: <none>

REQP-1839#10 Warning
RAMB36 async control check  
The RAMB36E1 u_Digital_Spectrometer/u_Spectral_Averager/u_Simple_Dual_Port_RAM/ram_reg_0 has an input control pin u_Digital_Spectrometer/u_Spectral_Averager/u_Simple_Dual_Port_RAM/ram_reg_0/ADDRARDADDR[5] (net: u_Digital_Spectrometer/u_Spectral_Averager/u_Simple_Dual_Port_RAM/out[4]) which is driven by a register (u_Digital_Spectrometer/u_Spectral_Averager/Fast_Counter_out1_reg[4]) that has an active asychronous set or reset. This may cause corruption of the memory contents and/or read values when the set/reset is asserted and is not analyzed by the default static timing analysis. It is suggested to eliminate the use of a set/reset to registers driving this RAMB pin or else use a synchronous reset in which the assertion of the reset is timed by default.
Related violations: <none>

REQP-1839#11 Warning
RAMB36 async control check  
The RAMB36E1 u_Digital_Spectrometer/u_Spectral_Averager/u_Simple_Dual_Port_RAM/ram_reg_0 has an input control pin u_Digital_Spectrometer/u_Spectral_Averager/u_Simple_Dual_Port_RAM/ram_reg_0/ADDRARDADDR[6] (net: u_Digital_Spectrometer/u_Spectral_Averager/u_Simple_Dual_Port_RAM/out[5]) which is driven by a register (u_Digital_Spectrometer/u_Spectral_Averager/Fast_Counter_out1_reg[5]) that has an active asychronous set or reset. This may cause corruption of the memory contents and/or read values when the set/reset is asserted and is not analyzed by the default static timing analysis. It is suggested to eliminate the use of a set/reset to registers driving this RAMB pin or else use a synchronous reset in which the assertion of the reset is timed by default.
Related violations: <none>

REQP-1839#12 Warning
RAMB36 async control check  
The RAMB36E1 u_Digital_Spectrometer/u_Spectral_Averager/u_Simple_Dual_Port_RAM/ram_reg_0 has an input control pin u_Digital_Spectrometer/u_Spectral_Averager/u_Simple_Dual_Port_RAM/ram_reg_0/ADDRARDADDR[7] (net: u_Digital_Spectrometer/u_Spectral_Averager/u_Simple_Dual_Port_RAM/out[6]) which is driven by a register (u_Digital_Spectrometer/u_Spectral_Averager/Fast_Counter_out1_reg[6]) that has an active asychronous set or reset. This may cause corruption of the memory contents and/or read values when the set/reset is asserted and is not analyzed by the default static timing analysis. It is suggested to eliminate the use of a set/reset to registers driving this RAMB pin or else use a synchronous reset in which the assertion of the reset is timed by default.
Related violations: <none>

REQP-1839#13 Warning
RAMB36 async control check  
The RAMB36E1 u_Digital_Spectrometer/u_Spectral_Averager/u_Simple_Dual_Port_RAM/ram_reg_0 has an input control pin u_Digital_Spectrometer/u_Spectral_Averager/u_Simple_Dual_Port_RAM/ram_reg_0/ADDRARDADDR[8] (net: u_Digital_Spectrometer/u_Spectral_Averager/u_Simple_Dual_Port_RAM/out[7]) which is driven by a register (u_Digital_Spectrometer/u_Spectral_Averager/Fast_Counter_out1_reg[7]) that has an active asychronous set or reset. This may cause corruption of the memory contents and/or read values when the set/reset is asserted and is not analyzed by the default static timing analysis. It is suggested to eliminate the use of a set/reset to registers driving this RAMB pin or else use a synchronous reset in which the assertion of the reset is timed by default.
Related violations: <none>

REQP-1839#14 Warning
RAMB36 async control check  
The RAMB36E1 u_Digital_Spectrometer/u_Spectral_Averager/u_Simple_Dual_Port_RAM/ram_reg_0 has an input control pin u_Digital_Spectrometer/u_Spectral_Averager/u_Simple_Dual_Port_RAM/ram_reg_0/ADDRARDADDR[9] (net: u_Digital_Spectrometer/u_Spectral_Averager/u_Simple_Dual_Port_RAM/out[8]) which is driven by a register (u_Digital_Spectrometer/u_Spectral_Averager/Fast_Counter_out1_reg[8]) that has an active asychronous set or reset. This may cause corruption of the memory contents and/or read values when the set/reset is asserted and is not analyzed by the default static timing analysis. It is suggested to eliminate the use of a set/reset to registers driving this RAMB pin or else use a synchronous reset in which the assertion of the reset is timed by default.
Related violations: <none>

REQP-1839#15 Warning
RAMB36 async control check  
The RAMB36E1 u_Digital_Spectrometer/u_Spectral_Averager/u_Simple_Dual_Port_RAM/ram_reg_0 has an input control pin u_Digital_Spectrometer/u_Spectral_Averager/u_Simple_Dual_Port_RAM/ram_reg_0/ADDRBWRADDR[10] (net: u_Digital_Spectrometer/u_Spectral_Averager/u_Simple_Dual_Port_RAM/rd_addr[9]) which is driven by a register (Delay_reg_reg[13311][9]) that has an active asychronous set or reset. This may cause corruption of the memory contents and/or read values when the set/reset is asserted and is not analyzed by the default static timing analysis. It is suggested to eliminate the use of a set/reset to registers driving this RAMB pin or else use a synchronous reset in which the assertion of the reset is timed by default.
Related violations: <none>

REQP-1839#16 Warning
RAMB36 async control check  
The RAMB36E1 u_Digital_Spectrometer/u_Spectral_Averager/u_Simple_Dual_Port_RAM/ram_reg_0 has an input control pin u_Digital_Spectrometer/u_Spectral_Averager/u_Simple_Dual_Port_RAM/ram_reg_0/ADDRBWRADDR[11] (net: u_Digital_Spectrometer/u_Spectral_Averager/u_Simple_Dual_Port_RAM/rd_addr[10]) which is driven by a register (Delay_reg_reg[13311][10]) that has an active asychronous set or reset. This may cause corruption of the memory contents and/or read values when the set/reset is asserted and is not analyzed by the default static timing analysis. It is suggested to eliminate the use of a set/reset to registers driving this RAMB pin or else use a synchronous reset in which the assertion of the reset is timed by default.
Related violations: <none>

REQP-1839#17 Warning
RAMB36 async control check  
The RAMB36E1 u_Digital_Spectrometer/u_Spectral_Averager/u_Simple_Dual_Port_RAM/ram_reg_0 has an input control pin u_Digital_Spectrometer/u_Spectral_Averager/u_Simple_Dual_Port_RAM/ram_reg_0/ADDRBWRADDR[12] (net: u_Digital_Spectrometer/u_Spectral_Averager/u_Simple_Dual_Port_RAM/rd_addr[11]) which is driven by a register (Delay_reg_reg[13311][11]) that has an active asychronous set or reset. This may cause corruption of the memory contents and/or read values when the set/reset is asserted and is not analyzed by the default static timing analysis. It is suggested to eliminate the use of a set/reset to registers driving this RAMB pin or else use a synchronous reset in which the assertion of the reset is timed by default.
Related violations: <none>

REQP-1839#18 Warning
RAMB36 async control check  
The RAMB36E1 u_Digital_Spectrometer/u_Spectral_Averager/u_Simple_Dual_Port_RAM/ram_reg_0 has an input control pin u_Digital_Spectrometer/u_Spectral_Averager/u_Simple_Dual_Port_RAM/ram_reg_0/ADDRBWRADDR[13] (net: u_Digital_Spectrometer/u_Spectral_Averager/u_Simple_Dual_Port_RAM/rd_addr[12]) which is driven by a register (Delay_reg_reg[13311][12]) that has an active asychronous set or reset. This may cause corruption of the memory contents and/or read values when the set/reset is asserted and is not analyzed by the default static timing analysis. It is suggested to eliminate the use of a set/reset to registers driving this RAMB pin or else use a synchronous reset in which the assertion of the reset is timed by default.
Related violations: <none>

REQP-1839#19 Warning
RAMB36 async control check  
The RAMB36E1 u_Digital_Spectrometer/u_Spectral_Averager/u_Simple_Dual_Port_RAM/ram_reg_0 has an input control pin u_Digital_Spectrometer/u_Spectral_Averager/u_Simple_Dual_Port_RAM/ram_reg_0/ADDRBWRADDR[14] (net: u_Digital_Spectrometer/u_Spectral_Averager/u_Simple_Dual_Port_RAM/rd_addr[13]) which is driven by a register (Delay_reg_reg[13311][13]) that has an active asychronous set or reset. This may cause corruption of the memory contents and/or read values when the set/reset is asserted and is not analyzed by the default static timing analysis. It is suggested to eliminate the use of a set/reset to registers driving this RAMB pin or else use a synchronous reset in which the assertion of the reset is timed by default.
Related violations: <none>

REQP-1839#20 Warning
RAMB36 async control check  
The RAMB36E1 u_Digital_Spectrometer/u_Spectral_Averager/u_Simple_Dual_Port_RAM/ram_reg_0 has an input control pin u_Digital_Spectrometer/u_Spectral_Averager/u_Simple_Dual_Port_RAM/ram_reg_0/ADDRBWRADDR[9] (net: u_Digital_Spectrometer/u_Spectral_Averager/u_Simple_Dual_Port_RAM/rd_addr[8]) which is driven by a register (Delay_reg_reg[13311][8]) that has an active asychronous set or reset. This may cause corruption of the memory contents and/or read values when the set/reset is asserted and is not analyzed by the default static timing analysis. It is suggested to eliminate the use of a set/reset to registers driving this RAMB pin or else use a synchronous reset in which the assertion of the reset is timed by default.
Related violations: <none>

REQP-1840#1 Warning
RAMB18 async control check  
The RAMB18E1 u_Digital_Spectrometer/u_512_pt_FFT/u_NaturalOrder_Stage/u_dataMEM_im_1/ram_reg has an input control pin u_Digital_Spectrometer/u_512_pt_FFT/u_NaturalOrder_Stage/u_dataMEM_im_1/ram_reg/ADDRARDADDR[10] (net: u_Digital_Spectrometer/u_512_pt_FFT/u_NaturalOrder_Stage/u_dataMEM_im_1/ADDRARDADDR[5]) which is driven by a register (u_Digital_Spectrometer/u_512_pt_FFT/u_NaturalOrder_Stage/FSM_sequential_rdStateMachineBitNatural_rdState_reg[0]) that has an active asychronous set or reset. This may cause corruption of the memory contents and/or read values when the set/reset is asserted and is not analyzed by the default static timing analysis. It is suggested to eliminate the use of a set/reset to registers driving this RAMB pin or else use a synchronous reset in which the assertion of the reset is timed by default.
Related violations: <none>

REQP-1840#2 Warning
RAMB18 async control check  
The RAMB18E1 u_Digital_Spectrometer/u_512_pt_FFT/u_NaturalOrder_Stage/u_dataMEM_im_1/ram_reg has an input control pin u_Digital_Spectrometer/u_512_pt_FFT/u_NaturalOrder_Stage/u_dataMEM_im_1/ram_reg/ADDRARDADDR[10] (net: u_Digital_Spectrometer/u_512_pt_FFT/u_NaturalOrder_Stage/u_dataMEM_im_1/ADDRARDADDR[5]) which is driven by a register (u_Digital_Spectrometer/u_512_pt_FFT/u_NaturalOrder_Stage/FSM_sequential_rdStateMachineBitNatural_rdState_reg[1]) that has an active asychronous set or reset. This may cause corruption of the memory contents and/or read values when the set/reset is asserted and is not analyzed by the default static timing analysis. It is suggested to eliminate the use of a set/reset to registers driving this RAMB pin or else use a synchronous reset in which the assertion of the reset is timed by default.
Related violations: <none>

REQP-1840#3 Warning
RAMB18 async control check  
The RAMB18E1 u_Digital_Spectrometer/u_512_pt_FFT/u_NaturalOrder_Stage/u_dataMEM_im_1/ram_reg has an input control pin u_Digital_Spectrometer/u_512_pt_FFT/u_NaturalOrder_Stage/u_dataMEM_im_1/ram_reg/ADDRARDADDR[10] (net: u_Digital_Spectrometer/u_512_pt_FFT/u_NaturalOrder_Stage/u_dataMEM_im_1/ADDRARDADDR[5]) which is driven by a register (u_Digital_Spectrometer/u_512_pt_FFT/u_NaturalOrder_Stage/rdStateMachineBitNatural_rdAddrCnt_reg[3]) that has an active asychronous set or reset. This may cause corruption of the memory contents and/or read values when the set/reset is asserted and is not analyzed by the default static timing analysis. It is suggested to eliminate the use of a set/reset to registers driving this RAMB pin or else use a synchronous reset in which the assertion of the reset is timed by default.
Related violations: <none>

REQP-1840#4 Warning
RAMB18 async control check  
The RAMB18E1 u_Digital_Spectrometer/u_512_pt_FFT/u_NaturalOrder_Stage/u_dataMEM_im_1/ram_reg has an input control pin u_Digital_Spectrometer/u_512_pt_FFT/u_NaturalOrder_Stage/u_dataMEM_im_1/ram_reg/ADDRARDADDR[10] (net: u_Digital_Spectrometer/u_512_pt_FFT/u_NaturalOrder_Stage/u_dataMEM_im_1/ADDRARDADDR[5]) which is driven by a register (u_Digital_Spectrometer/u_512_pt_FFT/u_NaturalOrder_Stage/rdStateMachineBitNatural_rdAddrCnt_reg[5]) that has an active asychronous set or reset. This may cause corruption of the memory contents and/or read values when the set/reset is asserted and is not analyzed by the default static timing analysis. It is suggested to eliminate the use of a set/reset to registers driving this RAMB pin or else use a synchronous reset in which the assertion of the reset is timed by default.
Related violations: <none>

REQP-1840#5 Warning
RAMB18 async control check  
The RAMB18E1 u_Digital_Spectrometer/u_512_pt_FFT/u_NaturalOrder_Stage/u_dataMEM_im_1/ram_reg has an input control pin u_Digital_Spectrometer/u_512_pt_FFT/u_NaturalOrder_Stage/u_dataMEM_im_1/ram_reg/ADDRARDADDR[11] (net: u_Digital_Spectrometer/u_512_pt_FFT/u_NaturalOrder_Stage/u_dataMEM_im_1/ADDRARDADDR[6]) which is driven by a register (u_Digital_Spectrometer/u_512_pt_FFT/u_NaturalOrder_Stage/FSM_sequential_rdStateMachineBitNatural_rdState_reg[0]) that has an active asychronous set or reset. This may cause corruption of the memory contents and/or read values when the set/reset is asserted and is not analyzed by the default static timing analysis. It is suggested to eliminate the use of a set/reset to registers driving this RAMB pin or else use a synchronous reset in which the assertion of the reset is timed by default.
Related violations: <none>

REQP-1840#6 Warning
RAMB18 async control check  
The RAMB18E1 u_Digital_Spectrometer/u_512_pt_FFT/u_NaturalOrder_Stage/u_dataMEM_im_1/ram_reg has an input control pin u_Digital_Spectrometer/u_512_pt_FFT/u_NaturalOrder_Stage/u_dataMEM_im_1/ram_reg/ADDRARDADDR[11] (net: u_Digital_Spectrometer/u_512_pt_FFT/u_NaturalOrder_Stage/u_dataMEM_im_1/ADDRARDADDR[6]) which is driven by a register (u_Digital_Spectrometer/u_512_pt_FFT/u_NaturalOrder_Stage/FSM_sequential_rdStateMachineBitNatural_rdState_reg[1]) that has an active asychronous set or reset. This may cause corruption of the memory contents and/or read values when the set/reset is asserted and is not analyzed by the default static timing analysis. It is suggested to eliminate the use of a set/reset to registers driving this RAMB pin or else use a synchronous reset in which the assertion of the reset is timed by default.
Related violations: <none>

REQP-1840#7 Warning
RAMB18 async control check  
The RAMB18E1 u_Digital_Spectrometer/u_512_pt_FFT/u_NaturalOrder_Stage/u_dataMEM_im_1/ram_reg has an input control pin u_Digital_Spectrometer/u_512_pt_FFT/u_NaturalOrder_Stage/u_dataMEM_im_1/ram_reg/ADDRARDADDR[11] (net: u_Digital_Spectrometer/u_512_pt_FFT/u_NaturalOrder_Stage/u_dataMEM_im_1/ADDRARDADDR[6]) which is driven by a register (u_Digital_Spectrometer/u_512_pt_FFT/u_NaturalOrder_Stage/rdStateMachineBitNatural_rdAddrCnt_reg[2]) that has an active asychronous set or reset. This may cause corruption of the memory contents and/or read values when the set/reset is asserted and is not analyzed by the default static timing analysis. It is suggested to eliminate the use of a set/reset to registers driving this RAMB pin or else use a synchronous reset in which the assertion of the reset is timed by default.
Related violations: <none>

REQP-1840#8 Warning
RAMB18 async control check  
The RAMB18E1 u_Digital_Spectrometer/u_512_pt_FFT/u_NaturalOrder_Stage/u_dataMEM_im_1/ram_reg has an input control pin u_Digital_Spectrometer/u_512_pt_FFT/u_NaturalOrder_Stage/u_dataMEM_im_1/ram_reg/ADDRARDADDR[11] (net: u_Digital_Spectrometer/u_512_pt_FFT/u_NaturalOrder_Stage/u_dataMEM_im_1/ADDRARDADDR[6]) which is driven by a register (u_Digital_Spectrometer/u_512_pt_FFT/u_NaturalOrder_Stage/rdStateMachineBitNatural_rdAddrCnt_reg[6]) that has an active asychronous set or reset. This may cause corruption of the memory contents and/or read values when the set/reset is asserted and is not analyzed by the default static timing analysis. It is suggested to eliminate the use of a set/reset to registers driving this RAMB pin or else use a synchronous reset in which the assertion of the reset is timed by default.
Related violations: <none>

REQP-1840#9 Warning
RAMB18 async control check  
The RAMB18E1 u_Digital_Spectrometer/u_512_pt_FFT/u_NaturalOrder_Stage/u_dataMEM_im_1/ram_reg has an input control pin u_Digital_Spectrometer/u_512_pt_FFT/u_NaturalOrder_Stage/u_dataMEM_im_1/ram_reg/ADDRARDADDR[12] (net: u_Digital_Spectrometer/u_512_pt_FFT/u_NaturalOrder_Stage/u_dataMEM_im_1/ADDRARDADDR[7]) which is driven by a register (u_Digital_Spectrometer/u_512_pt_FFT/u_NaturalOrder_Stage/FSM_sequential_rdStateMachineBitNatural_rdState_reg[0]) that has an active asychronous set or reset. This may cause corruption of the memory contents and/or read values when the set/reset is asserted and is not analyzed by the default static timing analysis. It is suggested to eliminate the use of a set/reset to registers driving this RAMB pin or else use a synchronous reset in which the assertion of the reset is timed by default.
Related violations: <none>

REQP-1840#10 Warning
RAMB18 async control check  
The RAMB18E1 u_Digital_Spectrometer/u_512_pt_FFT/u_NaturalOrder_Stage/u_dataMEM_im_1/ram_reg has an input control pin u_Digital_Spectrometer/u_512_pt_FFT/u_NaturalOrder_Stage/u_dataMEM_im_1/ram_reg/ADDRARDADDR[12] (net: u_Digital_Spectrometer/u_512_pt_FFT/u_NaturalOrder_Stage/u_dataMEM_im_1/ADDRARDADDR[7]) which is driven by a register (u_Digital_Spectrometer/u_512_pt_FFT/u_NaturalOrder_Stage/FSM_sequential_rdStateMachineBitNatural_rdState_reg[1]) that has an active asychronous set or reset. This may cause corruption of the memory contents and/or read values when the set/reset is asserted and is not analyzed by the default static timing analysis. It is suggested to eliminate the use of a set/reset to registers driving this RAMB pin or else use a synchronous reset in which the assertion of the reset is timed by default.
Related violations: <none>

REQP-1840#11 Warning
RAMB18 async control check  
The RAMB18E1 u_Digital_Spectrometer/u_512_pt_FFT/u_NaturalOrder_Stage/u_dataMEM_im_1/ram_reg has an input control pin u_Digital_Spectrometer/u_512_pt_FFT/u_NaturalOrder_Stage/u_dataMEM_im_1/ram_reg/ADDRARDADDR[12] (net: u_Digital_Spectrometer/u_512_pt_FFT/u_NaturalOrder_Stage/u_dataMEM_im_1/ADDRARDADDR[7]) which is driven by a register (u_Digital_Spectrometer/u_512_pt_FFT/u_NaturalOrder_Stage/rdStateMachineBitNatural_rdAddrCnt_reg[1]) that has an active asychronous set or reset. This may cause corruption of the memory contents and/or read values when the set/reset is asserted and is not analyzed by the default static timing analysis. It is suggested to eliminate the use of a set/reset to registers driving this RAMB pin or else use a synchronous reset in which the assertion of the reset is timed by default.
Related violations: <none>

REQP-1840#12 Warning
RAMB18 async control check  
The RAMB18E1 u_Digital_Spectrometer/u_512_pt_FFT/u_NaturalOrder_Stage/u_dataMEM_im_1/ram_reg has an input control pin u_Digital_Spectrometer/u_512_pt_FFT/u_NaturalOrder_Stage/u_dataMEM_im_1/ram_reg/ADDRARDADDR[12] (net: u_Digital_Spectrometer/u_512_pt_FFT/u_NaturalOrder_Stage/u_dataMEM_im_1/ADDRARDADDR[7]) which is driven by a register (u_Digital_Spectrometer/u_512_pt_FFT/u_NaturalOrder_Stage/rdStateMachineBitNatural_rdAddrCnt_reg[7]) that has an active asychronous set or reset. This may cause corruption of the memory contents and/or read values when the set/reset is asserted and is not analyzed by the default static timing analysis. It is suggested to eliminate the use of a set/reset to registers driving this RAMB pin or else use a synchronous reset in which the assertion of the reset is timed by default.
Related violations: <none>

REQP-1840#13 Warning
RAMB18 async control check  
The RAMB18E1 u_Digital_Spectrometer/u_512_pt_FFT/u_NaturalOrder_Stage/u_dataMEM_im_1/ram_reg has an input control pin u_Digital_Spectrometer/u_512_pt_FFT/u_NaturalOrder_Stage/u_dataMEM_im_1/ram_reg/ADDRARDADDR[13] (net: u_Digital_Spectrometer/u_512_pt_FFT/u_NaturalOrder_Stage/u_dataMEM_im_1/ADDRARDADDR[8]) which is driven by a register (u_Digital_Spectrometer/u_512_pt_FFT/u_NaturalOrder_Stage/FSM_sequential_rdStateMachineBitNatural_rdState_reg[0]) that has an active asychronous set or reset. This may cause corruption of the memory contents and/or read values when the set/reset is asserted and is not analyzed by the default static timing analysis. It is suggested to eliminate the use of a set/reset to registers driving this RAMB pin or else use a synchronous reset in which the assertion of the reset is timed by default.
Related violations: <none>

REQP-1840#14 Warning
RAMB18 async control check  
The RAMB18E1 u_Digital_Spectrometer/u_512_pt_FFT/u_NaturalOrder_Stage/u_dataMEM_im_1/ram_reg has an input control pin u_Digital_Spectrometer/u_512_pt_FFT/u_NaturalOrder_Stage/u_dataMEM_im_1/ram_reg/ADDRARDADDR[13] (net: u_Digital_Spectrometer/u_512_pt_FFT/u_NaturalOrder_Stage/u_dataMEM_im_1/ADDRARDADDR[8]) which is driven by a register (u_Digital_Spectrometer/u_512_pt_FFT/u_NaturalOrder_Stage/FSM_sequential_rdStateMachineBitNatural_rdState_reg[1]) that has an active asychronous set or reset. This may cause corruption of the memory contents and/or read values when the set/reset is asserted and is not analyzed by the default static timing analysis. It is suggested to eliminate the use of a set/reset to registers driving this RAMB pin or else use a synchronous reset in which the assertion of the reset is timed by default.
Related violations: <none>

REQP-1840#15 Warning
RAMB18 async control check  
The RAMB18E1 u_Digital_Spectrometer/u_512_pt_FFT/u_NaturalOrder_Stage/u_dataMEM_im_1/ram_reg has an input control pin u_Digital_Spectrometer/u_512_pt_FFT/u_NaturalOrder_Stage/u_dataMEM_im_1/ram_reg/ADDRARDADDR[13] (net: u_Digital_Spectrometer/u_512_pt_FFT/u_NaturalOrder_Stage/u_dataMEM_im_1/ADDRARDADDR[8]) which is driven by a register (u_Digital_Spectrometer/u_512_pt_FFT/u_NaturalOrder_Stage/rdStateMachineBitNatural_rdAddrCnt_reg[0]) that has an active asychronous set or reset. This may cause corruption of the memory contents and/or read values when the set/reset is asserted and is not analyzed by the default static timing analysis. It is suggested to eliminate the use of a set/reset to registers driving this RAMB pin or else use a synchronous reset in which the assertion of the reset is timed by default.
Related violations: <none>

REQP-1840#16 Warning
RAMB18 async control check  
The RAMB18E1 u_Digital_Spectrometer/u_512_pt_FFT/u_NaturalOrder_Stage/u_dataMEM_im_1/ram_reg has an input control pin u_Digital_Spectrometer/u_512_pt_FFT/u_NaturalOrder_Stage/u_dataMEM_im_1/ram_reg/ADDRARDADDR[13] (net: u_Digital_Spectrometer/u_512_pt_FFT/u_NaturalOrder_Stage/u_dataMEM_im_1/ADDRARDADDR[8]) which is driven by a register (u_Digital_Spectrometer/u_512_pt_FFT/u_NaturalOrder_Stage/rdStateMachineBitNatural_rdAddrCnt_reg[8]) that has an active asychronous set or reset. This may cause corruption of the memory contents and/or read values when the set/reset is asserted and is not analyzed by the default static timing analysis. It is suggested to eliminate the use of a set/reset to registers driving this RAMB pin or else use a synchronous reset in which the assertion of the reset is timed by default.
Related violations: <none>

REQP-1840#17 Warning
RAMB18 async control check  
The RAMB18E1 u_Digital_Spectrometer/u_512_pt_FFT/u_NaturalOrder_Stage/u_dataMEM_im_1/ram_reg has an input control pin u_Digital_Spectrometer/u_512_pt_FFT/u_NaturalOrder_Stage/u_dataMEM_im_1/ram_reg/ADDRARDADDR[8] (net: u_Digital_Spectrometer/u_512_pt_FFT/u_NaturalOrder_Stage/u_dataMEM_im_1/ADDRARDADDR[3]) which is driven by a register (u_Digital_Spectrometer/u_512_pt_FFT/u_NaturalOrder_Stage/FSM_sequential_rdStateMachineBitNatural_rdState_reg[0]) that has an active asychronous set or reset. This may cause corruption of the memory contents and/or read values when the set/reset is asserted and is not analyzed by the default static timing analysis. It is suggested to eliminate the use of a set/reset to registers driving this RAMB pin or else use a synchronous reset in which the assertion of the reset is timed by default.
Related violations: <none>

REQP-1840#18 Warning
RAMB18 async control check  
The RAMB18E1 u_Digital_Spectrometer/u_512_pt_FFT/u_NaturalOrder_Stage/u_dataMEM_im_1/ram_reg has an input control pin u_Digital_Spectrometer/u_512_pt_FFT/u_NaturalOrder_Stage/u_dataMEM_im_1/ram_reg/ADDRARDADDR[8] (net: u_Digital_Spectrometer/u_512_pt_FFT/u_NaturalOrder_Stage/u_dataMEM_im_1/ADDRARDADDR[3]) which is driven by a register (u_Digital_Spectrometer/u_512_pt_FFT/u_NaturalOrder_Stage/FSM_sequential_rdStateMachineBitNatural_rdState_reg[1]) that has an active asychronous set or reset. This may cause corruption of the memory contents and/or read values when the set/reset is asserted and is not analyzed by the default static timing analysis. It is suggested to eliminate the use of a set/reset to registers driving this RAMB pin or else use a synchronous reset in which the assertion of the reset is timed by default.
Related violations: <none>

REQP-1840#19 Warning
RAMB18 async control check  
The RAMB18E1 u_Digital_Spectrometer/u_512_pt_FFT/u_NaturalOrder_Stage/u_dataMEM_im_1/ram_reg has an input control pin u_Digital_Spectrometer/u_512_pt_FFT/u_NaturalOrder_Stage/u_dataMEM_im_1/ram_reg/ADDRARDADDR[8] (net: u_Digital_Spectrometer/u_512_pt_FFT/u_NaturalOrder_Stage/u_dataMEM_im_1/ADDRARDADDR[3]) which is driven by a register (u_Digital_Spectrometer/u_512_pt_FFT/u_NaturalOrder_Stage/rdStateMachineBitNatural_rdAddrCnt_reg[3]) that has an active asychronous set or reset. This may cause corruption of the memory contents and/or read values when the set/reset is asserted and is not analyzed by the default static timing analysis. It is suggested to eliminate the use of a set/reset to registers driving this RAMB pin or else use a synchronous reset in which the assertion of the reset is timed by default.
Related violations: <none>

REQP-1840#20 Warning
RAMB18 async control check  
The RAMB18E1 u_Digital_Spectrometer/u_512_pt_FFT/u_NaturalOrder_Stage/u_dataMEM_im_1/ram_reg has an input control pin u_Digital_Spectrometer/u_512_pt_FFT/u_NaturalOrder_Stage/u_dataMEM_im_1/ram_reg/ADDRARDADDR[9] (net: u_Digital_Spectrometer/u_512_pt_FFT/u_NaturalOrder_Stage/u_dataMEM_im_1/ADDRARDADDR[4]) which is driven by a register (u_Digital_Spectrometer/u_512_pt_FFT/u_NaturalOrder_Stage/rdStateMachineBitNatural_rdAddrCnt_reg[4]) that has an active asychronous set or reset. This may cause corruption of the memory contents and/or read values when the set/reset is asserted and is not analyzed by the default static timing analysis. It is suggested to eliminate the use of a set/reset to registers driving this RAMB pin or else use a synchronous reset in which the assertion of the reset is timed by default.
Related violations: <none>

RTSTAT-10#1 Warning
No routable loads  
2 net(s) have no routable loads. The problem bus(es) and/or net(s) are u_Digital_Spectrometer/mag_out[24], u_Digital_Spectrometer/mag_out[25].
Related violations: <none>

ZPS7-1#1 Warning
PS7 block required  
The PS7 cell must be used in this Zynq design in order to enable correct default configuration.
Related violations: <none>


