Copyright 1986-2022 Xilinx, Inc. All Rights Reserved. Copyright 2022-2024 Advanced Micro Devices, Inc. All Rights Reserved.
----------------------------------------------------------------------------------------------------------------------------------------------------------
| Tool Version     : Vivado v.2024.1 (win64) Build 5076996 Wed May 22 18:37:14 MDT 2024
| Date             : Mon Dec  1 13:05:22 2025
| Host             : LAPTOP-CEB4FDNH running 64-bit major release  (build 9200)
| Command          : report_power -file ddc_spec_avg_power_routed.rpt -pb ddc_spec_avg_power_summary_routed.pb -rpx ddc_spec_avg_power_routed.rpx
| Design           : ddc_spec_avg
| Device           : xc7z020clg484-1
| Design State     : routed
| Grade            : commercial
| Process          : typical
| Characterization : Production
----------------------------------------------------------------------------------------------------------------------------------------------------------

Power Report

Table of Contents
-----------------
1. Summary
1.1 On-Chip Components
1.2 Power Supply Summary
1.3 Confidence Level
2. Settings
2.1 Environment
2.2 Clock Constraints
3. Detailed Reports
3.1 By Hierarchy

1. Summary
----------

+--------------------------+--------------+
| Total On-Chip Power (W)  | 0.285        |
| Design Power Budget (W)  | Unspecified* |
| Power Budget Margin (W)  | NA           |
| Dynamic (W)              | 0.179        |
| Device Static (W)        | 0.106        |
| Effective TJA (C/W)      | 11.5         |
| Max Ambient (C)          | 81.7         |
| Junction Temperature (C) | 28.3         |
| Confidence Level         | Medium       |
| Setting File             | ---          |
| Simulation Activity File | ---          |
| Design Nets Matched      | NA           |
+--------------------------+--------------+
* Specify Design Power Budget using, set_operating_conditions -design_power_budget <value in Watts>


1.1 On-Chip Components
----------------------

+--------------------------+-----------+----------+-----------+-----------------+
| On-Chip                  | Power (W) | Used     | Available | Utilization (%) |
+--------------------------+-----------+----------+-----------+-----------------+
| Clocks                   |     0.058 |        3 |       --- |             --- |
| Slice Logic              |     0.028 |    37417 |       --- |             --- |
|   LUT as Logic           |     0.022 |     5776 |     53200 |           10.86 |
|   CARRY4                 |     0.003 |      799 |     13300 |            6.01 |
|   Register               |     0.002 |    21746 |    106400 |           20.44 |
|   LUT as Distributed RAM |    <0.001 |      368 |     17400 |            2.11 |
|   F7/F8 Muxes            |    <0.001 |      354 |     53200 |            0.67 |
|   LUT as Shift Register  |    <0.001 |     6528 |     17400 |           37.52 |
|   BUFG                   |    <0.001 |        1 |        32 |            3.13 |
|   Others                 |     0.000 |      117 |       --- |             --- |
| Signals                  |     0.048 |    27973 |       --- |             --- |
| Block RAM                |     0.027 |     17.5 |       140 |           12.50 |
| DSPs                     |     0.018 |       31 |       220 |           14.09 |
| Static Power             |     0.106 |          |           |                 |
| Total                    |     0.285 |          |           |                 |
+--------------------------+-----------+----------+-----------+-----------------+


1.2 Power Supply Summary
------------------------

+-----------+-------------+-----------+-------------+------------+-------------+-------------+------------+
| Source    | Voltage (V) | Total (A) | Dynamic (A) | Static (A) | Powerup (A) | Budget (A)  | Margin (A) |
+-----------+-------------+-----------+-------------+------------+-------------+-------------+------------+
| Vccint    |       1.000 |     0.185 |       0.177 |      0.008 |       NA    | Unspecified | NA         |
| Vccaux    |       1.800 |     0.011 |       0.000 |      0.011 |       NA    | Unspecified | NA         |
| Vcco33    |       3.300 |     0.000 |       0.000 |      0.000 |       NA    | Unspecified | NA         |
| Vcco25    |       2.500 |     0.000 |       0.000 |      0.000 |       NA    | Unspecified | NA         |
| Vcco18    |       1.800 |     0.000 |       0.000 |      0.000 |       NA    | Unspecified | NA         |
| Vcco15    |       1.500 |     0.000 |       0.000 |      0.000 |       NA    | Unspecified | NA         |
| Vcco135   |       1.350 |     0.000 |       0.000 |      0.000 |       NA    | Unspecified | NA         |
| Vcco12    |       1.200 |     0.000 |       0.000 |      0.000 |       NA    | Unspecified | NA         |
| Vccaux_io |       1.800 |     0.000 |       0.000 |      0.000 |       NA    | Unspecified | NA         |
| Vccbram   |       1.000 |     0.003 |       0.002 |      0.001 |       NA    | Unspecified | NA         |
| MGTAVcc   |       1.000 |     0.000 |       0.000 |      0.000 |       NA    | Unspecified | NA         |
| MGTAVtt   |       1.200 |     0.000 |       0.000 |      0.000 |       NA    | Unspecified | NA         |
| MGTVccaux |       1.800 |     0.000 |       0.000 |      0.000 |       NA    | Unspecified | NA         |
| Vccpint   |       1.000 |     0.017 |       0.000 |      0.017 |       NA    | Unspecified | NA         |
| Vccpaux   |       1.800 |     0.010 |       0.000 |      0.010 |       NA    | Unspecified | NA         |
| Vccpll    |       1.800 |     0.003 |       0.000 |      0.003 |       NA    | Unspecified | NA         |
| Vcco_ddr  |       1.500 |     0.000 |       0.000 |      0.000 |       NA    | Unspecified | NA         |
| Vcco_mio0 |       1.800 |     0.000 |       0.000 |      0.000 |       NA    | Unspecified | NA         |
| Vcco_mio1 |       1.800 |     0.000 |       0.000 |      0.000 |       NA    | Unspecified | NA         |
| Vccadc    |       1.800 |     0.020 |       0.000 |      0.020 |       NA    | Unspecified | NA         |
+-----------+-------------+-----------+-------------+------------+-------------+-------------+------------+


1.3 Confidence Level
--------------------

+-----------------------------+------------+------------------------------------------------+------------------------------------------------------------------------------------------------------------+
| User Input Data             | Confidence | Details                                        | Action                                                                                                     |
+-----------------------------+------------+------------------------------------------------+------------------------------------------------------------------------------------------------------------+
| Design implementation state | High       | Design is routed                               |                                                                                                            |
| Clock nodes activity        | High       | User specified more than 95% of clocks         |                                                                                                            |
| I/O nodes activity          | High       | User specified more than 95% of inputs         |                                                                                                            |
| Internal nodes activity     | Medium     | User specified less than 25% of internal nodes | Provide missing internal nodes activity with simulation results or by editing the "By Resource Type" views |
| Device models               | High       | Device models are Production                   |                                                                                                            |
|                             |            |                                                |                                                                                                            |
| Overall confidence level    | Medium     |                                                |                                                                                                            |
+-----------------------------+------------+------------------------------------------------+------------------------------------------------------------------------------------------------------------+


2. Settings
-----------

2.1 Environment
---------------

+-----------------------+------------------------+
| Ambient Temp (C)      | 25.0                   |
| ThetaJA (C/W)         | 11.5                   |
| Airflow (LFM)         | 250                    |
| Heat Sink             | none                   |
| ThetaSA (C/W)         | 0.0                    |
| Board Selection       | medium (10"x10")       |
| # of Board Layers     | 8to11 (8 to 11 Layers) |
| Board Temperature (C) | 25.0                   |
+-----------------------+------------------------+


2.2 Clock Constraints
---------------------

+-------+--------+-----------------+
| Clock | Domain | Constraint (ns) |
+-------+--------+-----------------+
| MWCLK | clk    |            16.7 |
+-------+--------+-----------------+


3. Detailed Reports
-------------------

3.1 By Hierarchy
----------------

+----------------------------+-----------+
| Name                       | Power (W) |
+----------------------------+-----------+
| ddc_spec_avg               |     0.179 |
|   u_DDC                    |     0.037 |
|     u_Chirp                |     0.021 |
|       u_Counter_Limited    |     0.002 |
|       u_NCO1               |     0.011 |
|     u_LPF                  |     0.015 |
|   u_FFT                    |     0.049 |
|     u_NaturalOrder_Stage   |     0.001 |
|     u_RADIX2               |     0.007 |
|       u_MUL4               |     0.004 |
|       u_SDFCOMMUTATOR_9    |     0.002 |
|     u_SDF1_1_1             |     0.002 |
|     u_SDF1_3_1             |     0.007 |
|       u_MUL4               |     0.003 |
|       u_SDFCOMMUTATOR_3    |     0.001 |
|     u_SDF1_5_1             |     0.007 |
|       u_MUL4               |     0.004 |
|       u_SDFCOMMUTATOR_5    |     0.001 |
|     u_SDF1_7_1             |     0.008 |
|       u_MUL4               |     0.005 |
|       u_SDFCOMMUTATOR_7    |     0.002 |
|     u_SDF2_2_1             |     0.002 |
|       u_SDFCOMMUTATOR_2    |     0.001 |
|     u_SDF2_4_1             |     0.003 |
|       u_SDFCOMMUTATOR_4    |     0.001 |
|     u_SDF2_6_1             |     0.002 |
|       u_SDFCOMMUTATOR_6    |     0.002 |
|     u_SDF2_8_1             |     0.004 |
|       u_SDFCOMMUTATOR_8    |     0.002 |
|     u_twdlROM_3_1          |     0.002 |
|     u_twdlROM_7_1          |     0.001 |
|   u_Spec_Avg               |     0.025 |
|     u_Simple_Dual_Port_RAM |     0.022 |
|   u_ddc_spec_avg_tc        |     0.016 |
+----------------------------+-----------+


