Task "Create Project" successful.
Generated logfile: 

****** Vivado v2024.1 (64-bit)
  **** SW Build 5076996 on Wed May 22 18:37:14 MDT 2024
  **** IP Build 5075265 on Wed May 22 21:45:21 MDT 2024
  **** SharedData Build 5076995 on Wed May 22 18:29:18 MDT 2024
  **** Start of session at: Mon Dec  1 12:27:33 2025
    ** Copyright 1986-2022 Xilinx, Inc. All Rights Reserved.
    ** Copyright 2022-2024 Advanced Micro Devices, Inc. All Rights Reserved.

source ddc_spec_avg_Xilinx_Vivado_run.tcl -notrace
### Open existing Xilinx Vivado 2024.1 project <a href="matlab:downstream.handle('Model','spec_avg_CRD').openTargetTool;">hdl_prj\vivado_prj\ddc_spec_avg_vivado.xpr</a>
INFO: [ProjectBase 1-489] The host OS only allows 260 characters in a normal path. The project is stored in a path with more than 80 characters. If you experience issues with IP, Block Designs, or files not being found, please consider moving the project to a location with a shorter path. Alternately consider using the OS subst command to map part of the path to a drive letter.
Current project path is 'C:/Users/caleb/Documents/GitHub/SES-598-Fall-2025/DISTEL_HW13_11302025/hdl_prj/vivado_prj'
INFO: [filemgmt 56-3] Default IP Output Path : Could not find the directory 'C:/Users/caleb/Documents/GitHub/SES-598-Fall-2025/DISTEL_HW13_11302025/hdl_prj/vivado_prj/ddc_spec_avg_vivado.gen/sources_1'.
Scanning sources...
Finished scanning sources
open_project: Time (s): cpu = 00:00:08 ; elapsed = 00:00:08 . Memory (MB): peak = 498.625 ; gain = 201.902
WARNING: [Vivado 12-818] No files matched '*'
### Set Xilinx Vivado 2024.1 project properties
### Update Xilinx Vivado 2024.1 project with HDL source files
WARNING: [Vivado 12-818] No files matched '*.tcl'
### Close Xilinx Vivado 2024.1 project.
INFO: [Common 17-206] Exiting Vivado at Mon Dec  1 12:27:46 2025...

Elapsed time is 15.5517 seconds.
