Copyright 1986-2022 Xilinx, Inc. All Rights Reserved. Copyright 2022-2024 Advanced Micro Devices, Inc. All Rights Reserved.
------------------------------------------------------------------------------------------------------------------------------------------------------------------------------
| Tool Version : Vivado v.2024.1 (win64) Build 5076996 Wed May 22 18:37:14 MDT 2024
| Date         : Mon Dec  1 12:57:04 2025
| Host         : LAPTOP-CEB4FDNH running 64-bit major release  (build 9200)
| Command      : report_timing_summary -delay_type min_max -report_unconstrained -check_timing_verbose -max_paths 3 -nworst 3 -name timing_post_map -file timing_post_map.rpt
| Design       : ddc_spec_avg
| Device       : 7z020-clg484
| Speed File   : -1  PRODUCTION 1.12 2019-11-22
| Design State : Synthesized
------------------------------------------------------------------------------------------------------------------------------------------------------------------------------

Timing Summary Report

------------------------------------------------------------------------------------------------
| Timer Settings
| --------------
------------------------------------------------------------------------------------------------

  Enable Multi Corner Analysis               :  Yes
  Enable Pessimism Removal                   :  Yes
  Pessimism Removal Resolution               :  Nearest Common Node
  Enable Input Delay Default Clock           :  No
  Enable Preset / Clear Arcs                 :  No
  Disable Flight Delays                      :  No
  Ignore I/O Paths                           :  No
  Timing Early Launch at Borrowing Latches   :  No
  Borrow Time for Max Delay Exceptions       :  Yes
  Merge Timing Exceptions                    :  Yes
  Inter-SLR Compensation                     :  Conservative

  Corner  Analyze    Analyze    
  Name    Max Paths  Min Paths  
  ------  ---------  ---------  
  Slow    Yes        Yes        
  Fast    Yes        Yes        


------------------------------------------------------------------------------------------------
| Report Methodology
| ------------------
------------------------------------------------------------------------------------------------

No report available as report_methodology has not been run prior. Run report_methodology on the current design for the summary of methodology violations.



check_timing report

Table of Contents
-----------------
1. checking no_clock (0)
2. checking constant_clock (0)
3. checking pulse_width_clock (0)
4. checking unconstrained_internal_endpoints (0)
5. checking no_input_delay (3)
6. checking no_output_delay (61)
7. checking multiple_clock (0)
8. checking generated_clocks (0)
9. checking loops (0)
10. checking partial_input_delay (0)
11. checking partial_output_delay (0)
12. checking latch_loops (0)

1. checking no_clock (0)
------------------------
 There are 0 register/latch pins with no clock.


2. checking constant_clock (0)
------------------------------
 There are 0 register/latch pins with constant_clock.


3. checking pulse_width_clock (0)
---------------------------------
 There are 0 register/latch pins which need pulse_width check


4. checking unconstrained_internal_endpoints (0)
------------------------------------------------
 There are 0 pins that are not constrained for maximum delay.

 There are 0 pins that are not constrained for maximum delay due to constant clock.


5. checking no_input_delay (3)
------------------------------
 There are 3 input ports with no input delay specified. (HIGH)

clk_enable
reset
valid

 There are 0 input ports with no input delay but user has a false path constraint.


6. checking no_output_delay (61)
--------------------------------
 There are 61 ports with no output delay specified. (HIGH)

avg_out[0]
avg_out[10]
avg_out[11]
avg_out[12]
avg_out[13]
avg_out[14]
avg_out[15]
avg_out[16]
avg_out[17]
avg_out[18]
avg_out[19]
avg_out[1]
avg_out[20]
avg_out[21]
avg_out[22]
avg_out[23]
avg_out[24]
avg_out[25]
avg_out[26]
avg_out[27]
avg_out[28]
avg_out[29]
avg_out[2]
avg_out[30]
avg_out[31]
avg_out[3]
avg_out[4]
avg_out[5]
avg_out[6]
avg_out[7]
avg_out[8]
avg_out[9]
ce_out
sample_in[0]
sample_in[10]
sample_in[11]
sample_in[12]
sample_in[13]
sample_in[14]
sample_in[15]
sample_in[16]
sample_in[17]
sample_in[18]
sample_in[19]
sample_in[1]
sample_in[20]
sample_in[21]
sample_in[22]
sample_in[23]
sample_in[24]
sample_in[25]
sample_in[2]
sample_in[3]
sample_in[4]
sample_in[5]
sample_in[6]
sample_in[7]
sample_in[8]
sample_in[9]
valid_in
valid_out

 There are 0 ports with no output delay but user has a false path constraint

 There are 0 ports with no output delay but with a timing clock defined on it or propagating through it


7. checking multiple_clock (0)
------------------------------
 There are 0 register/latch pins with multiple clocks.


8. checking generated_clocks (0)
--------------------------------
 There are 0 generated clocks that are not connected to a clock source.


9. checking loops (0)
---------------------
 There are 0 combinational loops in the design.


10. checking partial_input_delay (0)
------------------------------------
 There are 0 input ports with partial input delay specified.


11. checking partial_output_delay (0)
-------------------------------------
 There are 0 ports with partial output delay specified.


12. checking latch_loops (0)
----------------------------
 There are 0 combinational latch loops in the design through latch input



------------------------------------------------------------------------------------------------
| Design Timing Summary
| ---------------------
------------------------------------------------------------------------------------------------

    WNS(ns)      TNS(ns)  TNS Failing Endpoints  TNS Total Endpoints      WHS(ns)      THS(ns)  THS Failing Endpoints  THS Total Endpoints     WPWS(ns)     TPWS(ns)  TPWS Failing Endpoints  TPWS Total Endpoints  
    -------      -------  ---------------------  -------------------      -------      -------  ---------------------  -------------------     --------     --------  ----------------------  --------------------  
     -8.441     -114.405                     16                60729        0.189        0.000                      0                60729        7.083        0.000                       0                 29007  


Timing constraints are not met.


------------------------------------------------------------------------------------------------
| Clock Summary
| -------------
------------------------------------------------------------------------------------------------

Clock  Waveform(ns)       Period(ns)      Frequency(MHz)
-----  ------------       ----------      --------------
MWCLK  {0.000 8.334}      16.667          59.999          


------------------------------------------------------------------------------------------------
| Intra Clock Table
| -----------------
------------------------------------------------------------------------------------------------

Clock             WNS(ns)      TNS(ns)  TNS Failing Endpoints  TNS Total Endpoints      WHS(ns)      THS(ns)  THS Failing Endpoints  THS Total Endpoints     WPWS(ns)     TPWS(ns)  TPWS Failing Endpoints  TPWS Total Endpoints  
-----             -------      -------  ---------------------  -------------------      -------      -------  ---------------------  -------------------     --------     --------  ----------------------  --------------------  
MWCLK              -8.441     -114.405                     16                60729        0.189        0.000                      0                60729        7.083        0.000                       0                 29007  


------------------------------------------------------------------------------------------------
| Inter Clock Table
| -----------------
------------------------------------------------------------------------------------------------

From Clock    To Clock          WNS(ns)      TNS(ns)  TNS Failing Endpoints  TNS Total Endpoints      WHS(ns)      THS(ns)  THS Failing Endpoints  THS Total Endpoints  
----------    --------          -------      -------  ---------------------  -------------------      -------      -------  ---------------------  -------------------  


------------------------------------------------------------------------------------------------
| Other Path Groups Table
| -----------------------
------------------------------------------------------------------------------------------------

Path Group    From Clock    To Clock          WNS(ns)      TNS(ns)  TNS Failing Endpoints  TNS Total Endpoints      WHS(ns)      THS(ns)  THS Failing Endpoints  THS Total Endpoints  
----------    ----------    --------          -------      -------  ---------------------  -------------------      -------      -------  ---------------------  -------------------  


------------------------------------------------------------------------------------------------
| User Ignored Path Table
| -----------------------
------------------------------------------------------------------------------------------------

Path Group    From Clock    To Clock    
----------    ----------    --------    


------------------------------------------------------------------------------------------------
| Unconstrained Path Table
| ------------------------
------------------------------------------------------------------------------------------------

Path Group    From Clock    To Clock    
----------    ----------    --------    
(none)                                    
(none)        MWCLK                       
(none)                      MWCLK         


------------------------------------------------------------------------------------------------
| Timing Details
| --------------
------------------------------------------------------------------------------------------------


---------------------------------------------------------------------------------------------------
From Clock:  MWCLK
  To Clock:  MWCLK

Setup :           16  Failing Endpoints,  Worst Slack       -8.441ns,  Total Violation     -114.405ns
Hold  :            0  Failing Endpoints,  Worst Slack        0.189ns,  Total Violation        0.000ns
PW    :            0  Failing Endpoints,  Worst Slack        7.083ns,  Total Violation        0.000ns
---------------------------------------------------------------------------------------------------


Max Delay Paths
--------------------------------------------------------------------------------------
Slack (VIOLATED) :        -8.441ns  (required time - arrival time)
  Source:                 u_DDC/Product_mul_temp/CLK
                            (rising edge-triggered cell DSP48E1 clocked by MWCLK  {rise@0.000ns fall@8.333ns period=16.667ns})
  Destination:            u_DDC/Xfilter_1_reg[15]/D
                            (rising edge-triggered cell FDCE clocked by MWCLK  {rise@0.000ns fall@8.333ns period=16.667ns})
  Path Group:             MWCLK
  Path Type:              Setup (Max at Slow Process Corner)
  Requirement:            16.667ns  (MWCLK rise@16.667ns - MWCLK rise@0.000ns)
  Data Path Delay:        25.133ns  (logic 15.264ns (60.733%)  route 9.869ns (39.267%))
  Logic Levels:           26  (CARRY4=16 DSP48E1=1 LUT2=9)
  Clock Path Skew:        -0.049ns (DCD - SCD + CPR)
    Destination Clock Delay (DCD):    0.924ns = ( 17.591 - 16.667 ) 
    Source Clock Delay      (SCD):    0.973ns
    Clock Pessimism Removal (CPR):    0.000ns
  Clock Uncertainty:      0.035ns  ((TSJ^2 + TIJ^2)^1/2 + DJ) / 2 + PE
    Total System Jitter     (TSJ):    0.071ns
    Total Input Jitter      (TIJ):    0.000ns
    Discrete Jitter          (DJ):    0.000ns
    Phase Error              (PE):    0.000ns

    Location             Delay type                Incr(ns)  Path(ns)    Netlist Resource(s)
  -------------------------------------------------------------------    -------------------
                         (clock MWCLK rise edge)      0.000     0.000 r  
                                                      0.000     0.000 r  clk (IN)
                         net (fo=29006, unset)        0.973     0.973    u_DDC/clk
                         DSP48E1                                      r  u_DDC/Product_mul_temp/CLK
  -------------------------------------------------------------------    -------------------
                         DSP48E1 (Prop_dsp48e1_CLK_P[29])
                                                      0.434     1.407 r  u_DDC/Product_mul_temp/P[29]
                         net (fo=1, unplaced)         0.800     2.207    u_DDC/u_LPF/P[15]
                         LUT2 (Prop_lut2_I0_O)        0.124     2.331 r  u_DDC/u_LPF/Product1_mul_temp_i_1/O
                         net (fo=16, unplaced)        0.800     3.130    u_DDC/u_LPF/Delay_out1[15]
                         DSP48E1 (Prop_dsp48e1_A[29]_P[16])
                                                      3.841     6.971 r  u_DDC/u_LPF/Product1_mul_temp/P[16]
                         net (fo=1, unplaced)         0.800     7.771    u_DDC/u_LPF/RESIZE[2]
                         CARRY4 (Prop_carry4_S[0]_O[1])
                                                      0.551     8.322 r  u_DDC/u_LPF/Sum3_add_temp_carry/O[1]
                         net (fo=1, unplaced)         0.717     9.039    u_DDC/u_LPF/Sum3_add_temp[3]
                         CARRY4 (Prop_carry4_S[0]_O[3])
                                                      0.914     9.953 r  u_DDC/u_LPF/Sum2_add_temp_carry/O[3]
                         net (fo=1, unplaced)         0.618    10.571    u_DDC/u_LPF/Sum2_add_temp[3]
                         LUT2 (Prop_lut2_I1_O)        0.307    10.878 r  u_DDC/u_LPF/Sum5_add_temp_carry_i_1/O
                         net (fo=1, unplaced)         0.000    10.878    u_DDC/u_LPF/Sum5_add_temp_carry_i_1_n_0
                         CARRY4 (Prop_carry4_S[3]_O[3])
                                                      0.255    11.133 r  u_DDC/u_LPF/Sum5_add_temp_carry/O[3]
                         net (fo=1, unplaced)         0.808    11.941    u_DDC/u_LPF/Sum5_add_temp[3]
                         CARRY4 (Prop_carry4_S[0]_O[1])
                                                      0.734    12.675 r  u_DDC/u_LPF/Sum4_add_temp_carry/O[1]
                         net (fo=1, unplaced)         0.717    13.392    u_DDC/u_LPF/Sum4_add_temp[3]
                         CARRY4 (Prop_carry4_S[0]_O[1])
                                                      0.733    14.125 r  u_DDC/u_LPF/Sum7_add_temp_carry/O[1]
                         net (fo=1, unplaced)         0.717    14.842    u_DDC/u_LPF/Sum7_add_temp[1]
                         CARRY4 (Prop_carry4_S[0]_O[2])
                                                      0.850    15.692 r  u_DDC/u_LPF/Sum6_add_temp_carry/O[2]
                         net (fo=1, unplaced)         0.452    16.144    u_DDC/u_LPF/Sum6_out1[1]
                         LUT2 (Prop_lut2_I1_O)        0.301    16.445 r  u_DDC/u_LPF/Sum9_out1_carry_i_3/O
                         net (fo=1, unplaced)         0.000    16.445    u_DDC/u_LPF/Sum9_out1_carry_i_3_n_0
                         CARRY4 (Prop_carry4_S[1]_O[3])
                                                      0.643    17.088 r  u_DDC/u_LPF/Sum9_out1_carry/O[3]
                         net (fo=1, unplaced)         0.618    17.706    u_DDC/u_LPF/Sum9_out1[3]
                         LUT2 (Prop_lut2_I1_O)        0.307    18.013 r  u_DDC/u_LPF/Sum8_add_temp_carry__0_i_4/O
                         net (fo=1, unplaced)         0.000    18.013    u_DDC/u_LPF/Sum8_add_temp_carry__0_i_4_n_0
                         CARRY4 (Prop_carry4_S[0]_O[2])
                                                      0.544    18.557 r  u_DDC/u_LPF/Sum8_add_temp_carry__0/O[2]
                         net (fo=1, unplaced)         0.452    19.009    u_DDC/u_LPF/Sum8_add_temp[6]
                         LUT2 (Prop_lut2_I1_O)        0.301    19.310 r  u_DDC/u_LPF/Sum11_add_temp_carry__0_i_3/O
                         net (fo=1, unplaced)         0.000    19.310    u_DDC/u_LPF/Sum11_add_temp_carry__0_i_3_n_0
                         CARRY4 (Prop_carry4_S[1]_O[3])
                                                      0.643    19.953 r  u_DDC/u_LPF/Sum11_add_temp_carry__0/O[3]
                         net (fo=1, unplaced)         0.618    20.571    u_DDC/u_LPF/Sum11_add_temp[9]
                         LUT2 (Prop_lut2_I1_O)        0.307    20.878 r  u_DDC/u_LPF/Sum10_add_temp_carry__0_i_1/O
                         net (fo=1, unplaced)         0.000    20.878    u_DDC/u_LPF/Sum10_add_temp_carry__0_i_1_n_0
                         CARRY4 (Prop_carry4_S[3]_CO[3])
                                                      0.376    21.254 r  u_DDC/u_LPF/Sum10_add_temp_carry__0/CO[3]
                         net (fo=1, unplaced)         0.000    21.254    u_DDC/u_LPF/Sum10_add_temp_carry__0_n_0
                         CARRY4 (Prop_carry4_CI_O[3])
                                                      0.331    21.585 r  u_DDC/u_LPF/Sum10_add_temp_carry__1/O[3]
                         net (fo=3, unplaced)         0.636    22.221    u_DDC/u_LPF/Sum10_add_temp[17]
                         LUT2 (Prop_lut2_I1_O)        0.307    22.528 r  u_DDC/u_LPF/Sum13_add_temp_carry__1_i_2/O
                         net (fo=1, unplaced)         0.000    22.528    u_DDC/u_LPF/Sum13_add_temp_carry__1_i_2_n_0
                         CARRY4 (Prop_carry4_S[3]_CO[3])
                                                      0.376    22.904 r  u_DDC/u_LPF/Sum13_add_temp_carry__1/CO[3]
                         net (fo=1, unplaced)         0.000    22.904    u_DDC/u_LPF/Sum13_add_temp_carry__1_n_0
                         CARRY4 (Prop_carry4_CI_O[0])
                                                      0.232    23.136 r  u_DDC/u_LPF/Sum13_add_temp_carry__2/O[0]
                         net (fo=3, unplaced)         0.488    23.624    u_DDC/u_LPF/Sum13_add_temp[17]
                         LUT2 (Prop_lut2_I0_O)        0.295    23.919 r  u_DDC/u_LPF/Sum12_add_temp_carry__2_i_3/O
                         net (fo=1, unplaced)         0.000    23.919    u_DDC/u_LPF/Sum12_add_temp_carry__2_i_3_n_0
                         CARRY4 (Prop_carry4_S[1]_O[3])
                                                      0.643    24.562 r  u_DDC/u_LPF/Sum12_add_temp_carry__2/O[3]
                         net (fo=2, unplaced)         0.629    25.191    u_DDC/u_LPF/Sum12_add_temp[21]
                         LUT2 (Prop_lut2_I1_O)        0.307    25.498 r  u_DDC/u_LPF/Sum15_add_temp_carry__2_i_1/O
                         net (fo=1, unplaced)         0.000    25.498    u_DDC/u_LPF/Sum15_add_temp_carry__2_i_1_n_0
                         CARRY4 (Prop_carry4_S[3]_CO[3])
                                                      0.376    25.874 r  u_DDC/u_LPF/Sum15_add_temp_carry__2/CO[3]
                         net (fo=1, unplaced)         0.000    25.874    u_DDC/u_LPF/Sum15_add_temp_carry__2_n_0
                         CARRY4 (Prop_carry4_CI_O[0])
                                                      0.232    26.106 r  u_DDC/u_LPF/Sum15_add_temp_carry__3/O[0]
                         net (fo=1, unplaced)         0.000    26.106    u_DDC/Xfilter_signed[15]
                         FDCE                                         r  u_DDC/Xfilter_1_reg[15]/D
  -------------------------------------------------------------------    -------------------

                         (clock MWCLK rise edge)     16.667    16.667 r  
                                                      0.000    16.667 r  clk (IN)
                         net (fo=29006, unset)        0.924    17.591    u_DDC/clk
                         FDCE                                         r  u_DDC/Xfilter_1_reg[15]/C
                         clock pessimism              0.000    17.591    
                         clock uncertainty           -0.035    17.556    
                         FDCE (Setup_fdce_C_D)        0.109    17.665    u_DDC/Xfilter_1_reg[15]
  -------------------------------------------------------------------
                         required time                         17.665    
                         arrival time                         -26.106    
  -------------------------------------------------------------------
                         slack                                 -8.441    

Slack (VIOLATED) :        -8.441ns  (required time - arrival time)
  Source:                 u_DDC/Product_mul_temp/CLK
                            (rising edge-triggered cell DSP48E1 clocked by MWCLK  {rise@0.000ns fall@8.333ns period=16.667ns})
  Destination:            u_DDC/Xfilter_1_reg[15]/D
                            (rising edge-triggered cell FDCE clocked by MWCLK  {rise@0.000ns fall@8.333ns period=16.667ns})
  Path Group:             MWCLK
  Path Type:              Setup (Max at Slow Process Corner)
  Requirement:            16.667ns  (MWCLK rise@16.667ns - MWCLK rise@0.000ns)
  Data Path Delay:        25.133ns  (logic 15.264ns (60.733%)  route 9.869ns (39.267%))
  Logic Levels:           26  (CARRY4=16 DSP48E1=1 LUT2=9)
  Clock Path Skew:        -0.049ns (DCD - SCD + CPR)
    Destination Clock Delay (DCD):    0.924ns = ( 17.591 - 16.667 ) 
    Source Clock Delay      (SCD):    0.973ns
    Clock Pessimism Removal (CPR):    0.000ns
  Clock Uncertainty:      0.035ns  ((TSJ^2 + TIJ^2)^1/2 + DJ) / 2 + PE
    Total System Jitter     (TSJ):    0.071ns
    Total Input Jitter      (TIJ):    0.000ns
    Discrete Jitter          (DJ):    0.000ns
    Phase Error              (PE):    0.000ns

    Location             Delay type                Incr(ns)  Path(ns)    Netlist Resource(s)
  -------------------------------------------------------------------    -------------------
                         (clock MWCLK rise edge)      0.000     0.000 r  
                                                      0.000     0.000 r  clk (IN)
                         net (fo=29006, unset)        0.973     0.973    u_DDC/clk
                         DSP48E1                                      r  u_DDC/Product_mul_temp/CLK
  -------------------------------------------------------------------    -------------------
                         DSP48E1 (Prop_dsp48e1_CLK_P[29])
                                                      0.434     1.407 r  u_DDC/Product_mul_temp/P[29]
                         net (fo=1, unplaced)         0.800     2.207    u_DDC/u_LPF/P[15]
                         LUT2 (Prop_lut2_I0_O)        0.124     2.331 r  u_DDC/u_LPF/Product1_mul_temp_i_1/O
                         net (fo=16, unplaced)        0.800     3.130    u_DDC/u_LPF/Delay_out1[15]
                         DSP48E1 (Prop_dsp48e1_A[29]_P[16])
                                                      3.841     6.971 r  u_DDC/u_LPF/Product1_mul_temp/P[16]
                         net (fo=1, unplaced)         0.800     7.771    u_DDC/u_LPF/RESIZE[2]
                         CARRY4 (Prop_carry4_S[0]_O[1])
                                                      0.551     8.322 r  u_DDC/u_LPF/Sum3_add_temp_carry/O[1]
                         net (fo=1, unplaced)         0.717     9.039    u_DDC/u_LPF/Sum3_add_temp[3]
                         CARRY4 (Prop_carry4_S[0]_O[3])
                                                      0.914     9.953 r  u_DDC/u_LPF/Sum2_add_temp_carry/O[3]
                         net (fo=1, unplaced)         0.618    10.571    u_DDC/u_LPF/Sum2_add_temp[3]
                         LUT2 (Prop_lut2_I1_O)        0.307    10.878 r  u_DDC/u_LPF/Sum5_add_temp_carry_i_1/O
                         net (fo=1, unplaced)         0.000    10.878    u_DDC/u_LPF/Sum5_add_temp_carry_i_1_n_0
                         CARRY4 (Prop_carry4_S[3]_O[3])
                                                      0.255    11.133 r  u_DDC/u_LPF/Sum5_add_temp_carry/O[3]
                         net (fo=1, unplaced)         0.808    11.941    u_DDC/u_LPF/Sum5_add_temp[3]
                         CARRY4 (Prop_carry4_S[0]_O[1])
                                                      0.734    12.675 r  u_DDC/u_LPF/Sum4_add_temp_carry/O[1]
                         net (fo=1, unplaced)         0.717    13.392    u_DDC/u_LPF/Sum4_add_temp[3]
                         CARRY4 (Prop_carry4_S[0]_O[1])
                                                      0.733    14.125 r  u_DDC/u_LPF/Sum7_add_temp_carry/O[1]
                         net (fo=1, unplaced)         0.717    14.842    u_DDC/u_LPF/Sum7_add_temp[1]
                         CARRY4 (Prop_carry4_S[0]_O[2])
                                                      0.850    15.692 r  u_DDC/u_LPF/Sum6_add_temp_carry/O[2]
                         net (fo=1, unplaced)         0.452    16.144    u_DDC/u_LPF/Sum6_out1[1]
                         LUT2 (Prop_lut2_I1_O)        0.301    16.445 r  u_DDC/u_LPF/Sum9_out1_carry_i_3/O
                         net (fo=1, unplaced)         0.000    16.445    u_DDC/u_LPF/Sum9_out1_carry_i_3_n_0
                         CARRY4 (Prop_carry4_S[1]_O[3])
                                                      0.643    17.088 r  u_DDC/u_LPF/Sum9_out1_carry/O[3]
                         net (fo=1, unplaced)         0.618    17.706    u_DDC/u_LPF/Sum9_out1[3]
                         LUT2 (Prop_lut2_I1_O)        0.307    18.013 r  u_DDC/u_LPF/Sum8_add_temp_carry__0_i_4/O
                         net (fo=1, unplaced)         0.000    18.013    u_DDC/u_LPF/Sum8_add_temp_carry__0_i_4_n_0
                         CARRY4 (Prop_carry4_S[0]_O[2])
                                                      0.544    18.557 r  u_DDC/u_LPF/Sum8_add_temp_carry__0/O[2]
                         net (fo=1, unplaced)         0.452    19.009    u_DDC/u_LPF/Sum8_add_temp[6]
                         LUT2 (Prop_lut2_I1_O)        0.301    19.310 r  u_DDC/u_LPF/Sum11_add_temp_carry__0_i_3/O
                         net (fo=1, unplaced)         0.000    19.310    u_DDC/u_LPF/Sum11_add_temp_carry__0_i_3_n_0
                         CARRY4 (Prop_carry4_S[1]_O[3])
                                                      0.643    19.953 f  u_DDC/u_LPF/Sum11_add_temp_carry__0/O[3]
                         net (fo=1, unplaced)         0.618    20.571    u_DDC/u_LPF/Sum11_add_temp[9]
                         LUT2 (Prop_lut2_I1_O)        0.307    20.878 r  u_DDC/u_LPF/Sum10_add_temp_carry__0_i_1/O
                         net (fo=1, unplaced)         0.000    20.878    u_DDC/u_LPF/Sum10_add_temp_carry__0_i_1_n_0
                         CARRY4 (Prop_carry4_S[3]_CO[3])
                                                      0.376    21.254 r  u_DDC/u_LPF/Sum10_add_temp_carry__0/CO[3]
                         net (fo=1, unplaced)         0.000    21.254    u_DDC/u_LPF/Sum10_add_temp_carry__0_n_0
                         CARRY4 (Prop_carry4_CI_O[3])
                                                      0.331    21.585 r  u_DDC/u_LPF/Sum10_add_temp_carry__1/O[3]
                         net (fo=3, unplaced)         0.636    22.221    u_DDC/u_LPF/Sum10_add_temp[17]
                         LUT2 (Prop_lut2_I1_O)        0.307    22.528 r  u_DDC/u_LPF/Sum13_add_temp_carry__1_i_2/O
                         net (fo=1, unplaced)         0.000    22.528    u_DDC/u_LPF/Sum13_add_temp_carry__1_i_2_n_0
                         CARRY4 (Prop_carry4_S[3]_CO[3])
                                                      0.376    22.904 r  u_DDC/u_LPF/Sum13_add_temp_carry__1/CO[3]
                         net (fo=1, unplaced)         0.000    22.904    u_DDC/u_LPF/Sum13_add_temp_carry__1_n_0
                         CARRY4 (Prop_carry4_CI_O[0])
                                                      0.232    23.136 r  u_DDC/u_LPF/Sum13_add_temp_carry__2/O[0]
                         net (fo=3, unplaced)         0.488    23.624    u_DDC/u_LPF/Sum13_add_temp[17]
                         LUT2 (Prop_lut2_I0_O)        0.295    23.919 r  u_DDC/u_LPF/Sum12_add_temp_carry__2_i_3/O
                         net (fo=1, unplaced)         0.000    23.919    u_DDC/u_LPF/Sum12_add_temp_carry__2_i_3_n_0
                         CARRY4 (Prop_carry4_S[1]_O[3])
                                                      0.643    24.562 r  u_DDC/u_LPF/Sum12_add_temp_carry__2/O[3]
                         net (fo=2, unplaced)         0.629    25.191    u_DDC/u_LPF/Sum12_add_temp[21]
                         LUT2 (Prop_lut2_I1_O)        0.307    25.498 r  u_DDC/u_LPF/Sum15_add_temp_carry__2_i_1/O
                         net (fo=1, unplaced)         0.000    25.498    u_DDC/u_LPF/Sum15_add_temp_carry__2_i_1_n_0
                         CARRY4 (Prop_carry4_S[3]_CO[3])
                                                      0.376    25.874 r  u_DDC/u_LPF/Sum15_add_temp_carry__2/CO[3]
                         net (fo=1, unplaced)         0.000    25.874    u_DDC/u_LPF/Sum15_add_temp_carry__2_n_0
                         CARRY4 (Prop_carry4_CI_O[0])
                                                      0.232    26.106 r  u_DDC/u_LPF/Sum15_add_temp_carry__3/O[0]
                         net (fo=1, unplaced)         0.000    26.106    u_DDC/Xfilter_signed[15]
                         FDCE                                         r  u_DDC/Xfilter_1_reg[15]/D
  -------------------------------------------------------------------    -------------------

                         (clock MWCLK rise edge)     16.667    16.667 r  
                                                      0.000    16.667 r  clk (IN)
                         net (fo=29006, unset)        0.924    17.591    u_DDC/clk
                         FDCE                                         r  u_DDC/Xfilter_1_reg[15]/C
                         clock pessimism              0.000    17.591    
                         clock uncertainty           -0.035    17.556    
                         FDCE (Setup_fdce_C_D)        0.109    17.665    u_DDC/Xfilter_1_reg[15]
  -------------------------------------------------------------------
                         required time                         17.665    
                         arrival time                         -26.106    
  -------------------------------------------------------------------
                         slack                                 -8.441    

Slack (VIOLATED) :        -8.441ns  (required time - arrival time)
  Source:                 u_DDC/Product_mul_temp/CLK
                            (rising edge-triggered cell DSP48E1 clocked by MWCLK  {rise@0.000ns fall@8.333ns period=16.667ns})
  Destination:            u_DDC/Xfilter_1_reg[15]/D
                            (rising edge-triggered cell FDCE clocked by MWCLK  {rise@0.000ns fall@8.333ns period=16.667ns})
  Path Group:             MWCLK
  Path Type:              Setup (Max at Slow Process Corner)
  Requirement:            16.667ns  (MWCLK rise@16.667ns - MWCLK rise@0.000ns)
  Data Path Delay:        25.133ns  (logic 15.264ns (60.733%)  route 9.869ns (39.267%))
  Logic Levels:           26  (CARRY4=16 DSP48E1=1 LUT2=9)
  Clock Path Skew:        -0.049ns (DCD - SCD + CPR)
    Destination Clock Delay (DCD):    0.924ns = ( 17.591 - 16.667 ) 
    Source Clock Delay      (SCD):    0.973ns
    Clock Pessimism Removal (CPR):    0.000ns
  Clock Uncertainty:      0.035ns  ((TSJ^2 + TIJ^2)^1/2 + DJ) / 2 + PE
    Total System Jitter     (TSJ):    0.071ns
    Total Input Jitter      (TIJ):    0.000ns
    Discrete Jitter          (DJ):    0.000ns
    Phase Error              (PE):    0.000ns

    Location             Delay type                Incr(ns)  Path(ns)    Netlist Resource(s)
  -------------------------------------------------------------------    -------------------
                         (clock MWCLK rise edge)      0.000     0.000 r  
                                                      0.000     0.000 r  clk (IN)
                         net (fo=29006, unset)        0.973     0.973    u_DDC/clk
                         DSP48E1                                      r  u_DDC/Product_mul_temp/CLK
  -------------------------------------------------------------------    -------------------
                         DSP48E1 (Prop_dsp48e1_CLK_P[29])
                                                      0.434     1.407 r  u_DDC/Product_mul_temp/P[29]
                         net (fo=1, unplaced)         0.800     2.207    u_DDC/u_LPF/P[15]
                         LUT2 (Prop_lut2_I0_O)        0.124     2.331 r  u_DDC/u_LPF/Product1_mul_temp_i_1/O
                         net (fo=16, unplaced)        0.800     3.130    u_DDC/u_LPF/Delay_out1[15]
                         DSP48E1 (Prop_dsp48e1_A[29]_P[16])
                                                      3.841     6.971 r  u_DDC/u_LPF/Product1_mul_temp/P[16]
                         net (fo=1, unplaced)         0.800     7.771    u_DDC/u_LPF/RESIZE[2]
                         CARRY4 (Prop_carry4_S[0]_O[1])
                                                      0.551     8.322 r  u_DDC/u_LPF/Sum3_add_temp_carry/O[1]
                         net (fo=1, unplaced)         0.717     9.039    u_DDC/u_LPF/Sum3_add_temp[3]
                         CARRY4 (Prop_carry4_S[0]_O[3])
                                                      0.914     9.953 r  u_DDC/u_LPF/Sum2_add_temp_carry/O[3]
                         net (fo=1, unplaced)         0.618    10.571    u_DDC/u_LPF/Sum2_add_temp[3]
                         LUT2 (Prop_lut2_I1_O)        0.307    10.878 r  u_DDC/u_LPF/Sum5_add_temp_carry_i_1/O
                         net (fo=1, unplaced)         0.000    10.878    u_DDC/u_LPF/Sum5_add_temp_carry_i_1_n_0
                         CARRY4 (Prop_carry4_S[3]_O[3])
                                                      0.255    11.133 r  u_DDC/u_LPF/Sum5_add_temp_carry/O[3]
                         net (fo=1, unplaced)         0.808    11.941    u_DDC/u_LPF/Sum5_add_temp[3]
                         CARRY4 (Prop_carry4_S[0]_O[1])
                                                      0.734    12.675 r  u_DDC/u_LPF/Sum4_add_temp_carry/O[1]
                         net (fo=1, unplaced)         0.717    13.392    u_DDC/u_LPF/Sum4_add_temp[3]
                         CARRY4 (Prop_carry4_S[0]_O[1])
                                                      0.733    14.125 r  u_DDC/u_LPF/Sum7_add_temp_carry/O[1]
                         net (fo=1, unplaced)         0.717    14.842    u_DDC/u_LPF/Sum7_add_temp[1]
                         CARRY4 (Prop_carry4_S[0]_O[2])
                                                      0.850    15.692 r  u_DDC/u_LPF/Sum6_add_temp_carry/O[2]
                         net (fo=1, unplaced)         0.452    16.144    u_DDC/u_LPF/Sum6_out1[1]
                         LUT2 (Prop_lut2_I1_O)        0.301    16.445 r  u_DDC/u_LPF/Sum9_out1_carry_i_3/O
                         net (fo=1, unplaced)         0.000    16.445    u_DDC/u_LPF/Sum9_out1_carry_i_3_n_0
                         CARRY4 (Prop_carry4_S[1]_O[3])
                                                      0.643    17.088 r  u_DDC/u_LPF/Sum9_out1_carry/O[3]
                         net (fo=1, unplaced)         0.618    17.706    u_DDC/u_LPF/Sum9_out1[3]
                         LUT2 (Prop_lut2_I1_O)        0.307    18.013 r  u_DDC/u_LPF/Sum8_add_temp_carry__0_i_4/O
                         net (fo=1, unplaced)         0.000    18.013    u_DDC/u_LPF/Sum8_add_temp_carry__0_i_4_n_0
                         CARRY4 (Prop_carry4_S[0]_O[2])
                                                      0.544    18.557 r  u_DDC/u_LPF/Sum8_add_temp_carry__0/O[2]
                         net (fo=1, unplaced)         0.452    19.009    u_DDC/u_LPF/Sum8_add_temp[6]
                         LUT2 (Prop_lut2_I1_O)        0.301    19.310 r  u_DDC/u_LPF/Sum11_add_temp_carry__0_i_3/O
                         net (fo=1, unplaced)         0.000    19.310    u_DDC/u_LPF/Sum11_add_temp_carry__0_i_3_n_0
                         CARRY4 (Prop_carry4_S[1]_O[3])
                                                      0.643    19.953 r  u_DDC/u_LPF/Sum11_add_temp_carry__0/O[3]
                         net (fo=1, unplaced)         0.618    20.571    u_DDC/u_LPF/Sum11_add_temp[9]
                         LUT2 (Prop_lut2_I1_O)        0.307    20.878 f  u_DDC/u_LPF/Sum10_add_temp_carry__0_i_1/O
                         net (fo=1, unplaced)         0.000    20.878    u_DDC/u_LPF/Sum10_add_temp_carry__0_i_1_n_0
                         CARRY4 (Prop_carry4_S[3]_CO[3])
                                                      0.376    21.254 r  u_DDC/u_LPF/Sum10_add_temp_carry__0/CO[3]
                         net (fo=1, unplaced)         0.000    21.254    u_DDC/u_LPF/Sum10_add_temp_carry__0_n_0
                         CARRY4 (Prop_carry4_CI_O[3])
                                                      0.331    21.585 r  u_DDC/u_LPF/Sum10_add_temp_carry__1/O[3]
                         net (fo=3, unplaced)         0.636    22.221    u_DDC/u_LPF/Sum10_add_temp[17]
                         LUT2 (Prop_lut2_I1_O)        0.307    22.528 r  u_DDC/u_LPF/Sum13_add_temp_carry__1_i_2/O
                         net (fo=1, unplaced)         0.000    22.528    u_DDC/u_LPF/Sum13_add_temp_carry__1_i_2_n_0
                         CARRY4 (Prop_carry4_S[3]_CO[3])
                                                      0.376    22.904 r  u_DDC/u_LPF/Sum13_add_temp_carry__1/CO[3]
                         net (fo=1, unplaced)         0.000    22.904    u_DDC/u_LPF/Sum13_add_temp_carry__1_n_0
                         CARRY4 (Prop_carry4_CI_O[0])
                                                      0.232    23.136 r  u_DDC/u_LPF/Sum13_add_temp_carry__2/O[0]
                         net (fo=3, unplaced)         0.488    23.624    u_DDC/u_LPF/Sum13_add_temp[17]
                         LUT2 (Prop_lut2_I0_O)        0.295    23.919 r  u_DDC/u_LPF/Sum12_add_temp_carry__2_i_3/O
                         net (fo=1, unplaced)         0.000    23.919    u_DDC/u_LPF/Sum12_add_temp_carry__2_i_3_n_0
                         CARRY4 (Prop_carry4_S[1]_O[3])
                                                      0.643    24.562 r  u_DDC/u_LPF/Sum12_add_temp_carry__2/O[3]
                         net (fo=2, unplaced)         0.629    25.191    u_DDC/u_LPF/Sum12_add_temp[21]
                         LUT2 (Prop_lut2_I1_O)        0.307    25.498 r  u_DDC/u_LPF/Sum15_add_temp_carry__2_i_1/O
                         net (fo=1, unplaced)         0.000    25.498    u_DDC/u_LPF/Sum15_add_temp_carry__2_i_1_n_0
                         CARRY4 (Prop_carry4_S[3]_CO[3])
                                                      0.376    25.874 r  u_DDC/u_LPF/Sum15_add_temp_carry__2/CO[3]
                         net (fo=1, unplaced)         0.000    25.874    u_DDC/u_LPF/Sum15_add_temp_carry__2_n_0
                         CARRY4 (Prop_carry4_CI_O[0])
                                                      0.232    26.106 r  u_DDC/u_LPF/Sum15_add_temp_carry__3/O[0]
                         net (fo=1, unplaced)         0.000    26.106    u_DDC/Xfilter_signed[15]
                         FDCE                                         r  u_DDC/Xfilter_1_reg[15]/D
  -------------------------------------------------------------------    -------------------

                         (clock MWCLK rise edge)     16.667    16.667 r  
                                                      0.000    16.667 r  clk (IN)
                         net (fo=29006, unset)        0.924    17.591    u_DDC/clk
                         FDCE                                         r  u_DDC/Xfilter_1_reg[15]/C
                         clock pessimism              0.000    17.591    
                         clock uncertainty           -0.035    17.556    
                         FDCE (Setup_fdce_C_D)        0.109    17.665    u_DDC/Xfilter_1_reg[15]
  -------------------------------------------------------------------
                         required time                         17.665    
                         arrival time                         -26.106    
  -------------------------------------------------------------------
                         slack                                 -8.441    





Min Delay Paths
--------------------------------------------------------------------------------------
Slack (MET) :             0.189ns  (arrival time - required time)
  Source:                 u_DDC/u_Chirp/u_NCO1/accphase_reg_reg[10]/C
                            (rising edge-triggered cell FDCE clocked by MWCLK  {rise@0.000ns fall@8.333ns period=16.667ns})
  Destination:            u_DDC/u_Chirp/u_NCO1/accphase_reg_reg[11]/D
                            (rising edge-triggered cell FDCE clocked by MWCLK  {rise@0.000ns fall@8.333ns period=16.667ns})
  Path Group:             MWCLK
  Path Type:              Hold (Min at Fast Process Corner)
  Requirement:            0.000ns  (MWCLK rise@0.000ns - MWCLK rise@0.000ns)
  Data Path Delay:        0.345ns  (logic 0.256ns (74.306%)  route 0.089ns (25.694%))
  Logic Levels:           1  (CARRY4=1)
  Clock Path Skew:        0.022ns (DCD - SCD - CPR)
    Destination Clock Delay (DCD):    0.432ns
    Source Clock Delay      (SCD):    0.410ns
    Clock Pessimism Removal (CPR):    -0.000ns

    Location             Delay type                Incr(ns)  Path(ns)    Netlist Resource(s)
  -------------------------------------------------------------------    -------------------
                         (clock MWCLK rise edge)      0.000     0.000 r  
                                                      0.000     0.000 r  clk (IN)
                         net (fo=29006, unset)        0.410     0.410    u_DDC/u_Chirp/u_NCO1/clk
                         FDCE                                         r  u_DDC/u_Chirp/u_NCO1/accphase_reg_reg[10]/C
  -------------------------------------------------------------------    -------------------
                         FDCE (Prop_fdce_C_Q)         0.164     0.574 r  u_DDC/u_Chirp/u_NCO1/accphase_reg_reg[10]/Q
                         net (fo=3, unplaced)         0.089     0.663    u_DDC/u_Chirp/u_NCO1/accphase_reg_reg[10]
                         CARRY4 (Prop_carry4_DI[2]_O[3])
                                                      0.092     0.755 r  u_DDC/u_Chirp/u_NCO1/accphase_reg_reg[8]_i_1/O[3]
                         net (fo=1, unplaced)         0.000     0.755    u_DDC/u_Chirp/u_NCO1/accphase_reg_reg[8]_i_1_n_4
                         FDCE                                         r  u_DDC/u_Chirp/u_NCO1/accphase_reg_reg[11]/D
  -------------------------------------------------------------------    -------------------

                         (clock MWCLK rise edge)      0.000     0.000 r  
                                                      0.000     0.000 r  clk (IN)
                         net (fo=29006, unset)        0.432     0.432    u_DDC/u_Chirp/u_NCO1/clk
                         FDCE                                         r  u_DDC/u_Chirp/u_NCO1/accphase_reg_reg[11]/C
                         clock pessimism              0.000     0.432    
                         FDCE (Hold_fdce_C_D)         0.134     0.566    u_DDC/u_Chirp/u_NCO1/accphase_reg_reg[11]
  -------------------------------------------------------------------
                         required time                         -0.566    
                         arrival time                           0.755    
  -------------------------------------------------------------------
                         slack                                  0.189    

Slack (MET) :             0.189ns  (arrival time - required time)
  Source:                 u_DDC/u_Chirp/u_NCO1/accphase_reg_reg[10]/C
                            (rising edge-triggered cell FDCE clocked by MWCLK  {rise@0.000ns fall@8.333ns period=16.667ns})
  Destination:            u_DDC/u_Chirp/u_NCO1/accphase_reg_reg[11]/D
                            (rising edge-triggered cell FDCE clocked by MWCLK  {rise@0.000ns fall@8.333ns period=16.667ns})
  Path Group:             MWCLK
  Path Type:              Hold (Min at Fast Process Corner)
  Requirement:            0.000ns  (MWCLK rise@0.000ns - MWCLK rise@0.000ns)
  Data Path Delay:        0.345ns  (logic 0.256ns (74.306%)  route 0.089ns (25.694%))
  Logic Levels:           1  (CARRY4=1)
  Clock Path Skew:        0.022ns (DCD - SCD - CPR)
    Destination Clock Delay (DCD):    0.432ns
    Source Clock Delay      (SCD):    0.410ns
    Clock Pessimism Removal (CPR):    -0.000ns

    Location             Delay type                Incr(ns)  Path(ns)    Netlist Resource(s)
  -------------------------------------------------------------------    -------------------
                         (clock MWCLK rise edge)      0.000     0.000 r  
                                                      0.000     0.000 r  clk (IN)
                         net (fo=29006, unset)        0.410     0.410    u_DDC/u_Chirp/u_NCO1/clk
                         FDCE                                         r  u_DDC/u_Chirp/u_NCO1/accphase_reg_reg[10]/C
  -------------------------------------------------------------------    -------------------
                         FDCE (Prop_fdce_C_Q)         0.164     0.574 f  u_DDC/u_Chirp/u_NCO1/accphase_reg_reg[10]/Q
                         net (fo=3, unplaced)         0.089     0.663    u_DDC/u_Chirp/u_NCO1/accphase_reg_reg[10]
                         CARRY4 (Prop_carry4_DI[2]_O[3])
                                                      0.092     0.755 r  u_DDC/u_Chirp/u_NCO1/accphase_reg_reg[8]_i_1/O[3]
                         net (fo=1, unplaced)         0.000     0.755    u_DDC/u_Chirp/u_NCO1/accphase_reg_reg[8]_i_1_n_4
                         FDCE                                         r  u_DDC/u_Chirp/u_NCO1/accphase_reg_reg[11]/D
  -------------------------------------------------------------------    -------------------

                         (clock MWCLK rise edge)      0.000     0.000 r  
                                                      0.000     0.000 r  clk (IN)
                         net (fo=29006, unset)        0.432     0.432    u_DDC/u_Chirp/u_NCO1/clk
                         FDCE                                         r  u_DDC/u_Chirp/u_NCO1/accphase_reg_reg[11]/C
                         clock pessimism              0.000     0.432    
                         FDCE (Hold_fdce_C_D)         0.134     0.566    u_DDC/u_Chirp/u_NCO1/accphase_reg_reg[11]
  -------------------------------------------------------------------
                         required time                         -0.566    
                         arrival time                           0.755    
  -------------------------------------------------------------------
                         slack                                  0.189    

Slack (MET) :             0.189ns  (arrival time - required time)
  Source:                 u_DDC/u_Chirp/u_NCO1/accphase_reg_reg[10]/C
                            (rising edge-triggered cell FDCE clocked by MWCLK  {rise@0.000ns fall@8.333ns period=16.667ns})
  Destination:            u_DDC/u_Chirp/u_NCO1/accphase_reg_reg[11]/D
                            (rising edge-triggered cell FDCE clocked by MWCLK  {rise@0.000ns fall@8.333ns period=16.667ns})
  Path Group:             MWCLK
  Path Type:              Hold (Min at Fast Process Corner)
  Requirement:            0.000ns  (MWCLK rise@0.000ns - MWCLK rise@0.000ns)
  Data Path Delay:        0.345ns  (logic 0.256ns (74.306%)  route 0.089ns (25.694%))
  Logic Levels:           1  (CARRY4=1)
  Clock Path Skew:        0.022ns (DCD - SCD - CPR)
    Destination Clock Delay (DCD):    0.432ns
    Source Clock Delay      (SCD):    0.410ns
    Clock Pessimism Removal (CPR):    -0.000ns

    Location             Delay type                Incr(ns)  Path(ns)    Netlist Resource(s)
  -------------------------------------------------------------------    -------------------
                         (clock MWCLK rise edge)      0.000     0.000 r  
                                                      0.000     0.000 r  clk (IN)
                         net (fo=29006, unset)        0.410     0.410    u_DDC/u_Chirp/u_NCO1/clk
                         FDCE                                         r  u_DDC/u_Chirp/u_NCO1/accphase_reg_reg[10]/C
  -------------------------------------------------------------------    -------------------
                         FDCE (Prop_fdce_C_Q)         0.164     0.574 r  u_DDC/u_Chirp/u_NCO1/accphase_reg_reg[10]/Q
                         net (fo=3, unplaced)         0.089     0.663    u_DDC/u_Chirp/u_NCO1/accphase_reg_reg[10]
                         CARRY4 (Prop_carry4_DI[2]_O[3])
                                                      0.092     0.755 f  u_DDC/u_Chirp/u_NCO1/accphase_reg_reg[8]_i_1/O[3]
                         net (fo=1, unplaced)         0.000     0.755    u_DDC/u_Chirp/u_NCO1/accphase_reg_reg[8]_i_1_n_4
                         FDCE                                         f  u_DDC/u_Chirp/u_NCO1/accphase_reg_reg[11]/D
  -------------------------------------------------------------------    -------------------

                         (clock MWCLK rise edge)      0.000     0.000 r  
                                                      0.000     0.000 r  clk (IN)
                         net (fo=29006, unset)        0.432     0.432    u_DDC/u_Chirp/u_NCO1/clk
                         FDCE                                         r  u_DDC/u_Chirp/u_NCO1/accphase_reg_reg[11]/C
                         clock pessimism              0.000     0.432    
                         FDCE (Hold_fdce_C_D)         0.134     0.566    u_DDC/u_Chirp/u_NCO1/accphase_reg_reg[11]
  -------------------------------------------------------------------
                         required time                         -0.566    
                         arrival time                           0.755    
  -------------------------------------------------------------------
                         slack                                  0.189    





Pulse Width Checks
--------------------------------------------------------------------------------------
Clock Name:         MWCLK
Waveform(ns):       { 0.000 8.333 }
Period(ns):         16.667
Sources:            { clk }

Check Type        Corner  Lib Pin             Reference Pin  Required(ns)  Actual(ns)  Slack(ns)  Location  Pin
Min Period        n/a     RAMB18E1/CLKARDCLK  n/a            2.944         16.667      13.723               u_FFT/u_NaturalOrder_Stage/u_dataMEM_im_1/ram_reg/CLKARDCLK
Min Period        n/a     RAMB18E1/CLKBWRCLK  n/a            2.944         16.667      13.723               u_FFT/u_NaturalOrder_Stage/u_dataMEM_im_1/ram_reg/CLKBWRCLK
Min Period        n/a     RAMB18E1/CLKARDCLK  n/a            2.944         16.667      13.723               u_FFT/u_NaturalOrder_Stage/u_dataMEM_re_1/ram_reg/CLKARDCLK
Low Pulse Width   Slow    RAMS32/CLK          n/a            1.250         8.334       7.084                u_FFT/u_RADIX2/u_SDFCOMMUTATOR_9/u_dataXMEM_im_0_9/ram_reg_0_7_0_0/SP/CLK
Low Pulse Width   Fast    RAMS32/CLK          n/a            1.250         8.334       7.084                u_FFT/u_RADIX2/u_SDFCOMMUTATOR_9/u_dataXMEM_im_0_9/ram_reg_0_7_0_0/SP/CLK
Low Pulse Width   Slow    RAMS32/CLK          n/a            1.250         8.334       7.084                u_FFT/u_RADIX2/u_SDFCOMMUTATOR_9/u_dataXMEM_im_0_9/ram_reg_0_7_10_10/SP/CLK
High Pulse Width  Slow    RAMS32/CLK          n/a            1.250         8.334       7.084                u_FFT/u_RADIX2/u_SDFCOMMUTATOR_9/u_dataXMEM_im_0_9/ram_reg_0_7_0_0/SP/CLK
High Pulse Width  Fast    RAMS32/CLK          n/a            1.250         8.334       7.084                u_FFT/u_RADIX2/u_SDFCOMMUTATOR_9/u_dataXMEM_im_0_9/ram_reg_0_7_0_0/SP/CLK
High Pulse Width  Slow    RAMS32/CLK          n/a            1.250         8.334       7.084                u_FFT/u_RADIX2/u_SDFCOMMUTATOR_9/u_dataXMEM_im_0_9/ram_reg_0_7_10_10/SP/CLK



--------------------------------------------------------------------------------------
Path Group:  (none)
From Clock:  
  To Clock:  

Max Delay             1 Endpoint
Min Delay             1 Endpoint
--------------------------------------------------------------------------------------


Max Delay Paths
--------------------------------------------------------------------------------------
Slack:                    inf
  Source:                 clk_enable
                            (input port)
  Destination:            ce_out
                            (output port)
  Path Group:             (none)
  Path Type:              Max at Slow Process Corner
  Data Path Delay:        2.070ns  (logic 0.124ns (5.990%)  route 1.946ns (94.010%))
  Logic Levels:           1  (LUT2=1)

    Location             Delay type                Incr(ns)  Path(ns)    Netlist Resource(s)
  -------------------------------------------------------------------    -------------------
                                                      0.000     0.000 r  clk_enable (IN)
                         net (fo=530, unset)          0.973     0.973    u_ddc_spec_avg_tc/clk_enable
                         LUT2 (Prop_lut2_I1_O)        0.124     1.097 r  u_ddc_spec_avg_tc/ce_out_INST_0/O
                         net (fo=17, unset)           0.973     2.070    ce_out
                                                                      r  ce_out (OUT)
  -------------------------------------------------------------------    -------------------

Slack:                    inf
  Source:                 clk_enable
                            (input port)
  Destination:            ce_out
                            (output port)
  Path Group:             (none)
  Path Type:              Max at Slow Process Corner
  Data Path Delay:        2.070ns  (logic 0.124ns (5.990%)  route 1.946ns (94.010%))
  Logic Levels:           1  (LUT2=1)

    Location             Delay type                Incr(ns)  Path(ns)    Netlist Resource(s)
  -------------------------------------------------------------------    -------------------
                                                      0.000     0.000 f  clk_enable (IN)
                         net (fo=530, unset)          0.973     0.973    u_ddc_spec_avg_tc/clk_enable
                         LUT2 (Prop_lut2_I1_O)        0.124     1.097 f  u_ddc_spec_avg_tc/ce_out_INST_0/O
                         net (fo=17, unset)           0.973     2.070    ce_out
                                                                      f  ce_out (OUT)
  -------------------------------------------------------------------    -------------------

Slack:                    inf
  Source:                 clk_enable
                            (input port)
  Destination:            ce_out
                            (output port)
  Path Group:             (none)
  Path Type:              Max at Fast Process Corner
  Data Path Delay:        0.919ns  (logic 0.056ns (6.091%)  route 0.863ns (93.909%))
  Logic Levels:           1  (LUT2=1)

    Location             Delay type                Incr(ns)  Path(ns)    Netlist Resource(s)
  -------------------------------------------------------------------    -------------------
                                                      0.000     0.000 r  clk_enable (IN)
                         net (fo=530, unset)          0.432     0.432    u_ddc_spec_avg_tc/clk_enable
                         LUT2 (Prop_lut2_I1_O)        0.056     0.488 r  u_ddc_spec_avg_tc/ce_out_INST_0/O
                         net (fo=17, unset)           0.432     0.919    ce_out
                                                                      r  ce_out (OUT)
  -------------------------------------------------------------------    -------------------





Min Delay Paths
--------------------------------------------------------------------------------------
Slack:                    inf
  Source:                 clk_enable
                            (input port)
  Destination:            ce_out
                            (output port)
  Path Group:             (none)
  Path Type:              Min at Fast Process Corner
  Data Path Delay:        0.865ns  (logic 0.045ns (5.201%)  route 0.820ns (94.799%))
  Logic Levels:           1  (LUT2=1)

    Location             Delay type                Incr(ns)  Path(ns)    Netlist Resource(s)
  -------------------------------------------------------------------    -------------------
                                                      0.000     0.000 r  clk_enable (IN)
                         net (fo=530, unset)          0.410     0.410    u_ddc_spec_avg_tc/clk_enable
                         LUT2 (Prop_lut2_I1_O)        0.045     0.455 r  u_ddc_spec_avg_tc/ce_out_INST_0/O
                         net (fo=17, unset)           0.410     0.865    ce_out
                                                                      r  ce_out (OUT)
  -------------------------------------------------------------------    -------------------

Slack:                    inf
  Source:                 clk_enable
                            (input port)
  Destination:            ce_out
                            (output port)
  Path Group:             (none)
  Path Type:              Min at Fast Process Corner
  Data Path Delay:        0.865ns  (logic 0.045ns (5.201%)  route 0.820ns (94.799%))
  Logic Levels:           1  (LUT2=1)

    Location             Delay type                Incr(ns)  Path(ns)    Netlist Resource(s)
  -------------------------------------------------------------------    -------------------
                                                      0.000     0.000 f  clk_enable (IN)
                         net (fo=530, unset)          0.410     0.410    u_ddc_spec_avg_tc/clk_enable
                         LUT2 (Prop_lut2_I1_O)        0.045     0.455 f  u_ddc_spec_avg_tc/ce_out_INST_0/O
                         net (fo=17, unset)           0.410     0.865    ce_out
                                                                      f  ce_out (OUT)
  -------------------------------------------------------------------    -------------------

Slack:                    inf
  Source:                 clk_enable
                            (input port)
  Destination:            ce_out
                            (output port)
  Path Group:             (none)
  Path Type:              Min at Slow Process Corner
  Data Path Delay:        1.949ns  (logic 0.100ns (5.132%)  route 1.849ns (94.868%))
  Logic Levels:           1  (LUT2=1)

    Location             Delay type                Incr(ns)  Path(ns)    Netlist Resource(s)
  -------------------------------------------------------------------    -------------------
                                                      0.000     0.000 r  clk_enable (IN)
                         net (fo=530, unset)          0.924     0.924    u_ddc_spec_avg_tc/clk_enable
                         LUT2 (Prop_lut2_I1_O)        0.100     1.024 r  u_ddc_spec_avg_tc/ce_out_INST_0/O
                         net (fo=17, unset)           0.924     1.949    ce_out
                                                                      r  ce_out (OUT)
  -------------------------------------------------------------------    -------------------





--------------------------------------------------------------------------------------
Path Group:  (none)
From Clock:  MWCLK
  To Clock:  

Max Delay            61 Endpoints
Min Delay            61 Endpoints
--------------------------------------------------------------------------------------


Max Delay Paths
--------------------------------------------------------------------------------------
Slack:                    inf
  Source:                 u_Spec_Avg/u_Simple_Dual_Port_RAM/ram_reg_0/CLKBWRCLK
                            (rising edge-triggered cell RAMB36E1 clocked by MWCLK  {rise@0.000ns fall@8.333ns period=16.667ns})
  Destination:            avg_out[29]
                            (output port)
  Path Group:             (none)
  Path Type:              Max at Slow Process Corner
  Data Path Delay:        7.869ns  (logic 5.445ns (69.198%)  route 2.424ns (30.802%))
  Logic Levels:           13  (CARRY4=11 LUT1=1 LUT2=1)
  Clock Uncertainty:      0.025ns  ((TSJ^2 + TIJ^2)^1/2 + DJ) / 2 + PE
    Total System Jitter     (TSJ):    0.050ns
    Total Input Jitter      (TIJ):    0.000ns
    Discrete Jitter          (DJ):    0.000ns
    Phase Error              (PE):    0.000ns

    Location             Delay type                Incr(ns)  Path(ns)    Netlist Resource(s)
  -------------------------------------------------------------------    -------------------
                         (clock MWCLK rise edge)      0.000     0.000 r  
                                                      0.000     0.000 r  clk (IN)
                         net (fo=29006, unset)        0.973     0.973    u_Spec_Avg/u_Simple_Dual_Port_RAM/clk
                         RAMB36E1                                     r  u_Spec_Avg/u_Simple_Dual_Port_RAM/ram_reg_0/CLKBWRCLK
  -------------------------------------------------------------------    -------------------
                         RAMB36E1 (Prop_ramb36e1_CLKBWRCLK_DOBDO[1])
                                                      2.454     3.427 r  u_Spec_Avg/u_Simple_Dual_Port_RAM/ram_reg_0/DOBDO[1]
                         net (fo=1, unplaced)         0.800     4.227    u_Spec_Avg/u_Simple_Dual_Port_RAM/Simple_Dual_Port_RAM_out1[1]
                         LUT2 (Prop_lut2_I1_O)        0.124     4.351 r  u_Spec_Avg/u_Simple_Dual_Port_RAM/avg_out[0]_INST_0_i_18/O
                         net (fo=1, unplaced)         0.000     4.351    u_Spec_Avg/u_Simple_Dual_Port_RAM/avg_out[0]_INST_0_i_18_n_0
                         CARRY4 (Prop_carry4_S[1]_CO[3])
                                                      0.533     4.884 r  u_Spec_Avg/u_Simple_Dual_Port_RAM/avg_out[0]_INST_0_i_11/CO[3]
                         net (fo=1, unplaced)         0.009     4.893    u_Spec_Avg/u_Simple_Dual_Port_RAM/avg_out[0]_INST_0_i_11_n_0
                         CARRY4 (Prop_carry4_CI_CO[3])
                                                      0.117     5.010 r  u_Spec_Avg/u_Simple_Dual_Port_RAM/avg_out[0]_INST_0_i_6/CO[3]
                         net (fo=1, unplaced)         0.000     5.010    u_Spec_Avg/u_Simple_Dual_Port_RAM/avg_out[0]_INST_0_i_6_n_0
                         CARRY4 (Prop_carry4_CI_CO[3])
                                                      0.117     5.127 r  u_Spec_Avg/u_Simple_Dual_Port_RAM/avg_out[0]_INST_0_i_5/CO[3]
                         net (fo=1, unplaced)         0.000     5.127    u_Spec_Avg/u_Simple_Dual_Port_RAM/avg_out[0]_INST_0_i_5_n_0
                         CARRY4 (Prop_carry4_CI_CO[3])
                                                      0.117     5.244 r  u_Spec_Avg/u_Simple_Dual_Port_RAM/avg_out[4]_INST_0_i_5/CO[3]
                         net (fo=1, unplaced)         0.000     5.244    u_Spec_Avg/u_Simple_Dual_Port_RAM/avg_out[4]_INST_0_i_5_n_0
                         CARRY4 (Prop_carry4_CI_CO[3])
                                                      0.117     5.361 r  u_Spec_Avg/u_Simple_Dual_Port_RAM/avg_out[12]_INST_0_i_7/CO[3]
                         net (fo=1, unplaced)         0.000     5.361    u_Spec_Avg/u_Simple_Dual_Port_RAM/avg_out[12]_INST_0_i_7_n_0
                         CARRY4 (Prop_carry4_CI_O[3])
                                                      0.331     5.692 f  u_Spec_Avg/u_Simple_Dual_Port_RAM/avg_out[12]_INST_0_i_2/O[3]
                         net (fo=4, unplaced)         0.642     6.334    u_Spec_Avg/u_Simple_Dual_Port_RAM/RESIZE[12]
                         LUT1 (Prop_lut1_I0_O)        0.300     6.634 r  u_Spec_Avg/u_Simple_Dual_Port_RAM/avg_out[12]_INST_0_i_1/O
                         net (fo=1, unplaced)         0.000     6.634    u_Spec_Avg/u_Simple_Dual_Port_RAM/avg_out[12]_INST_0_i_1_n_0
                         CARRY4 (Prop_carry4_DI[1]_CO[3])
                                                      0.547     7.181 r  u_Spec_Avg/u_Simple_Dual_Port_RAM/avg_out[12]_INST_0/CO[3]
                         net (fo=1, unplaced)         0.000     7.181    u_Spec_Avg/u_Simple_Dual_Port_RAM/avg_out[12]_INST_0_n_0
                         CARRY4 (Prop_carry4_CI_CO[3])
                                                      0.117     7.298 r  u_Spec_Avg/u_Simple_Dual_Port_RAM/avg_out[16]_INST_0/CO[3]
                         net (fo=1, unplaced)         0.000     7.298    u_Spec_Avg/u_Simple_Dual_Port_RAM/avg_out[16]_INST_0_n_0
                         CARRY4 (Prop_carry4_CI_CO[3])
                                                      0.117     7.415 r  u_Spec_Avg/u_Simple_Dual_Port_RAM/avg_out[20]_INST_0/CO[3]
                         net (fo=1, unplaced)         0.000     7.415    u_Spec_Avg/u_Simple_Dual_Port_RAM/avg_out[20]_INST_0_n_0
                         CARRY4 (Prop_carry4_CI_CO[3])
                                                      0.117     7.532 r  u_Spec_Avg/u_Simple_Dual_Port_RAM/avg_out[24]_INST_0/CO[3]
                         net (fo=1, unplaced)         0.000     7.532    u_Spec_Avg/u_Simple_Dual_Port_RAM/avg_out[24]_INST_0_n_0
                         CARRY4 (Prop_carry4_CI_O[1])
                                                      0.337     7.869 r  u_Spec_Avg/u_Simple_Dual_Port_RAM/avg_out[28]_INST_0/O[1]
                         net (fo=1, unset)            0.973     8.842    avg_out[29]
                                                                      r  avg_out[29] (OUT)
  -------------------------------------------------------------------    -------------------

Slack:                    inf
  Source:                 u_Spec_Avg/u_Simple_Dual_Port_RAM/ram_reg_0/CLKBWRCLK
                            (rising edge-triggered cell RAMB36E1 clocked by MWCLK  {rise@0.000ns fall@8.333ns period=16.667ns})
  Destination:            avg_out[29]
                            (output port)
  Path Group:             (none)
  Path Type:              Max at Slow Process Corner
  Data Path Delay:        7.869ns  (logic 5.445ns (69.198%)  route 2.424ns (30.802%))
  Logic Levels:           13  (CARRY4=11 LUT1=1 LUT2=1)
  Clock Uncertainty:      0.025ns  ((TSJ^2 + TIJ^2)^1/2 + DJ) / 2 + PE
    Total System Jitter     (TSJ):    0.050ns
    Total Input Jitter      (TIJ):    0.000ns
    Discrete Jitter          (DJ):    0.000ns
    Phase Error              (PE):    0.000ns

    Location             Delay type                Incr(ns)  Path(ns)    Netlist Resource(s)
  -------------------------------------------------------------------    -------------------
                         (clock MWCLK rise edge)      0.000     0.000 r  
                                                      0.000     0.000 r  clk (IN)
                         net (fo=29006, unset)        0.973     0.973    u_Spec_Avg/u_Simple_Dual_Port_RAM/clk
                         RAMB36E1                                     r  u_Spec_Avg/u_Simple_Dual_Port_RAM/ram_reg_0/CLKBWRCLK
  -------------------------------------------------------------------    -------------------
                         RAMB36E1 (Prop_ramb36e1_CLKBWRCLK_DOBDO[1])
                                                      2.454     3.427 f  u_Spec_Avg/u_Simple_Dual_Port_RAM/ram_reg_0/DOBDO[1]
                         net (fo=1, unplaced)         0.800     4.227    u_Spec_Avg/u_Simple_Dual_Port_RAM/Simple_Dual_Port_RAM_out1[1]
                         LUT2 (Prop_lut2_I1_O)        0.124     4.351 r  u_Spec_Avg/u_Simple_Dual_Port_RAM/avg_out[0]_INST_0_i_18/O
                         net (fo=1, unplaced)         0.000     4.351    u_Spec_Avg/u_Simple_Dual_Port_RAM/avg_out[0]_INST_0_i_18_n_0
                         CARRY4 (Prop_carry4_S[1]_CO[3])
                                                      0.533     4.884 r  u_Spec_Avg/u_Simple_Dual_Port_RAM/avg_out[0]_INST_0_i_11/CO[3]
                         net (fo=1, unplaced)         0.009     4.893    u_Spec_Avg/u_Simple_Dual_Port_RAM/avg_out[0]_INST_0_i_11_n_0
                         CARRY4 (Prop_carry4_CI_CO[3])
                                                      0.117     5.010 r  u_Spec_Avg/u_Simple_Dual_Port_RAM/avg_out[0]_INST_0_i_6/CO[3]
                         net (fo=1, unplaced)         0.000     5.010    u_Spec_Avg/u_Simple_Dual_Port_RAM/avg_out[0]_INST_0_i_6_n_0
                         CARRY4 (Prop_carry4_CI_CO[3])
                                                      0.117     5.127 r  u_Spec_Avg/u_Simple_Dual_Port_RAM/avg_out[0]_INST_0_i_5/CO[3]
                         net (fo=1, unplaced)         0.000     5.127    u_Spec_Avg/u_Simple_Dual_Port_RAM/avg_out[0]_INST_0_i_5_n_0
                         CARRY4 (Prop_carry4_CI_CO[3])
                                                      0.117     5.244 r  u_Spec_Avg/u_Simple_Dual_Port_RAM/avg_out[4]_INST_0_i_5/CO[3]
                         net (fo=1, unplaced)         0.000     5.244    u_Spec_Avg/u_Simple_Dual_Port_RAM/avg_out[4]_INST_0_i_5_n_0
                         CARRY4 (Prop_carry4_CI_CO[3])
                                                      0.117     5.361 r  u_Spec_Avg/u_Simple_Dual_Port_RAM/avg_out[12]_INST_0_i_7/CO[3]
                         net (fo=1, unplaced)         0.000     5.361    u_Spec_Avg/u_Simple_Dual_Port_RAM/avg_out[12]_INST_0_i_7_n_0
                         CARRY4 (Prop_carry4_CI_O[3])
                                                      0.331     5.692 f  u_Spec_Avg/u_Simple_Dual_Port_RAM/avg_out[12]_INST_0_i_2/O[3]
                         net (fo=4, unplaced)         0.642     6.334    u_Spec_Avg/u_Simple_Dual_Port_RAM/RESIZE[12]
                         LUT1 (Prop_lut1_I0_O)        0.300     6.634 r  u_Spec_Avg/u_Simple_Dual_Port_RAM/avg_out[12]_INST_0_i_1/O
                         net (fo=1, unplaced)         0.000     6.634    u_Spec_Avg/u_Simple_Dual_Port_RAM/avg_out[12]_INST_0_i_1_n_0
                         CARRY4 (Prop_carry4_DI[1]_CO[3])
                                                      0.547     7.181 r  u_Spec_Avg/u_Simple_Dual_Port_RAM/avg_out[12]_INST_0/CO[3]
                         net (fo=1, unplaced)         0.000     7.181    u_Spec_Avg/u_Simple_Dual_Port_RAM/avg_out[12]_INST_0_n_0
                         CARRY4 (Prop_carry4_CI_CO[3])
                                                      0.117     7.298 r  u_Spec_Avg/u_Simple_Dual_Port_RAM/avg_out[16]_INST_0/CO[3]
                         net (fo=1, unplaced)         0.000     7.298    u_Spec_Avg/u_Simple_Dual_Port_RAM/avg_out[16]_INST_0_n_0
                         CARRY4 (Prop_carry4_CI_CO[3])
                                                      0.117     7.415 r  u_Spec_Avg/u_Simple_Dual_Port_RAM/avg_out[20]_INST_0/CO[3]
                         net (fo=1, unplaced)         0.000     7.415    u_Spec_Avg/u_Simple_Dual_Port_RAM/avg_out[20]_INST_0_n_0
                         CARRY4 (Prop_carry4_CI_CO[3])
                                                      0.117     7.532 r  u_Spec_Avg/u_Simple_Dual_Port_RAM/avg_out[24]_INST_0/CO[3]
                         net (fo=1, unplaced)         0.000     7.532    u_Spec_Avg/u_Simple_Dual_Port_RAM/avg_out[24]_INST_0_n_0
                         CARRY4 (Prop_carry4_CI_O[1])
                                                      0.337     7.869 r  u_Spec_Avg/u_Simple_Dual_Port_RAM/avg_out[28]_INST_0/O[1]
                         net (fo=1, unset)            0.973     8.842    avg_out[29]
                                                                      r  avg_out[29] (OUT)
  -------------------------------------------------------------------    -------------------

Slack:                    inf
  Source:                 u_Spec_Avg/u_Simple_Dual_Port_RAM/ram_reg_0/CLKBWRCLK
                            (rising edge-triggered cell RAMB36E1 clocked by MWCLK  {rise@0.000ns fall@8.333ns period=16.667ns})
  Destination:            avg_out[29]
                            (output port)
  Path Group:             (none)
  Path Type:              Max at Slow Process Corner
  Data Path Delay:        7.869ns  (logic 5.445ns (69.198%)  route 2.424ns (30.802%))
  Logic Levels:           13  (CARRY4=11 LUT1=1 LUT2=1)
  Clock Uncertainty:      0.025ns  ((TSJ^2 + TIJ^2)^1/2 + DJ) / 2 + PE
    Total System Jitter     (TSJ):    0.050ns
    Total Input Jitter      (TIJ):    0.000ns
    Discrete Jitter          (DJ):    0.000ns
    Phase Error              (PE):    0.000ns

    Location             Delay type                Incr(ns)  Path(ns)    Netlist Resource(s)
  -------------------------------------------------------------------    -------------------
                         (clock MWCLK rise edge)      0.000     0.000 r  
                                                      0.000     0.000 r  clk (IN)
                         net (fo=29006, unset)        0.973     0.973    u_Spec_Avg/u_Simple_Dual_Port_RAM/clk
                         RAMB36E1                                     r  u_Spec_Avg/u_Simple_Dual_Port_RAM/ram_reg_0/CLKBWRCLK
  -------------------------------------------------------------------    -------------------
                         RAMB36E1 (Prop_ramb36e1_CLKBWRCLK_DOBDO[1])
                                                      2.454     3.427 r  u_Spec_Avg/u_Simple_Dual_Port_RAM/ram_reg_0/DOBDO[1]
                         net (fo=1, unplaced)         0.800     4.227    u_Spec_Avg/u_Simple_Dual_Port_RAM/Simple_Dual_Port_RAM_out1[1]
                         LUT2 (Prop_lut2_I1_O)        0.124     4.351 f  u_Spec_Avg/u_Simple_Dual_Port_RAM/avg_out[0]_INST_0_i_18/O
                         net (fo=1, unplaced)         0.000     4.351    u_Spec_Avg/u_Simple_Dual_Port_RAM/avg_out[0]_INST_0_i_18_n_0
                         CARRY4 (Prop_carry4_S[1]_CO[3])
                                                      0.533     4.884 r  u_Spec_Avg/u_Simple_Dual_Port_RAM/avg_out[0]_INST_0_i_11/CO[3]
                         net (fo=1, unplaced)         0.009     4.893    u_Spec_Avg/u_Simple_Dual_Port_RAM/avg_out[0]_INST_0_i_11_n_0
                         CARRY4 (Prop_carry4_CI_CO[3])
                                                      0.117     5.010 r  u_Spec_Avg/u_Simple_Dual_Port_RAM/avg_out[0]_INST_0_i_6/CO[3]
                         net (fo=1, unplaced)         0.000     5.010    u_Spec_Avg/u_Simple_Dual_Port_RAM/avg_out[0]_INST_0_i_6_n_0
                         CARRY4 (Prop_carry4_CI_CO[3])
                                                      0.117     5.127 r  u_Spec_Avg/u_Simple_Dual_Port_RAM/avg_out[0]_INST_0_i_5/CO[3]
                         net (fo=1, unplaced)         0.000     5.127    u_Spec_Avg/u_Simple_Dual_Port_RAM/avg_out[0]_INST_0_i_5_n_0
                         CARRY4 (Prop_carry4_CI_CO[3])
                                                      0.117     5.244 r  u_Spec_Avg/u_Simple_Dual_Port_RAM/avg_out[4]_INST_0_i_5/CO[3]
                         net (fo=1, unplaced)         0.000     5.244    u_Spec_Avg/u_Simple_Dual_Port_RAM/avg_out[4]_INST_0_i_5_n_0
                         CARRY4 (Prop_carry4_CI_CO[3])
                                                      0.117     5.361 r  u_Spec_Avg/u_Simple_Dual_Port_RAM/avg_out[12]_INST_0_i_7/CO[3]
                         net (fo=1, unplaced)         0.000     5.361    u_Spec_Avg/u_Simple_Dual_Port_RAM/avg_out[12]_INST_0_i_7_n_0
                         CARRY4 (Prop_carry4_CI_O[3])
                                                      0.331     5.692 f  u_Spec_Avg/u_Simple_Dual_Port_RAM/avg_out[12]_INST_0_i_2/O[3]
                         net (fo=4, unplaced)         0.642     6.334    u_Spec_Avg/u_Simple_Dual_Port_RAM/RESIZE[12]
                         LUT1 (Prop_lut1_I0_O)        0.300     6.634 r  u_Spec_Avg/u_Simple_Dual_Port_RAM/avg_out[12]_INST_0_i_1/O
                         net (fo=1, unplaced)         0.000     6.634    u_Spec_Avg/u_Simple_Dual_Port_RAM/avg_out[12]_INST_0_i_1_n_0
                         CARRY4 (Prop_carry4_DI[1]_CO[3])
                                                      0.547     7.181 r  u_Spec_Avg/u_Simple_Dual_Port_RAM/avg_out[12]_INST_0/CO[3]
                         net (fo=1, unplaced)         0.000     7.181    u_Spec_Avg/u_Simple_Dual_Port_RAM/avg_out[12]_INST_0_n_0
                         CARRY4 (Prop_carry4_CI_CO[3])
                                                      0.117     7.298 r  u_Spec_Avg/u_Simple_Dual_Port_RAM/avg_out[16]_INST_0/CO[3]
                         net (fo=1, unplaced)         0.000     7.298    u_Spec_Avg/u_Simple_Dual_Port_RAM/avg_out[16]_INST_0_n_0
                         CARRY4 (Prop_carry4_CI_CO[3])
                                                      0.117     7.415 r  u_Spec_Avg/u_Simple_Dual_Port_RAM/avg_out[20]_INST_0/CO[3]
                         net (fo=1, unplaced)         0.000     7.415    u_Spec_Avg/u_Simple_Dual_Port_RAM/avg_out[20]_INST_0_n_0
                         CARRY4 (Prop_carry4_CI_CO[3])
                                                      0.117     7.532 r  u_Spec_Avg/u_Simple_Dual_Port_RAM/avg_out[24]_INST_0/CO[3]
                         net (fo=1, unplaced)         0.000     7.532    u_Spec_Avg/u_Simple_Dual_Port_RAM/avg_out[24]_INST_0_n_0
                         CARRY4 (Prop_carry4_CI_O[1])
                                                      0.337     7.869 r  u_Spec_Avg/u_Simple_Dual_Port_RAM/avg_out[28]_INST_0/O[1]
                         net (fo=1, unset)            0.973     8.842    avg_out[29]
                                                                      r  avg_out[29] (OUT)
  -------------------------------------------------------------------    -------------------





Min Delay Paths
--------------------------------------------------------------------------------------
Slack:                    inf
  Source:                 xin26_reg[0]/C
                            (rising edge-triggered cell FDCE clocked by MWCLK  {rise@0.000ns fall@8.333ns period=16.667ns})
  Destination:            sample_in[0]
                            (output port)
  Path Group:             (none)
  Path Type:              Min at Fast Process Corner
  Data Path Delay:        0.574ns  (logic 0.164ns (28.565%)  route 0.410ns (71.435%))
  Logic Levels:           0  
  Clock Uncertainty:      0.025ns  ((TSJ^2 + TIJ^2)^1/2 + DJ) / 2 + PE
    Total System Jitter     (TSJ):    0.050ns
    Total Input Jitter      (TIJ):    0.000ns
    Discrete Jitter          (DJ):    0.000ns
    Phase Error              (PE):    0.000ns

    Location             Delay type                Incr(ns)  Path(ns)    Netlist Resource(s)
  -------------------------------------------------------------------    -------------------
                         (clock MWCLK rise edge)      0.000     0.000 r  
                                                      0.000     0.000 r  clk (IN)
                         net (fo=29006, unset)        0.410     0.410    clk
                         FDCE                                         r  xin26_reg[0]/C
  -------------------------------------------------------------------    -------------------
                         FDCE (Prop_fdce_C_Q)         0.164     0.574 r  xin26_reg[0]/Q
                         net (fo=3, unset)            0.410     0.984    sample_in[0]
                                                                      r  sample_in[0] (OUT)
  -------------------------------------------------------------------    -------------------

Slack:                    inf
  Source:                 xin26_reg[0]/C
                            (rising edge-triggered cell FDCE clocked by MWCLK  {rise@0.000ns fall@8.333ns period=16.667ns})
  Destination:            sample_in[0]
                            (output port)
  Path Group:             (none)
  Path Type:              Min at Fast Process Corner
  Data Path Delay:        0.574ns  (logic 0.164ns (28.565%)  route 0.410ns (71.435%))
  Logic Levels:           0  
  Clock Uncertainty:      0.025ns  ((TSJ^2 + TIJ^2)^1/2 + DJ) / 2 + PE
    Total System Jitter     (TSJ):    0.050ns
    Total Input Jitter      (TIJ):    0.000ns
    Discrete Jitter          (DJ):    0.000ns
    Phase Error              (PE):    0.000ns

    Location             Delay type                Incr(ns)  Path(ns)    Netlist Resource(s)
  -------------------------------------------------------------------    -------------------
                         (clock MWCLK rise edge)      0.000     0.000 r  
                                                      0.000     0.000 r  clk (IN)
                         net (fo=29006, unset)        0.410     0.410    clk
                         FDCE                                         r  xin26_reg[0]/C
  -------------------------------------------------------------------    -------------------
                         FDCE (Prop_fdce_C_Q)         0.164     0.574 f  xin26_reg[0]/Q
                         net (fo=3, unset)            0.410     0.984    sample_in[0]
                                                                      f  sample_in[0] (OUT)
  -------------------------------------------------------------------    -------------------

Slack:                    inf
  Source:                 xin26_reg[10]/C
                            (rising edge-triggered cell FDCE clocked by MWCLK  {rise@0.000ns fall@8.333ns period=16.667ns})
  Destination:            sample_in[10]
                            (output port)
  Path Group:             (none)
  Path Type:              Min at Fast Process Corner
  Data Path Delay:        0.574ns  (logic 0.164ns (28.565%)  route 0.410ns (71.435%))
  Logic Levels:           0  
  Clock Uncertainty:      0.025ns  ((TSJ^2 + TIJ^2)^1/2 + DJ) / 2 + PE
    Total System Jitter     (TSJ):    0.050ns
    Total Input Jitter      (TIJ):    0.000ns
    Discrete Jitter          (DJ):    0.000ns
    Phase Error              (PE):    0.000ns

    Location             Delay type                Incr(ns)  Path(ns)    Netlist Resource(s)
  -------------------------------------------------------------------    -------------------
                         (clock MWCLK rise edge)      0.000     0.000 r  
                                                      0.000     0.000 r  clk (IN)
                         net (fo=29006, unset)        0.410     0.410    clk
                         FDCE                                         r  xin26_reg[10]/C
  -------------------------------------------------------------------    -------------------
                         FDCE (Prop_fdce_C_Q)         0.164     0.574 r  xin26_reg[10]/Q
                         net (fo=3, unset)            0.410     0.984    sample_in[10]
                                                                      r  sample_in[10] (OUT)
  -------------------------------------------------------------------    -------------------





--------------------------------------------------------------------------------------
Path Group:  (none)
From Clock:  
  To Clock:  MWCLK

Max Delay         49994 Endpoints
Min Delay         49994 Endpoints
--------------------------------------------------------------------------------------


Max Delay Paths
--------------------------------------------------------------------------------------
Slack:                    inf
  Source:                 clk_enable
                            (input port)
  Destination:            u_FFT/u_SDF2_2_1/u_SDFCOMMUTATOR_2/SDFCummutator_wrAddr_reg_reg[0]/CE
                            (rising edge-triggered cell FDCE clocked by MWCLK  {rise@0.000ns fall@8.333ns period=16.667ns})
  Path Group:             (none)
  Path Type:              Setup (Max at Slow Process Corner)
  Data Path Delay:        3.478ns  (logic 0.496ns (14.261%)  route 2.982ns (85.739%))
  Logic Levels:           4  (LUT2=1 LUT5=3)
  Clock Path Skew:        0.924ns (DCD - SCD + CPR)
    Destination Clock Delay (DCD):    0.924ns
    Source Clock Delay      (SCD):    0.000ns
    Clock Pessimism Removal (CPR):    0.000ns
  Clock Uncertainty:      0.025ns  ((TSJ^2 + TIJ^2)^1/2 + DJ) / 2 + PE
    Total System Jitter     (TSJ):    0.050ns
    Total Input Jitter      (TIJ):    0.000ns
    Discrete Jitter          (DJ):    0.000ns
    Phase Error              (PE):    0.000ns

    Location             Delay type                Incr(ns)  Path(ns)    Netlist Resource(s)
  -------------------------------------------------------------------    -------------------
                                                      0.000     0.000 r  clk_enable (IN)
                         net (fo=530, unset)          0.973     0.973    u_ddc_spec_avg_tc/clk_enable
                         LUT2 (Prop_lut2_I1_O)        0.124     1.097 r  u_ddc_spec_avg_tc/xin26[25]_i_1/O
                         net (fo=25519, unplaced)     0.559     1.656    u_FFT/u_SDF2_2_1/u_SDFCOMMUTATOR_2/enb_1_2_0
                         LUT5 (Prop_lut5_I0_O)        0.124     1.780 r  u_FFT/u_SDF2_2_1/u_SDFCOMMUTATOR_2/SDFCummutator_wrAddr_reg[6]_i_6/O
                         net (fo=1, unplaced)         0.449     2.229    u_FFT/u_SDF2_2_1/u_SDFCOMMUTATOR_2/SDFCummutator_wrAddr_reg[6]_i_6_n_0
                         LUT5 (Prop_lut5_I4_O)        0.124     2.353 r  u_FFT/u_SDF2_2_1/u_SDFCOMMUTATOR_2/SDFCummutator_wrAddr_reg[6]_i_3/O
                         net (fo=1, unplaced)         0.449     2.802    u_FFT/u_SDF2_2_1/u_SDFCOMMUTATOR_2/SDFCummutator_wrAddr_reg[6]_i_3_n_0
                         LUT5 (Prop_lut5_I4_O)        0.124     2.926 r  u_FFT/u_SDF2_2_1/u_SDFCOMMUTATOR_2/SDFCummutator_wrAddr_reg[6]_i_1__0/O
                         net (fo=43, unplaced)        0.552     3.478    u_FFT/u_SDF2_2_1/u_SDFCOMMUTATOR_2/SDFCummutator_wrAddr_reg
                         FDCE                                         r  u_FFT/u_SDF2_2_1/u_SDFCOMMUTATOR_2/SDFCummutator_wrAddr_reg_reg[0]/CE
  -------------------------------------------------------------------    -------------------

                         (clock MWCLK rise edge)      0.000     0.000 r  
                                                      0.000     0.000 r  clk (IN)
                         net (fo=29006, unset)        0.924     0.924    u_FFT/u_SDF2_2_1/u_SDFCOMMUTATOR_2/clk
                         FDCE                                         r  u_FFT/u_SDF2_2_1/u_SDFCOMMUTATOR_2/SDFCummutator_wrAddr_reg_reg[0]/C

Slack:                    inf
  Source:                 clk_enable
                            (input port)
  Destination:            u_FFT/u_SDF2_2_1/u_SDFCOMMUTATOR_2/SDFCummutator_wrAddr_reg_reg[0]/CE
                            (rising edge-triggered cell FDCE clocked by MWCLK  {rise@0.000ns fall@8.333ns period=16.667ns})
  Path Group:             (none)
  Path Type:              Setup (Max at Slow Process Corner)
  Data Path Delay:        3.478ns  (logic 0.496ns (14.261%)  route 2.982ns (85.739%))
  Logic Levels:           4  (LUT2=1 LUT5=3)
  Clock Path Skew:        0.924ns (DCD - SCD + CPR)
    Destination Clock Delay (DCD):    0.924ns
    Source Clock Delay      (SCD):    0.000ns
    Clock Pessimism Removal (CPR):    0.000ns
  Clock Uncertainty:      0.025ns  ((TSJ^2 + TIJ^2)^1/2 + DJ) / 2 + PE
    Total System Jitter     (TSJ):    0.050ns
    Total Input Jitter      (TIJ):    0.000ns
    Discrete Jitter          (DJ):    0.000ns
    Phase Error              (PE):    0.000ns

    Location             Delay type                Incr(ns)  Path(ns)    Netlist Resource(s)
  -------------------------------------------------------------------    -------------------
                                                      0.000     0.000 r  clk_enable (IN)
                         net (fo=530, unset)          0.973     0.973    u_ddc_spec_avg_tc/clk_enable
                         LUT2 (Prop_lut2_I1_O)        0.124     1.097 r  u_ddc_spec_avg_tc/xin26[25]_i_1/O
                         net (fo=25519, unplaced)     0.559     1.656    u_FFT/u_SDF2_2_1/u_SDFCOMMUTATOR_2/enb_1_2_0
                         LUT5 (Prop_lut5_I0_O)        0.124     1.780 r  u_FFT/u_SDF2_2_1/u_SDFCOMMUTATOR_2/SDFCummutator_wrAddr_reg[6]_i_6/O
                         net (fo=1, unplaced)         0.449     2.229    u_FFT/u_SDF2_2_1/u_SDFCOMMUTATOR_2/SDFCummutator_wrAddr_reg[6]_i_6_n_0
                         LUT5 (Prop_lut5_I4_O)        0.124     2.353 r  u_FFT/u_SDF2_2_1/u_SDFCOMMUTATOR_2/SDFCummutator_wrAddr_reg[6]_i_3/O
                         net (fo=1, unplaced)         0.449     2.802    u_FFT/u_SDF2_2_1/u_SDFCOMMUTATOR_2/SDFCummutator_wrAddr_reg[6]_i_3_n_0
                         LUT5 (Prop_lut5_I4_O)        0.124     2.926 r  u_FFT/u_SDF2_2_1/u_SDFCOMMUTATOR_2/SDFCummutator_wrAddr_reg[6]_i_1__0/O
                         net (fo=43, unplaced)        0.552     3.478    u_FFT/u_SDF2_2_1/u_SDFCOMMUTATOR_2/SDFCummutator_wrAddr_reg
                         FDCE                                         r  u_FFT/u_SDF2_2_1/u_SDFCOMMUTATOR_2/SDFCummutator_wrAddr_reg_reg[0]/CE
  -------------------------------------------------------------------    -------------------

                         (clock MWCLK rise edge)      0.000     0.000 r  
                                                      0.000     0.000 r  clk (IN)
                         net (fo=29006, unset)        0.924     0.924    u_FFT/u_SDF2_2_1/u_SDFCOMMUTATOR_2/clk
                         FDCE                                         r  u_FFT/u_SDF2_2_1/u_SDFCOMMUTATOR_2/SDFCummutator_wrAddr_reg_reg[0]/C

Slack:                    inf
  Source:                 clk_enable
                            (input port)
  Destination:            u_FFT/u_SDF2_2_1/u_SDFCOMMUTATOR_2/SDFCummutator_wrAddr_reg_reg[0]/CE
                            (rising edge-triggered cell FDCE clocked by MWCLK  {rise@0.000ns fall@8.333ns period=16.667ns})
  Path Group:             (none)
  Path Type:              Setup (Max at Slow Process Corner)
  Data Path Delay:        3.478ns  (logic 0.496ns (14.261%)  route 2.982ns (85.739%))
  Logic Levels:           4  (LUT2=1 LUT5=3)
  Clock Path Skew:        0.924ns (DCD - SCD + CPR)
    Destination Clock Delay (DCD):    0.924ns
    Source Clock Delay      (SCD):    0.000ns
    Clock Pessimism Removal (CPR):    0.000ns
  Clock Uncertainty:      0.025ns  ((TSJ^2 + TIJ^2)^1/2 + DJ) / 2 + PE
    Total System Jitter     (TSJ):    0.050ns
    Total Input Jitter      (TIJ):    0.000ns
    Discrete Jitter          (DJ):    0.000ns
    Phase Error              (PE):    0.000ns

    Location             Delay type                Incr(ns)  Path(ns)    Netlist Resource(s)
  -------------------------------------------------------------------    -------------------
                                                      0.000     0.000 f  clk_enable (IN)
                         net (fo=530, unset)          0.973     0.973    u_ddc_spec_avg_tc/clk_enable
                         LUT2 (Prop_lut2_I1_O)        0.124     1.097 f  u_ddc_spec_avg_tc/xin26[25]_i_1/O
                         net (fo=25519, unplaced)     0.559     1.656    u_FFT/u_SDF2_2_1/u_SDFCOMMUTATOR_2/enb_1_2_0
                         LUT5 (Prop_lut5_I0_O)        0.124     1.780 f  u_FFT/u_SDF2_2_1/u_SDFCOMMUTATOR_2/SDFCummutator_wrAddr_reg[6]_i_6/O
                         net (fo=1, unplaced)         0.449     2.229    u_FFT/u_SDF2_2_1/u_SDFCOMMUTATOR_2/SDFCummutator_wrAddr_reg[6]_i_6_n_0
                         LUT5 (Prop_lut5_I4_O)        0.124     2.353 f  u_FFT/u_SDF2_2_1/u_SDFCOMMUTATOR_2/SDFCummutator_wrAddr_reg[6]_i_3/O
                         net (fo=1, unplaced)         0.449     2.802    u_FFT/u_SDF2_2_1/u_SDFCOMMUTATOR_2/SDFCummutator_wrAddr_reg[6]_i_3_n_0
                         LUT5 (Prop_lut5_I4_O)        0.124     2.926 f  u_FFT/u_SDF2_2_1/u_SDFCOMMUTATOR_2/SDFCummutator_wrAddr_reg[6]_i_1__0/O
                         net (fo=43, unplaced)        0.552     3.478    u_FFT/u_SDF2_2_1/u_SDFCOMMUTATOR_2/SDFCummutator_wrAddr_reg
                         FDCE                                         f  u_FFT/u_SDF2_2_1/u_SDFCOMMUTATOR_2/SDFCummutator_wrAddr_reg_reg[0]/CE
  -------------------------------------------------------------------    -------------------

                         (clock MWCLK rise edge)      0.000     0.000 r  
                                                      0.000     0.000 r  clk (IN)
                         net (fo=29006, unset)        0.924     0.924    u_FFT/u_SDF2_2_1/u_SDFCOMMUTATOR_2/clk
                         FDCE                                         r  u_FFT/u_SDF2_2_1/u_SDFCOMMUTATOR_2/SDFCummutator_wrAddr_reg_reg[0]/C





Min Delay Paths
--------------------------------------------------------------------------------------
Slack:                    inf
  Source:                 reset
                            (input port)
  Destination:            Delay_ValidIn_reg_reg[26]/CLR
                            (removal check against rising-edge clock MWCLK  {rise@0.000ns fall@8.333ns period=16.667ns})
  Path Group:             (none)
  Path Type:              Removal (Min at Fast Process Corner)
  Data Path Delay:        0.410ns  (logic 0.000ns (0.000%)  route 0.410ns (100.000%))
  Logic Levels:           0  
  Clock Path Skew:        0.432ns (DCD - SCD - CPR)
    Destination Clock Delay (DCD):    0.432ns
    Source Clock Delay      (SCD):    0.000ns
    Clock Pessimism Removal (CPR):    -0.000ns

    Location             Delay type                Incr(ns)  Path(ns)    Netlist Resource(s)
  -------------------------------------------------------------------    -------------------
                                                      0.000     0.000 f  reset (IN)
                         net (fo=20897, unset)        0.410     0.410    reset
                         FDCE                                         f  Delay_ValidIn_reg_reg[26]/CLR
  -------------------------------------------------------------------    -------------------

                         (clock MWCLK rise edge)      0.000     0.000 r  
                                                      0.000     0.000 r  clk (IN)
                         net (fo=29006, unset)        0.432     0.432    clk
                         FDCE                                         r  Delay_ValidIn_reg_reg[26]/C

Slack:                    inf
  Source:                 reset
                            (input port)
  Destination:            Delay_ValidIn_reg_reg[26]/CLR
                            (removal check against rising-edge clock MWCLK  {rise@0.000ns fall@8.333ns period=16.667ns})
  Path Group:             (none)
  Path Type:              Removal (Min at Fast Process Corner)
  Data Path Delay:        0.410ns  (logic 0.000ns (0.000%)  route 0.410ns (100.000%))
  Logic Levels:           0  
  Clock Path Skew:        0.432ns (DCD - SCD - CPR)
    Destination Clock Delay (DCD):    0.432ns
    Source Clock Delay      (SCD):    0.000ns
    Clock Pessimism Removal (CPR):    -0.000ns

    Location             Delay type                Incr(ns)  Path(ns)    Netlist Resource(s)
  -------------------------------------------------------------------    -------------------
                                                      0.000     0.000 f  reset (IN)
                         net (fo=20897, unset)        0.410     0.410    reset
                         FDCE                                         f  Delay_ValidIn_reg_reg[26]/CLR
  -------------------------------------------------------------------    -------------------

                         (clock MWCLK rise edge)      0.000     0.000 r  
                                                      0.000     0.000 r  clk (IN)
                         net (fo=29006, unset)        0.432     0.432    clk
                         FDCE                                         r  Delay_ValidIn_reg_reg[26]/C

Slack:                    inf
  Source:                 reset
                            (input port)
  Destination:            Delay_reg_reg[13311][0]/CLR
                            (removal check against rising-edge clock MWCLK  {rise@0.000ns fall@8.333ns period=16.667ns})
  Path Group:             (none)
  Path Type:              Removal (Min at Fast Process Corner)
  Data Path Delay:        0.410ns  (logic 0.000ns (0.000%)  route 0.410ns (100.000%))
  Logic Levels:           0  
  Clock Path Skew:        0.432ns (DCD - SCD - CPR)
    Destination Clock Delay (DCD):    0.432ns
    Source Clock Delay      (SCD):    0.000ns
    Clock Pessimism Removal (CPR):    -0.000ns

    Location             Delay type                Incr(ns)  Path(ns)    Netlist Resource(s)
  -------------------------------------------------------------------    -------------------
                                                      0.000     0.000 f  reset (IN)
                         net (fo=20897, unset)        0.410     0.410    reset
                         FDCE                                         f  Delay_reg_reg[13311][0]/CLR
  -------------------------------------------------------------------    -------------------

                         (clock MWCLK rise edge)      0.000     0.000 r  
                                                      0.000     0.000 r  clk (IN)
                         net (fo=29006, unset)        0.432     0.432    clk
                         FDCE                                         r  Delay_reg_reg[13311][0]/C





