#-----------------------------------------------------------
# Vivado v2024.1 (64-bit)
# SW Build 5076996 on Wed May 22 18:37:14 MDT 2024
# IP Build 5075265 on Wed May 22 21:45:21 MDT 2024
# SharedData Build 5076995 on Wed May 22 18:29:18 MDT 2024
# Start of session at: Mon Dec  1 10:49:58 2025
# Process ID: 31136
# Current directory: C:/Users/caleb/Documents/GitHub/SES-598-Fall-2025/DISTEL_HW13_11302025
# Command line: vivado.exe -mode tcl
# Log file: C:/Users/caleb/Documents/GitHub/SES-598-Fall-2025/DISTEL_HW13_11302025/vivado.log
# Journal file: C:/Users/caleb/Documents/GitHub/SES-598-Fall-2025/DISTEL_HW13_11302025\vivado.jou
# Running On        :LAPTOP-CEB4FDNH
# Platform          :Windows Server 2016 or Windows 10
# Operating System  :26100
# Processor Detail  :Intel(R) Xeon(R) W-10855M CPU @ 2.80GHz
# CPU Frequency     :2808 MHz
# CPU Physical cores:6
# CPU Logical cores :12
# Host memory       :34065 MB
# Swap memory       :12348 MB
# Total Virtual     :46413 MB
# Available Virtual :4989 MB
#-----------------------------------------------------------
open_project hdlverifier_wizard_project/wizprj.xpr
INFO: [ProjectBase 1-489] The host OS only allows 260 characters in a normal path. The project is stored in a path with more than 80 characters. If you experience issues with IP, Block Designs, or files not being found, please consider moving the project to a location with a shorter path. Alternately consider using the OS subst command to map part of the path to a drive letter.
Current project path is 'C:/Users/caleb/Documents/GitHub/SES-598-Fall-2025/DISTEL_HW13_11302025/hdlverifier_wizard_project'
INFO: [filemgmt 56-3] Default IP Output Path : Could not find the directory 'C:/Users/caleb/Documents/GitHub/SES-598-Fall-2025/DISTEL_HW13_11302025/hdlverifier_wizard_project/wizprj.gen/sources_1'.
Scanning sources...
Finished scanning sources
open_project: Time (s): cpu = 00:00:07 ; elapsed = 00:00:08 . Memory (MB): peak = 498.414 ; gain = 201.207
set_property -name {xelab.debug_level} -value {off} -objects [get_filesets sim_1]
set_property -name {xelab.more_options} -value { --timescale 1ps/1ps --override_timeprecision } -objects [get_filesets sim_1]
set_property -name {xelab.dll} -value {1} -objects [get_filesets sim_1]
set_property -name {xelab.snapshot} -value {design} -objects [get_filesets sim_1]
launch_simulation
Command: launch_simulation 
INFO: [Vivado 12-12493] Simulation top is 'Subsystem'
WARNING: [Vivado 12-13340] Unable to auto find GCC executables from simulator install path! (path not set)
INFO: [Vivado 12-5682] Launching behavioral simulation in 'C:/Users/caleb/Documents/GitHub/SES-598-Fall-2025/DISTEL_HW13_11302025/hdlverifier_wizard_project/wizprj.sim/sim_1/behav/xsim'
INFO: [SIM-utils-51] Simulation object is 'sim_1'
INFO: [SIM-utils-72] Using boost library from 'C:/Xilinx/Vivado/2024.1/tps/boost_1_72_0'
INFO: [SIM-utils-54] Inspecting design source files for 'Subsystem' in fileset 'sim_1'...
INFO: [USF-XSim-97] Finding global include files...
INFO: [USF-XSim-98] Fetching design files from 'sim_1'...
INFO: [USF-XSim-2] XSim::Compile design
INFO: [USF-XSim-61] Executing 'COMPILE and ANALYZE' step in 'C:/Users/caleb/Documents/GitHub/SES-598-Fall-2025/DISTEL_HW13_11302025/hdlverifier_wizard_project/wizprj.sim/sim_1/behav/xsim'
"xvhdl --incr --relax -prj Subsystem_vhdl.prj"
INFO: [USF-XSim-69] 'compile' step finished in '3' seconds
INFO: [USF-XSim-3] XSim::Elaborate design
INFO: [USF-XSim-61] Executing 'ELABORATE' step in 'C:/Users/caleb/Documents/GitHub/SES-598-Fall-2025/DISTEL_HW13_11302025/hdlverifier_wizard_project/wizprj.sim/sim_1/behav/xsim'
"xelab --incr --debug off --dll --relax --mt 2 -L xil_defaultlib -L secureip --snapshot design xil_defaultlib.Subsystem -log elaborate.log  --timescale 1ps/1ps --override_timeprecision "
Vivado Simulator v2024.1
Copyright 1986-2022 Xilinx, Inc. All Rights Reserved.
Copyright 2022-2024 Advanced Micro Devices, Inc. All Rights Reserved.
Running: C:/Xilinx/Vivado/2024.1/bin/unwrapped/win64.o/xelab.exe --incr --debug off --dll --relax --mt 2 -L xil_defaultlib -L secureip --snapshot design xil_defaultlib.Subsystem -log elaborate.log --timescale 1ps/1ps --override_timeprecision 
Using 2 slave threads.
Starting static elaboration
Completed static elaboration
Starting simulation data flow analysis
Completed simulation data flow analysis
Time Resolution for simulation is 1ps
Compiling package std.standard
Compiling package std.textio
Compiling package ieee.std_logic_1164
Compiling package ieee.numeric_std
Compiling package xil_defaultlib.subsystem_pkg
Compiling architecture rtl of entity xil_defaultlib.Subsystem_tc [subsystem_tc_default]
Compiling architecture rtl of entity xil_defaultlib.Increment_Real_World [increment_real_world_default]
Compiling architecture rtl of entity xil_defaultlib.Wrap_To_Zero [wrap_to_zero_default]
Compiling architecture rtl of entity xil_defaultlib.Counter_Limited [counter_limited_default]
Compiling architecture rtl of entity xil_defaultlib.DitherGen [dithergen_default]
Compiling architecture rtl of entity xil_defaultlib.LookUpTableGen [lookuptablegen_default]
Compiling architecture rtl of entity xil_defaultlib.WaveformGen [waveformgen_default]
Compiling architecture rtl of entity xil_defaultlib.NCO1 [nco1_default]
Compiling architecture rtl of entity xil_defaultlib.Chirp [chirp_default]
Compiling architecture rtl of entity xil_defaultlib.DitherGen_block [dithergen_block_default]
Compiling architecture rtl of entity xil_defaultlib.LookUpTableGen_block [lookuptablegen_block_default]
Compiling architecture rtl of entity xil_defaultlib.WaveformGen_block [waveformgen_block_default]
Compiling architecture rtl of entity xil_defaultlib.NCO [nco_default]
Compiling architecture rtl of entity xil_defaultlib.LPF [lpf_default]
Compiling architecture rtl of entity xil_defaultlib.DDC [ddc_default]
Compiling architecture rtl of entity xil_defaultlib.RADIX22FFT_CTRL1_1 [radix22fft_ctrl1_1_default]
Compiling architecture rtl of entity xil_defaultlib.SimpleDualPortRAM_generic [\SimpleDualPortRAM_generic(addrw...]
Compiling architecture rtl of entity xil_defaultlib.SimpleDualPortRAM_generic [\SimpleDualPortRAM_generic(addrw...]
Compiling architecture rtl of entity xil_defaultlib.SDFCommutator1 [sdfcommutator1_default]
Compiling architecture rtl of entity xil_defaultlib.RADIX22FFT_SDF1_1 [radix22fft_sdf1_1_default]
Compiling architecture rtl of entity xil_defaultlib.RADIX22FFT_CTRL1_2 [radix22fft_ctrl1_2_default]
Compiling architecture rtl of entity xil_defaultlib.SimpleDualPortRAM_generic [\SimpleDualPortRAM_generic(addrw...]
Compiling architecture rtl of entity xil_defaultlib.SimpleDualPortRAM_generic [\SimpleDualPortRAM_generic(addrw...]
Compiling architecture rtl of entity xil_defaultlib.SDFCommutator2 [sdfcommutator2_default]
Compiling architecture rtl of entity xil_defaultlib.RADIX22FFT_SDF2_2 [radix22fft_sdf2_2_default]
Compiling architecture rtl of entity xil_defaultlib.TWDLROM_3_1 [twdlrom_3_1_default]
Compiling architecture rtl of entity xil_defaultlib.RADIX22FFT_CTRL1_3 [radix22fft_ctrl1_3_default]
Compiling architecture rtl of entity xil_defaultlib.Complex4Multiply [complex4multiply_default]
Compiling architecture rtl of entity xil_defaultlib.SimpleDualPortRAM_generic [\SimpleDualPortRAM_generic(addrw...]
Compiling architecture rtl of entity xil_defaultlib.SimpleDualPortRAM_generic [\SimpleDualPortRAM_generic(addrw...]
Compiling architecture rtl of entity xil_defaultlib.SDFCommutator3 [sdfcommutator3_default]
Compiling architecture rtl of entity xil_defaultlib.RADIX22FFT_SDF1_3 [radix22fft_sdf1_3_default]
Compiling architecture rtl of entity xil_defaultlib.RADIX22FFT_CTRL1_4 [radix22fft_ctrl1_4_default]
Compiling architecture rtl of entity xil_defaultlib.SimpleDualPortRAM_generic [\SimpleDualPortRAM_generic(addrw...]
Compiling architecture rtl of entity xil_defaultlib.SimpleDualPortRAM_generic [\SimpleDualPortRAM_generic(addrw...]
Compiling architecture rtl of entity xil_defaultlib.SDFCommutator4 [sdfcommutator4_default]
Compiling architecture rtl of entity xil_defaultlib.RADIX22FFT_SDF2_4 [radix22fft_sdf2_4_default]
Compiling architecture rtl of entity xil_defaultlib.TWDLROM_5_1 [twdlrom_5_1_default]
Compiling architecture rtl of entity xil_defaultlib.RADIX22FFT_CTRL1_5 [radix22fft_ctrl1_5_default]
Compiling architecture rtl of entity xil_defaultlib.Complex4Multiply_block [complex4multiply_block_default]
Compiling architecture rtl of entity xil_defaultlib.SimpleDualPortRAM_generic [\SimpleDualPortRAM_generic(addrw...]
Compiling architecture rtl of entity xil_defaultlib.SimpleDualPortRAM_generic [\SimpleDualPortRAM_generic(addrw...]
Compiling architecture rtl of entity xil_defaultlib.SDFCommutator5 [sdfcommutator5_default]
Compiling architecture rtl of entity xil_defaultlib.RADIX22FFT_SDF1_5 [radix22fft_sdf1_5_default]
Compiling architecture rtl of entity xil_defaultlib.RADIX22FFT_CTRL1_6 [radix22fft_ctrl1_6_default]
Compiling architecture rtl of entity xil_defaultlib.SimpleDualPortRAM_generic [\SimpleDualPortRAM_generic(addrw...]
Compiling architecture rtl of entity xil_defaultlib.SDFCommutator6 [sdfcommutator6_default]
Compiling architecture rtl of entity xil_defaultlib.RADIX22FFT_SDF2_6 [radix22fft_sdf2_6_default]
Compiling architecture rtl of entity xil_defaultlib.TWDLROM_7_1 [twdlrom_7_1_default]
Compiling architecture rtl of entity xil_defaultlib.RADIX22FFT_CTRL1_7 [radix22fft_ctrl1_7_default]
Compiling architecture rtl of entity xil_defaultlib.Complex4Multiply_block1 [complex4multiply_block1_default]
Compiling architecture rtl of entity xil_defaultlib.SimpleDualPortRAM_generic [\SimpleDualPortRAM_generic(addrw...]
Compiling architecture rtl of entity xil_defaultlib.SimpleDualPortRAM_generic [\SimpleDualPortRAM_generic(addrw...]
Compiling architecture rtl of entity xil_defaultlib.SDFCommutator7 [sdfcommutator7_default]
Compiling architecture rtl of entity xil_defaultlib.RADIX22FFT_SDF1_7 [radix22fft_sdf1_7_default]
Compiling architecture rtl of entity xil_defaultlib.RADIX22FFT_CTRL1_8 [radix22fft_ctrl1_8_default]
Compiling architecture rtl of entity xil_defaultlib.SimpleDualPortRAM_generic [\SimpleDualPortRAM_generic(addrw...]
Compiling architecture rtl of entity xil_defaultlib.SDFCommutator8 [sdfcommutator8_default]
Compiling architecture rtl of entity xil_defaultlib.RADIX22FFT_SDF2_8 [radix22fft_sdf2_8_default]
Compiling architecture rtl of entity xil_defaultlib.TWDLROM_9_1 [twdlrom_9_1_default]
Compiling architecture rtl of entity xil_defaultlib.RADIX22FFT_CTRL1_1_block [radix22fft_ctrl1_1_block_default]
Compiling architecture rtl of entity xil_defaultlib.Complex4Multiply_block2 [complex4multiply_block2_default]
Compiling architecture rtl of entity xil_defaultlib.SimpleDualPortRAM_generic [\SimpleDualPortRAM_generic(addrw...]
Compiling architecture rtl of entity xil_defaultlib.SDFCommutator9 [sdfcommutator9_default]
Compiling architecture rtl of entity xil_defaultlib.RADIX22FFT_SDF1_9 [radix22fft_sdf1_9_default]
Compiling architecture rtl of entity xil_defaultlib.SimpleDualPortRAM_generic [\SimpleDualPortRAM_generic(addrw...]
Compiling architecture rtl of entity xil_defaultlib.RADIX2FFT_bitNatural [radix2fft_bitnatural_default]
Compiling architecture rtl of entity xil_defaultlib.FFT [fft_default]
Compiling architecture rtl of entity xil_defaultlib.Quadrant_Mapper [quadrant_mapper_default]
Compiling architecture rtl of entity xil_defaultlib.CordicKernelMag [cordickernelmag_default]
Compiling architecture rtl of entity xil_defaultlib.CordicKernelMag_block [cordickernelmag_block_default]
Compiling architecture rtl of entity xil_defaultlib.CordicKernelMag_block1 [cordickernelmag_block1_default]
Compiling architecture rtl of entity xil_defaultlib.CordicKernelMag_block2 [cordickernelmag_block2_default]
Compiling architecture rtl of entity xil_defaultlib.CordicKernelMag_block3 [cordickernelmag_block3_default]
Compiling architecture rtl of entity xil_defaultlib.CordicKernelMag_block4 [cordickernelmag_block4_default]
Compiling architecture rtl of entity xil_defaultlib.CordicKernelMag_block5 [cordickernelmag_block5_default]
Compiling architecture rtl of entity xil_defaultlib.CordicKernelMag_block6 [cordickernelmag_block6_default]
Compiling architecture rtl of entity xil_defaultlib.CordicKernelMag_block7 [cordickernelmag_block7_default]
Compiling architecture rtl of entity xil_defaultlib.CordicKernelMag_block8 [cordickernelmag_block8_default]
Compiling architecture rtl of entity xil_defaultlib.CordicKernelMag_block9 [cordickernelmag_block9_default]
Compiling architecture rtl of entity xil_defaultlib.CordicKernelMag_block10 [cordickernelmag_block10_default]
Compiling architecture rtl of entity xil_defaultlib.CordicKernelMag_block11 [cordickernelmag_block11_default]
Compiling architecture rtl of entity xil_defaultlib.CordicKernelMag_block12 [cordickernelmag_block12_default]
Compiling architecture rtl of entity xil_defaultlib.CordicKernelMag_block13 [cordickernelmag_block13_default]
Compiling architecture rtl of entity xil_defaultlib.CordicKernelMag_block14 [cordickernelmag_block14_default]
Compiling architecture rtl of entity xil_defaultlib.CordicKernelMag_block15 [cordickernelmag_block15_default]
Compiling architecture rtl of entity xil_defaultlib.CordicKernelMag_block16 [cordickernelmag_block16_default]
Compiling architecture rtl of entity xil_defaultlib.CordicKernelMag_block17 [cordickernelmag_block17_default]
Compiling architecture rtl of entity xil_defaultlib.CordicKernelMag_block18 [cordickernelmag_block18_default]
Compiling architecture rtl of entity xil_defaultlib.CordicKernelMag_block19 [cordickernelmag_block19_default]
Compiling architecture rtl of entity xil_defaultlib.CordicKernelMag_block20 [cordickernelmag_block20_default]
Compiling architecture rtl of entity xil_defaultlib.CordicKernelMag_block21 [cordickernelmag_block21_default]
Compiling architecture rtl of entity xil_defaultlib.CordicKernelMag_block22 [cordickernelmag_block22_default]
Compiling architecture rtl of entity xil_defaultlib.SimpleDualPortRAM_generic [\SimpleDualPortRAM_generic(addrw...]
Compiling architecture rtl of entity xil_defaultlib.Spec_Avg [spec_avg_default]
Compiling architecture rtl of entity xil_defaultlib.subsystem
Built XSI simulation shared library xsim.dir/design/xsimk.dll
run_program: Time (s): cpu = 00:00:00 ; elapsed = 00:00:13 . Memory (MB): peak = 503.641 ; gain = 0.000
INFO: [USF-XSim-69] 'elaborate' step finished in '13' seconds
INFO: [USF-XSim-4] XSim::Simulate design
INFO: [USF-XSim-61] Executing 'SIMULATE' step in 'C:/Users/caleb/Documents/GitHub/SES-598-Fall-2025/DISTEL_HW13_11302025/hdlverifier_wizard_project/wizprj.sim/sim_1/behav/xsim'
INFO: [USF-XSim-98] *** Running xsim
   with args "design -key {Behavioral:sim_1:Functional:Subsystem} -tclbatch {Subsystem.tcl} -log {simulate.log}"
INFO: [USF-XSim-6] Shared library for snapshot 'design' generated:C:/Users/caleb/Documents/GitHub/SES-598-Fall-2025/DISTEL_HW13_11302025/hdlverifier_wizard_project/wizprj.sim/sim_1/behav/xsim/xsim.dir/design/xsimk.dll
launch_simulation: Time (s): cpu = 00:00:00 ; elapsed = 00:00:20 . Memory (MB): peak = 503.641 ; gain = 5.227
# The xsim.dir must be co-located with the model.
# - save off existing xsim.dir
if {[file exists xsim.dir] == 1} {
    set mtime [file mtime xsim.dir]
    set mtimestamp [clock format $mtime -format %Y%m%d_%H%M%S]
    set xsim_savefile "xsim.dir.$mtimestamp"
    file rename xsim.dir $xsim_savefile
}
# - copy up newly elaborated xsim.dir area from project to the current working directory.
set proj_xsim_dir {hdlverifier_wizard_project/wizprj.sim/sim_1/behav/xsim/xsim.dir}
set proj_mtime [file mtime "$proj_xsim_dir/design"]
file copy -force $proj_xsim_dir .
file mtime xsim.dir $proj_mtime
INFO: [Common 17-206] Exiting Vivado at Mon Dec  1 10:50:29 2025...
