#-----------------------------------------------------------
# Vivado v2024.1 (64-bit)
# SW Build 5076996 on Wed May 22 18:37:14 MDT 2024
# IP Build 5075265 on Wed May 22 21:45:21 MDT 2024
# SharedData Build 5076995 on Wed May 22 18:29:18 MDT 2024
# Start of session at: Mon Dec  1 10:53:02 2025
# Process ID: 31436
# Current directory: C:/Users/caleb/Documents/GitHub/SES-598-Fall-2025/DISTEL_HW13_11302025
# Command line: vivado.exe -mode tcl
# Log file: C:/Users/caleb/Documents/GitHub/SES-598-Fall-2025/DISTEL_HW13_11302025/vivado.log
# Journal file: C:/Users/caleb/Documents/GitHub/SES-598-Fall-2025/DISTEL_HW13_11302025\vivado.jou
# Running On        :LAPTOP-CEB4FDNH
# Platform          :Windows Server 2016 or Windows 10
# Operating System  :26100
# Processor Detail  :Intel(R) Xeon(R) W-10855M CPU @ 2.80GHz
# CPU Frequency     :2808 MHz
# CPU Physical cores:6
# CPU Logical cores :12
# Host memory       :34065 MB
# Swap memory       :12348 MB
# Total Virtual     :46413 MB
# Available Virtual :5090 MB
#-----------------------------------------------------------
open_project hdlverifier_wizard_project/wizprj.xpr
INFO: [ProjectBase 1-489] The host OS only allows 260 characters in a normal path. The project is stored in a path with more than 80 characters. If you experience issues with IP, Block Designs, or files not being found, please consider moving the project to a location with a shorter path. Alternately consider using the OS subst command to map part of the path to a drive letter.
Current project path is 'C:/Users/caleb/Documents/GitHub/SES-598-Fall-2025/DISTEL_HW13_11302025/hdlverifier_wizard_project'
INFO: [filemgmt 56-3] Default IP Output Path : Could not find the directory 'C:/Users/caleb/Documents/GitHub/SES-598-Fall-2025/DISTEL_HW13_11302025/hdlverifier_wizard_project/wizprj.gen/sources_1'.
Scanning sources...
Finished scanning sources
open_project: Time (s): cpu = 00:00:07 ; elapsed = 00:00:08 . Memory (MB): peak = 499.996 ; gain = 198.332
set_property -name {xelab.debug_level} -value {off} -objects [get_filesets sim_1]
set_property -name {xelab.more_options} -value { --timescale 1ps/1ps --override_timeprecision } -objects [get_filesets sim_1]
set_property -name {xelab.dll} -value {1} -objects [get_filesets sim_1]
set_property -name {xelab.snapshot} -value {design} -objects [get_filesets sim_1]
launch_simulation
Command: launch_simulation 
INFO: [Vivado 12-12493] Simulation top is 'Subsystem'
WARNING: [Vivado 12-13340] Unable to auto find GCC executables from simulator install path! (path not set)
INFO: [Vivado 12-5682] Launching behavioral simulation in 'C:/Users/caleb/Documents/GitHub/SES-598-Fall-2025/DISTEL_HW13_11302025/hdlverifier_wizard_project/wizprj.sim/sim_1/behav/xsim'
INFO: [SIM-utils-51] Simulation object is 'sim_1'
INFO: [SIM-utils-72] Using boost library from 'C:/Xilinx/Vivado/2024.1/tps/boost_1_72_0'
INFO: [SIM-utils-54] Inspecting design source files for 'Subsystem' in fileset 'sim_1'...
INFO: [USF-XSim-97] Finding global include files...
INFO: [USF-XSim-98] Fetching design files from 'sim_1'...
INFO: [USF-XSim-2] XSim::Compile design
INFO: [USF-XSim-61] Executing 'COMPILE and ANALYZE' step in 'C:/Users/caleb/Documents/GitHub/SES-598-Fall-2025/DISTEL_HW13_11302025/hdlverifier_wizard_project/wizprj.sim/sim_1/behav/xsim'
"xvhdl --incr --relax -prj Subsystem_vhdl.prj"
INFO: [USF-XSim-69] 'compile' step finished in '2' seconds
INFO: [USF-XSim-3] XSim::Elaborate design
INFO: [USF-XSim-61] Executing 'ELABORATE' step in 'C:/Users/caleb/Documents/GitHub/SES-598-Fall-2025/DISTEL_HW13_11302025/hdlverifier_wizard_project/wizprj.sim/sim_1/behav/xsim'
"xelab --incr --debug off --dll --relax --mt 2 -L xil_defaultlib -L secureip --snapshot design xil_defaultlib.Subsystem -log elaborate.log  --timescale 1ps/1ps --override_timeprecision "
Vivado Simulator v2024.1
Copyright 1986-2022 Xilinx, Inc. All Rights Reserved.
Copyright 2022-2024 Advanced Micro Devices, Inc. All Rights Reserved.
Running: C:/Xilinx/Vivado/2024.1/bin/unwrapped/win64.o/xelab.exe --incr --debug off --dll --relax --mt 2 -L xil_defaultlib -L secureip --snapshot design xil_defaultlib.Subsystem -log elaborate.log --timescale 1ps/1ps --override_timeprecision 
Using 2 slave threads.
Starting static elaboration
Completed static elaboration
INFO: [XSIM 43-4323] No Change in HDL. Linking previously generated obj files to create kernel
run_program: Time (s): cpu = 00:00:00 ; elapsed = 00:00:06 . Memory (MB): peak = 504.230 ; gain = 0.000
INFO: [USF-XSim-69] 'elaborate' step finished in '5' seconds
INFO: [USF-XSim-4] XSim::Simulate design
INFO: [USF-XSim-61] Executing 'SIMULATE' step in 'C:/Users/caleb/Documents/GitHub/SES-598-Fall-2025/DISTEL_HW13_11302025/hdlverifier_wizard_project/wizprj.sim/sim_1/behav/xsim'
INFO: [USF-XSim-98] *** Running xsim
   with args "design -key {Behavioral:sim_1:Functional:Subsystem} -tclbatch {Subsystem.tcl} -log {simulate.log}"
INFO: [USF-XSim-6] Shared library for snapshot 'design' generated:C:/Users/caleb/Documents/GitHub/SES-598-Fall-2025/DISTEL_HW13_11302025/hdlverifier_wizard_project/wizprj.sim/sim_1/behav/xsim/xsim.dir/design/xsimk.dll
launch_simulation: Time (s): cpu = 00:00:01 ; elapsed = 00:00:12 . Memory (MB): peak = 504.230 ; gain = 4.234
# The xsim.dir must be co-located with the model.
# - save off existing xsim.dir
if {[file exists xsim.dir] == 1} {
    set mtime [file mtime xsim.dir]
    set mtimestamp [clock format $mtime -format %Y%m%d_%H%M%S]
    set xsim_savefile "xsim.dir.$mtimestamp"
    file rename xsim.dir $xsim_savefile
}
# - copy up newly elaborated xsim.dir area from project to the current working directory.
set proj_xsim_dir {hdlverifier_wizard_project/wizprj.sim/sim_1/behav/xsim/xsim.dir}
set proj_mtime [file mtime "$proj_xsim_dir/design"]
file copy -force $proj_xsim_dir .
file mtime xsim.dir $proj_mtime
INFO: [Common 17-206] Exiting Vivado at Mon Dec  1 10:53:25 2025...
