Vivado Simulator v2024.1
Copyright 1986-2022 Xilinx, Inc. All Rights Reserved.
Copyright 2022-2024 Advanced Micro Devices, Inc. All Rights Reserved.
Running: C:\Xilinx\Vivado\2024.1\bin\unwrapped\win64.o\xelab.exe Digital_Spectrometer_from_Chirp_DDC --timeprecision_vhdl 1ps --override_timeprecision -dll --snapshot design -debug wave 
Multi-threading is on. Using 10 slave threads.
Starting static elaboration
Completed static elaboration
Starting simulation data flow analysis
Completed simulation data flow analysis
Time Resolution for simulation is 1ps
Compiling package std.standard
Compiling package std.textio
Compiling package ieee.std_logic_1164
Compiling package ieee.numeric_std
Compiling package work.digital_spectrometer_from_chirp_...
Compiling architecture rtl of entity work.Digital_Spectrometer_from_Chirp_DDC_tc [digital_spectrometer_from_chirp_...]
Compiling architecture rtl of entity work.Increment_Real_World [increment_real_world_default]
Compiling architecture rtl of entity work.Wrap_To_Zero [wrap_to_zero_default]
Compiling architecture rtl of entity work.Counter_Limited [counter_limited_default]
Compiling architecture rtl of entity work.DitherGen [dithergen_default]
Compiling architecture rtl of entity work.LookUpTableGen [lookuptablegen_default]
Compiling architecture rtl of entity work.WaveformGen [waveformgen_default]
Compiling architecture rtl of entity work.NCO1 [nco1_default]
Compiling architecture rtl of entity work.Chirp [chirp_default]
Compiling architecture rtl of entity work.DitherGen_block [dithergen_block_default]
Compiling architecture rtl of entity work.LookUpTableGen_block [lookuptablegen_block_default]
Compiling architecture rtl of entity work.WaveformGen_block [waveformgen_block_default]
Compiling architecture rtl of entity work.LO [lo_default]
Compiling architecture rtl of entity work.LPF [lpf_default]
Compiling architecture rtl of entity work.DDC [ddc_default]
Compiling architecture rtl of entity work.RADIX22FFT_CTRL1_1 [radix22fft_ctrl1_1_default]
Compiling architecture rtl of entity work.SimpleDualPortRAM_generic [\SimpleDualPortRAM_generic(addrw...]
Compiling architecture rtl of entity work.SimpleDualPortRAM_generic [\SimpleDualPortRAM_generic(addrw...]
Compiling architecture rtl of entity work.SDFCommutator1 [sdfcommutator1_default]
Compiling architecture rtl of entity work.RADIX22FFT_SDF1_1 [radix22fft_sdf1_1_default]
Compiling architecture rtl of entity work.RADIX22FFT_CTRL1_2 [radix22fft_ctrl1_2_default]
Compiling architecture rtl of entity work.SimpleDualPortRAM_generic [\SimpleDualPortRAM_generic(addrw...]
Compiling architecture rtl of entity work.SimpleDualPortRAM_generic [\SimpleDualPortRAM_generic(addrw...]
Compiling architecture rtl of entity work.SDFCommutator2 [sdfcommutator2_default]
Compiling architecture rtl of entity work.RADIX22FFT_SDF2_2 [radix22fft_sdf2_2_default]
Compiling architecture rtl of entity work.TWDLROM_3_1 [twdlrom_3_1_default]
Compiling architecture rtl of entity work.RADIX22FFT_CTRL1_3 [radix22fft_ctrl1_3_default]
Compiling architecture rtl of entity work.Complex4Multiply [complex4multiply_default]
Compiling architecture rtl of entity work.SimpleDualPortRAM_generic [\SimpleDualPortRAM_generic(addrw...]
Compiling architecture rtl of entity work.SimpleDualPortRAM_generic [\SimpleDualPortRAM_generic(addrw...]
Compiling architecture rtl of entity work.SDFCommutator3 [sdfcommutator3_default]
Compiling architecture rtl of entity work.RADIX22FFT_SDF1_3 [radix22fft_sdf1_3_default]
Compiling architecture rtl of entity work.RADIX22FFT_CTRL1_4 [radix22fft_ctrl1_4_default]
Compiling architecture rtl of entity work.SimpleDualPortRAM_generic [\SimpleDualPortRAM_generic(addrw...]
Compiling architecture rtl of entity work.SimpleDualPortRAM_generic [\SimpleDualPortRAM_generic(addrw...]
Compiling architecture rtl of entity work.SDFCommutator4 [sdfcommutator4_default]
Compiling architecture rtl of entity work.RADIX22FFT_SDF2_4 [radix22fft_sdf2_4_default]
Compiling architecture rtl of entity work.TWDLROM_5_1 [twdlrom_5_1_default]
Compiling architecture rtl of entity work.RADIX22FFT_CTRL1_5 [radix22fft_ctrl1_5_default]
Compiling architecture rtl of entity work.Complex4Multiply_block [complex4multiply_block_default]
Compiling architecture rtl of entity work.SimpleDualPortRAM_generic [\SimpleDualPortRAM_generic(addrw...]
Compiling architecture rtl of entity work.SimpleDualPortRAM_generic [\SimpleDualPortRAM_generic(addrw...]
Compiling architecture rtl of entity work.SDFCommutator5 [sdfcommutator5_default]
Compiling architecture rtl of entity work.RADIX22FFT_SDF1_5 [radix22fft_sdf1_5_default]
Compiling architecture rtl of entity work.RADIX22FFT_CTRL1_6 [radix22fft_ctrl1_6_default]
Compiling architecture rtl of entity work.SimpleDualPortRAM_generic [\SimpleDualPortRAM_generic(addrw...]
Compiling architecture rtl of entity work.SDFCommutator6 [sdfcommutator6_default]
Compiling architecture rtl of entity work.RADIX22FFT_SDF2_6 [radix22fft_sdf2_6_default]
Compiling architecture rtl of entity work.TWDLROM_7_1 [twdlrom_7_1_default]
Compiling architecture rtl of entity work.RADIX22FFT_CTRL1_7 [radix22fft_ctrl1_7_default]
Compiling architecture rtl of entity work.Complex4Multiply_block1 [complex4multiply_block1_default]
Compiling architecture rtl of entity work.SimpleDualPortRAM_generic [\SimpleDualPortRAM_generic(addrw...]
Compiling architecture rtl of entity work.SimpleDualPortRAM_generic [\SimpleDualPortRAM_generic(addrw...]
Compiling architecture rtl of entity work.SDFCommutator7 [sdfcommutator7_default]
Compiling architecture rtl of entity work.RADIX22FFT_SDF1_7 [radix22fft_sdf1_7_default]
Compiling architecture rtl of entity work.RADIX22FFT_CTRL1_8 [radix22fft_ctrl1_8_default]
Compiling architecture rtl of entity work.SimpleDualPortRAM_generic [\SimpleDualPortRAM_generic(addrw...]
Compiling architecture rtl of entity work.SDFCommutator8 [sdfcommutator8_default]
Compiling architecture rtl of entity work.RADIX22FFT_SDF2_8 [radix22fft_sdf2_8_default]
Compiling architecture rtl of entity work.TWDLROM_9_1 [twdlrom_9_1_default]
Compiling architecture rtl of entity work.RADIX22FFT_CTRL1_1_block [radix22fft_ctrl1_1_block_default]
Compiling architecture rtl of entity work.Complex4Multiply_block2 [complex4multiply_block2_default]
Compiling architecture rtl of entity work.SimpleDualPortRAM_generic [\SimpleDualPortRAM_generic(addrw...]
Compiling architecture rtl of entity work.SDFCommutator9 [sdfcommutator9_default]
Compiling architecture rtl of entity work.RADIX22FFT_SDF1_9 [radix22fft_sdf1_9_default]
Compiling architecture rtl of entity work.SimpleDualPortRAM_generic [\SimpleDualPortRAM_generic(addrw...]
Compiling architecture rtl of entity work.RADIX2FFT_bitNatural [radix2fft_bitnatural_default]
Compiling architecture rtl of entity work.alpha512_pt_FFT [alpha512_pt_fft_default]
Compiling architecture rtl of entity work.Quadrant_Mapper [quadrant_mapper_default]
Compiling architecture rtl of entity work.CordicKernelMag [cordickernelmag_default]
Compiling architecture rtl of entity work.CordicKernelMag_block [cordickernelmag_block_default]
Compiling architecture rtl of entity work.CordicKernelMag_block1 [cordickernelmag_block1_default]
Compiling architecture rtl of entity work.CordicKernelMag_block2 [cordickernelmag_block2_default]
Compiling architecture rtl of entity work.CordicKernelMag_block3 [cordickernelmag_block3_default]
Compiling architecture rtl of entity work.CordicKernelMag_block4 [cordickernelmag_block4_default]
Compiling architecture rtl of entity work.CordicKernelMag_block5 [cordickernelmag_block5_default]
Compiling architecture rtl of entity work.CordicKernelMag_block6 [cordickernelmag_block6_default]
Compiling architecture rtl of entity work.CordicKernelMag_block7 [cordickernelmag_block7_default]
Compiling architecture rtl of entity work.CordicKernelMag_block8 [cordickernelmag_block8_default]
Compiling architecture rtl of entity work.CordicKernelMag_block9 [cordickernelmag_block9_default]
Compiling architecture rtl of entity work.CordicKernelMag_block10 [cordickernelmag_block10_default]
Compiling architecture rtl of entity work.CordicKernelMag_block11 [cordickernelmag_block11_default]
Compiling architecture rtl of entity work.CordicKernelMag_block12 [cordickernelmag_block12_default]
Compiling architecture rtl of entity work.CordicKernelMag_block13 [cordickernelmag_block13_default]
Compiling architecture rtl of entity work.CordicKernelMag_block14 [cordickernelmag_block14_default]
Compiling architecture rtl of entity work.CordicKernelMag_block15 [cordickernelmag_block15_default]
Compiling architecture rtl of entity work.CordicKernelMag_block16 [cordickernelmag_block16_default]
Compiling architecture rtl of entity work.CordicKernelMag_block17 [cordickernelmag_block17_default]
Compiling architecture rtl of entity work.CordicKernelMag_block18 [cordickernelmag_block18_default]
Compiling architecture rtl of entity work.CordicKernelMag_block19 [cordickernelmag_block19_default]
Compiling architecture rtl of entity work.CordicKernelMag_block20 [cordickernelmag_block20_default]
Compiling architecture rtl of entity work.CordicKernelMag_block21 [cordickernelmag_block21_default]
Compiling architecture rtl of entity work.CordicKernelMag_block22 [cordickernelmag_block22_default]
Compiling architecture rtl of entity work.SimpleDualPortRAM_generic [\SimpleDualPortRAM_generic(addrw...]
Compiling architecture rtl of entity work.Spectral_Averager [spectral_averager_default]
Compiling architecture rtl of entity work.Digital_Spectrometer [digital_spectrometer_default]
Compiling architecture rtl of entity work.digital_spectrometer_from_chirp_...
Built XSI simulation shared library xsim.dir/design/xsimk.dll
